Archive member included to satisfy reference by file (symbol)

/home/thiago/.pico-sdk/toolchain/13_3_Rel1/bin/../lib/gcc/arm-none-eabi/13.3.1/thumb/v6-m/nofp/libgcc.a(_dvmd_tls.o)
                              CMakeFiles/PF_2_embarcatech.dir/home/thiago/.pico-sdk/sdk/2.1.0/src/rp2_common/pico_divider/divider_hardware.S.o (__aeabi_idiv0)
/home/thiago/.pico-sdk/toolchain/13_3_Rel1/bin/../lib/gcc/arm-none-eabi/13.3.1/../../../../arm-none-eabi/lib/thumb/v6-m/nofp/libg.a(libc_a-strlen-stub.o)
                              CMakeFiles/PF_2_embarcatech.dir/home/thiago/.pico-sdk/sdk/2.1.0/src/rp2_common/pico_stdio/stdio.c.o (strlen)
/home/thiago/.pico-sdk/toolchain/13_3_Rel1/bin/../lib/gcc/arm-none-eabi/13.3.1/../../../../arm-none-eabi/lib/thumb/v6-m/nofp/libg.a(libc_a-strncmp.o)
                              CMakeFiles/PF_2_embarcatech.dir/home/thiago/.pico-sdk/sdk/2.1.0/lib/lwip/src/core/def.c.o (strncmp)
/home/thiago/.pico-sdk/toolchain/13_3_Rel1/bin/../lib/gcc/arm-none-eabi/13.3.1/../../../../arm-none-eabi/lib/thumb/v6-m/nofp/libg.a(libc_a-malloc.o)
                              CMakeFiles/PF_2_embarcatech.dir/home/thiago/.pico-sdk/sdk/2.1.0/src/rp2_common/pico_malloc/malloc.c.o (malloc)
/home/thiago/.pico-sdk/toolchain/13_3_Rel1/bin/../lib/gcc/arm-none-eabi/13.3.1/../../../../arm-none-eabi/lib/thumb/v6-m/nofp/libg.a(libc_a-mallocr.o)
                              /home/thiago/.pico-sdk/toolchain/13_3_Rel1/bin/../lib/gcc/arm-none-eabi/13.3.1/../../../../arm-none-eabi/lib/thumb/v6-m/nofp/libg.a(libc_a-malloc.o) (_malloc_r)
/home/thiago/.pico-sdk/toolchain/13_3_Rel1/bin/../lib/gcc/arm-none-eabi/13.3.1/../../../../arm-none-eabi/lib/thumb/v6-m/nofp/libg.a(libc_a-lcltime_r.o)
                              CMakeFiles/PF_2_embarcatech.dir/home/thiago/.pico-sdk/sdk/2.1.0/src/common/pico_util/datetime.c.o (localtime_r)
/home/thiago/.pico-sdk/toolchain/13_3_Rel1/bin/../lib/gcc/arm-none-eabi/13.3.1/../../../../arm-none-eabi/lib/thumb/v6-m/nofp/libg.a(libc_a-sbrkr.o)
                              /home/thiago/.pico-sdk/toolchain/13_3_Rel1/bin/../lib/gcc/arm-none-eabi/13.3.1/../../../../arm-none-eabi/lib/thumb/v6-m/nofp/libg.a(libc_a-mallocr.o) (_sbrk_r)
/home/thiago/.pico-sdk/toolchain/13_3_Rel1/bin/../lib/gcc/arm-none-eabi/13.3.1/../../../../arm-none-eabi/lib/thumb/v6-m/nofp/libg.a(libc_a-mktime.o)
                              CMakeFiles/PF_2_embarcatech.dir/home/thiago/.pico-sdk/sdk/2.1.0/src/common/pico_util/datetime.c.o (mktime)
/home/thiago/.pico-sdk/toolchain/13_3_Rel1/bin/../lib/gcc/arm-none-eabi/13.3.1/../../../../arm-none-eabi/lib/thumb/v6-m/nofp/libg.a(libc_a-month_lengths.o)
                              /home/thiago/.pico-sdk/toolchain/13_3_Rel1/bin/../lib/gcc/arm-none-eabi/13.3.1/../../../../arm-none-eabi/lib/thumb/v6-m/nofp/libg.a(libc_a-lcltime_r.o) (__month_lengths)
/home/thiago/.pico-sdk/toolchain/13_3_Rel1/bin/../lib/gcc/arm-none-eabi/13.3.1/../../../../arm-none-eabi/lib/thumb/v6-m/nofp/libg.a(libc_a-tzcalc_limits.o)
                              /home/thiago/.pico-sdk/toolchain/13_3_Rel1/bin/../lib/gcc/arm-none-eabi/13.3.1/../../../../arm-none-eabi/lib/thumb/v6-m/nofp/libg.a(libc_a-lcltime_r.o) (__tzcalc_limits)
/home/thiago/.pico-sdk/toolchain/13_3_Rel1/bin/../lib/gcc/arm-none-eabi/13.3.1/../../../../arm-none-eabi/lib/thumb/v6-m/nofp/libg.a(libc_a-tzlock.o)
                              /home/thiago/.pico-sdk/toolchain/13_3_Rel1/bin/../lib/gcc/arm-none-eabi/13.3.1/../../../../arm-none-eabi/lib/thumb/v6-m/nofp/libg.a(libc_a-lcltime_r.o) (__tz_lock)
/home/thiago/.pico-sdk/toolchain/13_3_Rel1/bin/../lib/gcc/arm-none-eabi/13.3.1/../../../../arm-none-eabi/lib/thumb/v6-m/nofp/libg.a(libc_a-tzset.o)
                              /home/thiago/.pico-sdk/toolchain/13_3_Rel1/bin/../lib/gcc/arm-none-eabi/13.3.1/../../../../arm-none-eabi/lib/thumb/v6-m/nofp/libg.a(libc_a-lcltime_r.o) (_tzset_unlocked)
/home/thiago/.pico-sdk/toolchain/13_3_Rel1/bin/../lib/gcc/arm-none-eabi/13.3.1/../../../../arm-none-eabi/lib/thumb/v6-m/nofp/libg.a(libc_a-mlock.o)
                              /home/thiago/.pico-sdk/toolchain/13_3_Rel1/bin/../lib/gcc/arm-none-eabi/13.3.1/../../../../arm-none-eabi/lib/thumb/v6-m/nofp/libg.a(libc_a-mallocr.o) (__malloc_lock)
/home/thiago/.pico-sdk/toolchain/13_3_Rel1/bin/../lib/gcc/arm-none-eabi/13.3.1/../../../../arm-none-eabi/lib/thumb/v6-m/nofp/libg.a(libc_a-atoi.o)
                              CMakeFiles/PF_2_embarcatech.dir/home/thiago/.pico-sdk/sdk/2.1.0/lib/lwip/src/core/netif.c.o (atoi)
/home/thiago/.pico-sdk/toolchain/13_3_Rel1/bin/../lib/gcc/arm-none-eabi/13.3.1/../../../../arm-none-eabi/lib/thumb/v6-m/nofp/libg.a(libc_a-calloc.o)
                              CMakeFiles/PF_2_embarcatech.dir/home/thiago/.pico-sdk/sdk/2.1.0/src/rp2_common/pico_malloc/malloc.c.o (calloc)
/home/thiago/.pico-sdk/toolchain/13_3_Rel1/bin/../lib/gcc/arm-none-eabi/13.3.1/../../../../arm-none-eabi/lib/thumb/v6-m/nofp/libg.a(libc_a-memcmp.o)
[...]
Memory Configuration

Name             Origin             Length             Attributes
FLASH            0x10000000         0x00200000         xr
RAM              0x20000000         0x00040000         xrw
SCRATCH_X        0x20040000         0x00001000         xrw
SCRATCH_Y        0x20041000         0x00001000         xrw
*default*        0x00000000         0xffffffff

Linker script and memory map

LOAD /home/thiago/.pico-sdk/toolchain/13_3_Rel1/bin/../lib/gcc/arm-none-eabi/13.3.1/thumb/v6-m/nofp/crti.o
LOAD /home/thiago/.pico-sdk/toolchain/13_3_Rel1/bin/../lib/gcc/arm-none-eabi/13.3.1/thumb/v6-m/nofp/crtbegin.o
LOAD /home/thiago/.pico-sdk/toolchain/13_3_Rel1/bin/../lib/gcc/arm-none-eabi/13.3.1/../../../../arm-none-eabi/lib/thumb/v6-m/nofp/crt0.o

.flash_begin    0x10000000        0x0
                0x10000000                        __flash_binary_start = .

.boot2          0x10000000      0x100
                0x10000000                        __boot2_start__ = .
 *(.boot2)
 .boot2         0x10000000      0x100 pico-sdk/src/rp2040/boot_stage2/CMakeFiles/bs2_default_library.dir/./bs2_default_padded_checksummed.S.o
                0x10000100                        __boot2_end__ = .
                0x00000001                        ASSERT (((__boot2_end__ - __boot2_start__) == 0x100), ERROR: Pico second stage bootloader must be 256 bytes in size)

.text           0x10000100    0x177bc
                0x10000100                        __logical_binary_start = .
 *(.vectors)
 .vectors       0x10000100       0xd4 CMakeFiles/PF_2_embarcatech.dir/home/thiago/.pico-sdk/sdk/2.1.0/src/rp2_common/pico_crt0/crt0.S.o
                0x10000100                __vectors
                0x10000100                __VECTOR_TABLE
                0x100001c0                isr_invalid
                0x100001c0                __default_isrs_start
                0x100001c2                isr_nmi
                0x100001c4                isr_hardfault
                0x100001c6                isr_svcall
                0x100001c8                isr_pendsv
                0x100001ca                isr_systick
                0x100001cc                isr_irq30
                0x100001cc                __unhandled_user_irq
                0x100001cc                isr_irq13
                0x100001cc                isr_irq27
                0x100001cc                isr_irq31
                0x100001cc                isr_irq5
                0x100001cc                isr_irq11
                0x100001cc                isr_irq23
                0x100001cc                isr_irq18
                0x100001cc                isr_irq28
                0x100001cc                isr_irq19
                0x100001cc                isr_irq0
                0x100001cc                isr_irq6
                0x100001cc                isr_irq22
                0x100001cc                isr_irq17
                0x100001cc                isr_irq14
                0x100001cc                isr_irq2
                0x100001cc                isr_irq10
                0x100001cc                isr_irq8
                0x100001cc                isr_irq24
                0x100001cc                isr_irq1
                0x100001cc                isr_irq7
                0x100001cc                isr_irq21
                0x100001cc                isr_irq20
                0x100001cc                isr_irq15
                0x100001cc                isr_irq25
                0x100001cc                isr_irq4
                0x100001cc                isr_irq16
                0x100001cc                isr_irq29
                0x100001cc                isr_irq26
                0x100001cc                __default_isrs_end
                0x100001cc                isr_irq3
                0x100001cc                isr_irq12
                0x100001cc                isr_irq9
                0x100001d2                unhandled_user_irq_num_in_r0
 *(.binary_info_header)
 .binary_info_header
                0x100001d4       0x14 CMakeFiles/PF_2_embarcatech.dir/home/thiago/.pico-sdk/sdk/2.1.0/src/rp2_common/pico_crt0/crt0.S.o
                0x100001e8                        __binary_info_header_end = .
 *(.embedded_block)
                0x100001e8                        __embedded_block_end = .
 *(.reset)
 .reset         0x100001e8       0x9c CMakeFiles/PF_2_embarcatech.dir/home/thiago/.pico-sdk/sdk/2.1.0/src/rp2_common/pico_crt0/crt0.S.o
                0x100001e8                _entry_point
 *(.init)
 .init          0x10000284        0x4 /home/thiago/.pico-sdk/toolchain/13_3_Rel1/bin/../lib/gcc/arm-none-eabi/13.3.1/thumb/v6-m/nofp/crti.o
                0x10000284                _init
 *(EXCLUDE_FILE(*libm.a: *libc.a:*lib_a-mem*.o *libgcc.a:) .text*)
 .text.register_tm_clones
                0x10000288       0x28 /home/thiago/.pico-sdk/toolchain/13_3_Rel1/bin/../lib/gcc/arm-none-eabi/13.3.1/thumb/v6-m/nofp/crtbegin.o
 .text.frame_dummy
                0x100002b0       0x24 /home/thiago/.pico-sdk/toolchain/13_3_Rel1/bin/../lib/gcc/arm-none-eabi/13.3.1/thumb/v6-m/nofp/crtbegin.o
 .text.scan_callback
                0x100002d4       0x28 CMakeFiles/PF_2_embarcatech.dir/PF_2_embarcatech.c.o
 .text.repeating_timer_callback
                0x100002fc       0x78 CMakeFiles/PF_2_embarcatech.dir/PF_2_embarcatech.c.o
                0x100002fc                repeating_timer_callback
 .text.ws2818b_program_init
                0x10000374       0xdc CMakeFiles/PF_2_embarcatech.dir/PF_2_embarcatech.c.o
                0x10000374                ws2818b_program_init
 .text.npInit   0x10000450       0xf0 CMakeFiles/PF_2_embarcatech.dir/PF_2_embarcatech.c.o
                0x10000450                npInit
 .text.npWrite  0x10000540       0x68 CMakeFiles/PF_2_embarcatech.dir/PF_2_embarcatech.c.o
                0x10000540                npWrite
 .text.start_Matrix
                0x100005a8      0x234 CMakeFiles/PF_2_embarcatech.dir/PF_2_embarcatech.c.o
                0x100005a8                start_Matrix
 .text.mic_setup
                0x100007dc       0xb4 CMakeFiles/PF_2_embarcatech.dir/PF_2_embarcatech.c.o
                0x100007dc                mic_setup
 .text.oled_setup
                0x10000890       0x58 CMakeFiles/PF_2_embarcatech.dir/PF_2_embarcatech.c.o
                0x10000890                oled_setup
 .text.wifi_setup
                0x100008e8       0x74 CMakeFiles/PF_2_embarcatech.dir/PF_2_embarcatech.c.o
                0x100008e8                wifi_setup
 .text.startup.main
                0x1000095c      0x1d8 CMakeFiles/PF_2_embarcatech.dir/PF_2_embarcatech.c.o
                0x1000095c                main
 .text.connecte_oled
                0x10000b34       0x70 CMakeFiles/PF_2_embarcatech.dir/display_oled.c.o
                0x10000b34                connecte_oled
 .text.calculate_render_area_buffer_length
                0x10000ba4       0x18 CMakeFiles/PF_2_embarcatech.dir/inc/ssd1306_i2c.c.o
                0x10000ba4                calculate_render_area_buffer_length
 .text.ssd1306_init
                0x10000bbc       0x58 CMakeFiles/PF_2_embarcatech.dir/inc/ssd1306_i2c.c.o
                0x10000bbc                ssd1306_init
 .text.render_on_display
                0x10000c14       0x98 CMakeFiles/PF_2_embarcatech.dir/inc/ssd1306_i2c.c.o
                0x10000c14                render_on_display
 .text.ssd1306_draw_string
                0x10000cac       0xd8 CMakeFiles/PF_2_embarcatech.dir/inc/ssd1306_i2c.c.o
                0x10000cac                ssd1306_draw_string
 .text.gpio_set_function
                0x10000d84       0x34 CMakeFiles/PF_2_embarcatech.dir/home/thiago/.pico-sdk/sdk/2.1.0/src/rp2_common/hardware_gpio/gpio.c.o
                0x10000d84                gpio_set_function
 .text.gpio_set_pulls
                0x10000db8       0x28 CMakeFiles/PF_2_embarcatech.dir/home/thiago/.pico-sdk/sdk/2.1.0/src/rp2_common/hardware_gpio/gpio.c.o
                0x10000db8                gpio_set_pulls
 .text.gpio_set_input_hysteresis_enabled
                0x10000de0       0x28 CMakeFiles/PF_2_embarcatech.dir/home/thiago/.pico-sdk/sdk/2.1.0/src/rp2_common/hardware_gpio/gpio.c.o
                0x10000de0                gpio_set_input_hysteresis_enabled
 .text.gpio_set_irq_enabled
                0x10000e08       0x58 CMakeFiles/PF_2_embarcatech.dir/home/thiago/.pico-sdk/sdk/2.1.0/src/rp2_common/hardware_gpio/gpio.c.o
                0x10000e08                gpio_set_irq_enabled
 .text.gpio_add_raw_irq_handler_with_order_priority_masked
                0x10000e60       0x44 CMakeFiles/PF_2_embarcatech.dir/home/thiago/.pico-sdk/sdk/2.1.0/src/rp2_common/hardware_gpio/gpio.c.o
                0x10000e60                gpio_add_raw_irq_handler_with_order_priority_masked
 .text.gpio_remove_raw_irq_handler_masked
                0x10000ea4       0x20 CMakeFiles/PF_2_embarcatech.dir/home/thiago/.pico-sdk/sdk/2.1.0/src/rp2_common/hardware_gpio/gpio.c.o
                0x10000ea4                gpio_remove_raw_irq_handler_masked
 .text.gpio_set_input_enabled
                0x10000ec4       0x28 CMakeFiles/PF_2_embarcatech.dir/home/thiago/.pico-sdk/sdk/2.1.0/src/rp2_common/hardware_gpio/gpio.c.o
                0x10000ec4                gpio_set_input_enabled
 .text.gpio_init
                0x10000eec       0x40 CMakeFiles/PF_2_embarcatech.dir/home/thiago/.pico-sdk/sdk/2.1.0/src/rp2_common/hardware_gpio/gpio.c.o
                0x10000eec                gpio_init
 .text.rp2040_chip_version
                0x10000f2c        0xc CMakeFiles/PF_2_embarcatech.dir/home/thiago/.pico-sdk/sdk/2.1.0/src/rp2040/pico_platform/platform.c.o
                0x10000f2c                rp2040_chip_version
 .text.panic    0x10000f38       0x30 CMakeFiles/PF_2_embarcatech.dir/home/thiago/.pico-sdk/sdk/2.1.0/src/rp2_common/pico_platform_panic/panic.c.o
                0x10000f38                panic
 .text.hw_claim_lock
                0x10000f68       0x18 CMakeFiles/PF_2_embarcatech.dir/home/thiago/.pico-sdk/sdk/2.1.0/src/common/hardware_claim/claim.c.o
                0x10000f68                hw_claim_lock
 .text.hw_claim_unlock
                0x10000f80       0x14 CMakeFiles/PF_2_embarcatech.dir/home/thiago/.pico-sdk/sdk/2.1.0/src/common/hardware_claim/claim.c.o
                0x10000f80                hw_claim_unlock
 .text.hw_claim_or_assert
                0x10000f94       0x44 CMakeFiles/PF_2_embarcatech.dir/home/thiago/.pico-sdk/sdk/2.1.0/src/common/hardware_claim/claim.c.o
                0x10000f94                hw_claim_or_assert
 .text.hw_claim_unused_from_range
                0x10000fd8       0x9c CMakeFiles/PF_2_embarcatech.dir/home/thiago/.pico-sdk/sdk/2.1.0/src/common/hardware_claim/claim.c.o
                0x10000fd8                hw_claim_unused_from_range
 .text.hw_claim_clear
                0x10001074       0x38 CMakeFiles/PF_2_embarcatech.dir/home/thiago/.pico-sdk/sdk/2.1.0/src/common/hardware_claim/claim.c.o
                0x10001074                hw_claim_clear
 .text.next_striped_spin_lock_num
                0x100010ac       0x18 CMakeFiles/PF_2_embarcatech.dir/home/thiago/.pico-sdk/sdk/2.1.0/src/rp2_common/hardware_sync/sync.c.o
                0x100010ac                next_striped_spin_lock_num
 .text.spin_lock_claim_unused
                0x100010c4       0x24 CMakeFiles/PF_2_embarcatech.dir/home/thiago/.pico-sdk/sdk/2.1.0/src/rp2_common/hardware_sync/sync.c.o
                0x100010c4                spin_lock_claim_unused
 .text.spin_locks_reset
                0x100010e8       0x1c CMakeFiles/PF_2_embarcatech.dir/home/thiago/.pico-sdk/sdk/2.1.0/src/rp2_common/hardware_sync_spin_lock/sync_spin_lock.c.o
                0x100010e8                spin_locks_reset
 .text.runtime_init_per_core_irq_priorities
                0x10001104       0x24 CMakeFiles/PF_2_embarcatech.dir/home/thiago/.pico-sdk/sdk/2.1.0/src/rp2_common/hardware_irq/irq.c.o
                0x10001104                runtime_init_per_core_irq_priorities
 .text.irq_set_enabled
                0x10001128       0x24 CMakeFiles/PF_2_embarcatech.dir/home/thiago/.pico-sdk/sdk/2.1.0/src/rp2_common/hardware_irq/irq.c.o
                0x10001128                irq_set_enabled
 .text.irq_is_enabled
                0x1000114c       0x18 CMakeFiles/PF_2_embarcatech.dir/home/thiago/.pico-sdk/sdk/2.1.0/src/rp2_common/hardware_irq/irq.c.o
                0x1000114c                irq_is_enabled
 .text.irq_set_pending
                0x10001164       0x10 CMakeFiles/PF_2_embarcatech.dir/home/thiago/.pico-sdk/sdk/2.1.0/src/rp2_common/hardware_irq/irq.c.o
                0x10001164                irq_set_pending
 .text.irq_has_shared_handler
                0x10001174       0x2c CMakeFiles/PF_2_embarcatech.dir/home/thiago/.pico-sdk/sdk/2.1.0/src/rp2_common/hardware_irq/irq.c.o
                0x10001174                irq_has_shared_handler
 .text.irq_set_exclusive_handler
                0x100011a0       0x54 CMakeFiles/PF_2_embarcatech.dir/home/thiago/.pico-sdk/sdk/2.1.0/src/rp2_common/hardware_irq/irq.c.o
                0x100011a0                irq_set_exclusive_handler
 .text.irq_add_shared_handler
                0x100011f4      0x1f4 CMakeFiles/PF_2_embarcatech.dir/home/thiago/.pico-sdk/sdk/2.1.0/src/rp2_common/hardware_irq/irq.c.o
                0x100011f4                irq_add_shared_handler
 .text.irq_remove_handler
                0x100013e8      0x1d4 CMakeFiles/PF_2_embarcatech.dir/home/thiago/.pico-sdk/sdk/2.1.0/src/rp2_common/hardware_irq/irq.c.o
                0x100013e8                irq_remove_handler
 .text.irq_set_priority
                0x100015bc       0x28 CMakeFiles/PF_2_embarcatech.dir/home/thiago/.pico-sdk/sdk/2.1.0/src/rp2_common/hardware_irq/irq.c.o
                0x100015bc                irq_set_priority
 .text.irq_add_tail_to_free_list
                0x100015e4       0xb4 CMakeFiles/PF_2_embarcatech.dir/home/thiago/.pico-sdk/sdk/2.1.0/src/rp2_common/hardware_irq/irq.c.o
                0x100015e4                irq_add_tail_to_free_list
 .text.user_irq_unclaim
                0x10001698       0x14 CMakeFiles/PF_2_embarcatech.dir/home/thiago/.pico-sdk/sdk/2.1.0/src/rp2_common/hardware_irq/irq.c.o
                0x10001698                user_irq_unclaim
 .text.user_irq_claim_unused
                0x100016ac       0x2c CMakeFiles/PF_2_embarcatech.dir/home/thiago/.pico-sdk/sdk/2.1.0/src/rp2_common/hardware_irq/irq.c.o
                0x100016ac                user_irq_claim_unused
 .text.sem_init
                0x100016d8       0x20 CMakeFiles/PF_2_embarcatech.dir/home/thiago/.pico-sdk/sdk/2.1.0/src/common/pico_sync/sem.c.o
                0x100016d8                sem_init
 .text.lock_init
                0x100016f8       0x10 CMakeFiles/PF_2_embarcatech.dir/home/thiago/.pico-sdk/sdk/2.1.0/src/common/pico_sync/lock_core.c.o
                0x100016f8                lock_init
 .text.runtime_init_mutex
                0x10001708       0x50 CMakeFiles/PF_2_embarcatech.dir/home/thiago/.pico-sdk/sdk/2.1.0/src/common/pico_sync/mutex.c.o
                0x10001708                runtime_init_mutex
 .text.mutex_init
                0x10001758       0x1c CMakeFiles/PF_2_embarcatech.dir/home/thiago/.pico-sdk/sdk/2.1.0/src/common/pico_sync/mutex.c.o
                0x10001758                mutex_init
 .text.recursive_mutex_init
                0x10001774       0x1c CMakeFiles/PF_2_embarcatech.dir/home/thiago/.pico-sdk/sdk/2.1.0/src/common/pico_sync/mutex.c.o
                0x10001774                recursive_mutex_init
 .text.critical_section_init
                0x10001790       0x1c CMakeFiles/PF_2_embarcatech.dir/home/thiago/.pico-sdk/sdk/2.1.0/src/common/pico_sync/critical_section.c.o
                0x10001790                critical_section_init
 .text.critical_section_init_with_lock_num
                0x100017ac       0x14 CMakeFiles/PF_2_embarcatech.dir/home/thiago/.pico-sdk/sdk/2.1.0/src/common/pico_sync/critical_section.c.o
                0x100017ac                critical_section_init_with_lock_num
 .text.sleep_until_callback
                0x100017c0       0x30 CMakeFiles/PF_2_embarcatech.dir/home/thiago/.pico-sdk/sdk/2.1.0/src/common/pico_time/time.c.o
 .text.alarm_pool_irq_handler
                0x100017f0      0x2fc CMakeFiles/PF_2_embarcatech.dir/home/thiago/.pico-sdk/sdk/2.1.0/src/common/pico_time/time.c.o
 .text.runtime_init_default_alarm_pool
                0x10001aec       0xdc CMakeFiles/PF_2_embarcatech.dir/home/thiago/.pico-sdk/sdk/2.1.0/src/common/pico_time/time.c.o
                0x10001aec                runtime_init_default_alarm_pool
 .text.alarm_pool_get_default
                0x10001bc8        0x8 CMakeFiles/PF_2_embarcatech.dir/home/thiago/.pico-sdk/sdk/2.1.0/src/common/pico_time/time.c.o
                0x10001bc8                alarm_pool_get_default
 .text.alarm_pool_add_alarm_at
                0x10001bd0       0xd4 CMakeFiles/PF_2_embarcatech.dir/home/thiago/.pico-sdk/sdk/2.1.0/src/common/pico_time/time.c.o
                0x10001bd0                alarm_pool_add_alarm_at
 .text.alarm_pool_add_alarm_at_force_in_context
                0x10001ca4       0xb0 CMakeFiles/PF_2_embarcatech.dir/home/thiago/.pico-sdk/sdk/2.1.0/src/common/pico_time/time.c.o
                0x10001ca4                alarm_pool_add_alarm_at_force_in_context
 .text.alarm_pool_cancel_alarm
                0x10001d54       0x74 CMakeFiles/PF_2_embarcatech.dir/home/thiago/.pico-sdk/sdk/2.1.0/src/common/pico_time/time.c.o
                0x10001d54                alarm_pool_cancel_alarm
 .text.alarm_pool_core_num
                0x10001dc8        0x4 CMakeFiles/PF_2_embarcatech.dir/home/thiago/.pico-sdk/sdk/2.1.0/src/common/pico_time/time.c.o
                0x10001dc8                alarm_pool_core_num
 .text.sleep_until
                0x10001dcc       0xd8 CMakeFiles/PF_2_embarcatech.dir/home/thiago/.pico-sdk/sdk/2.1.0/src/common/pico_time/time.c.o
                0x10001dcc                sleep_until
 .text.sleep_us
                0x10001ea4       0x28 CMakeFiles/PF_2_embarcatech.dir/home/thiago/.pico-sdk/sdk/2.1.0/src/common/pico_time/time.c.o
                0x10001ea4                sleep_us
 .text.sleep_ms
                0x10001ecc       0x38 CMakeFiles/PF_2_embarcatech.dir/home/thiago/.pico-sdk/sdk/2.1.0/src/common/pico_time/time.c.o
                0x10001ecc                sleep_ms
 .text.best_effort_wfe_or_timeout
                0x10001f04       0xe0 CMakeFiles/PF_2_embarcatech.dir/home/thiago/.pico-sdk/sdk/2.1.0/src/common/pico_time/time.c.o
                0x10001f04                best_effort_wfe_or_timeout
 .text.alarm_pool_add_repeating_timer_us
                0x10001fe4      0x128 CMakeFiles/PF_2_embarcatech.dir/home/thiago/.pico-sdk/sdk/2.1.0/src/common/pico_time/time.c.o
                0x10001fe4                alarm_pool_add_repeating_timer_us
 .text.timer_hardware_alarm_claim
                0x1000210c       0x14 CMakeFiles/PF_2_embarcatech.dir/home/thiago/.pico-sdk/sdk/2.1.0/src/rp2_common/hardware_timer/timer.c.o
                0x1000210c                timer_hardware_alarm_claim
 .text.timer_time_us_64
                0x10002120       0x10 CMakeFiles/PF_2_embarcatech.dir/home/thiago/.pico-sdk/sdk/2.1.0/src/rp2_common/hardware_timer/timer.c.o
                0x10002120                timer_time_us_64
 .text.time_us_64
                0x10002130       0x14 CMakeFiles/PF_2_embarcatech.dir/home/thiago/.pico-sdk/sdk/2.1.0/src/rp2_common/hardware_timer/timer.c.o
                0x10002130                time_us_64
 .text.busy_wait_until
                0x10002144       0x20 CMakeFiles/PF_2_embarcatech.dir/home/thiago/.pico-sdk/sdk/2.1.0/src/rp2_common/hardware_timer/timer.c.o
                0x10002144                busy_wait_until
 .text.clock_configure_int_divider
                0x10002164       0xf4 CMakeFiles/PF_2_embarcatech.dir/home/thiago/.pico-sdk/sdk/2.1.0/src/rp2_common/hardware_clocks/clocks.c.o
                0x10002164                clock_configure_int_divider
 .text.clock_configure_undivided
                0x10002258       0xe8 CMakeFiles/PF_2_embarcatech.dir/home/thiago/.pico-sdk/sdk/2.1.0/src/rp2_common/hardware_clocks/clocks.c.o
                0x10002258                clock_configure_undivided
 .text.clock_get_hz
                0x10002340        0xc CMakeFiles/PF_2_embarcatech.dir/home/thiago/.pico-sdk/sdk/2.1.0/src/rp2_common/hardware_clocks/clocks.c.o
                0x10002340                clock_get_hz
 .text.pll_init
                0x1000234c       0xa4 CMakeFiles/PF_2_embarcatech.dir/home/thiago/.pico-sdk/sdk/2.1.0/src/rp2_common/hardware_pll/pll.c.o
                0x1000234c                pll_init
 .text.watchdog_reboot
                0x100023f0       0x9c CMakeFiles/PF_2_embarcatech.dir/home/thiago/.pico-sdk/sdk/2.1.0/src/rp2_common/hardware_watchdog/watchdog.c.o
                0x100023f0                watchdog_reboot
 .text.tick_start
                0x1000248c       0x10 CMakeFiles/PF_2_embarcatech.dir/home/thiago/.pico-sdk/sdk/2.1.0/src/rp2_common/hardware_ticks/ticks.c.o
                0x1000248c                tick_start
 .text.rom_func_lookup
                0x1000249c       0x10 CMakeFiles/PF_2_embarcatech.dir/home/thiago/.pico-sdk/sdk/2.1.0/src/rp2_common/pico_bootrom/bootrom.c.o
                0x1000249c                rom_func_lookup
 .text.rom_data_lookup
                0x100024ac       0x10 CMakeFiles/PF_2_embarcatech.dir/home/thiago/.pico-sdk/sdk/2.1.0/src/rp2_common/pico_bootrom/bootrom.c.o
                0x100024ac                rom_data_lookup
 .text.rom_funcs_lookup
                0x100024bc       0x44 CMakeFiles/PF_2_embarcatech.dir/home/thiago/.pico-sdk/sdk/2.1.0/src/rp2_common/pico_bootrom/bootrom.c.o
                0x100024bc                rom_funcs_lookup
 .text.rom_reset_usb_boot_extra
                0x10002500       0x28 CMakeFiles/PF_2_embarcatech.dir/home/thiago/.pico-sdk/sdk/2.1.0/src/rp2_common/pico_bootrom/bootrom.c.o
                0x10002500                rom_reset_usb_boot_extra
 .text.xosc_init
                0x10002528       0x28 CMakeFiles/PF_2_embarcatech.dir/home/thiago/.pico-sdk/sdk/2.1.0/src/rp2_common/hardware_xosc/xosc.c.o
                0x10002528                xosc_init
 .text.first_per_core_initializer
                0x10002550        0x4 CMakeFiles/PF_2_embarcatech.dir/home/thiago/.pico-sdk/sdk/2.1.0/src/rp2_common/pico_runtime/runtime.c.o
 .text.hard_assertion_failure
                0x10002554        0xc CMakeFiles/PF_2_embarcatech.dir/home/thiago/.pico-sdk/sdk/2.1.0/src/rp2_common/pico_runtime/runtime.c.o
                0x10002554                hard_assertion_failure
 .text.runtime_run_initializers
                0x10002560       0x28 CMakeFiles/PF_2_embarcatech.dir/home/thiago/.pico-sdk/sdk/2.1.0/src/rp2_common/pico_runtime/runtime.c.o
                0x10002560                runtime_run_initializers
 .text.runtime_init_early_resets
                0x10002588       0x2c CMakeFiles/PF_2_embarcatech.dir/home/thiago/.pico-sdk/sdk/2.1.0/src/rp2_common/pico_runtime_init/runtime_init.c.o
                0x10002588                runtime_init_early_resets
 .text.runtime_init_usb_power_down
                0x100025b4       0x1c CMakeFiles/PF_2_embarcatech.dir/home/thiago/.pico-sdk/sdk/2.1.0/src/rp2_common/pico_runtime_init/runtime_init.c.o
                0x100025b4                runtime_init_usb_power_down
 .text.runtime_init_post_clock_resets
                0x100025d0       0x20 CMakeFiles/PF_2_embarcatech.dir/home/thiago/.pico-sdk/sdk/2.1.0/src/rp2_common/pico_runtime_init/runtime_init.c.o
                0x100025d0                runtime_init_post_clock_resets
 .text.runtime_init_rp2040_gpio_ie_disable
                0x100025f0       0x14 CMakeFiles/PF_2_embarcatech.dir/home/thiago/.pico-sdk/sdk/2.1.0/src/rp2_common/pico_runtime_init/runtime_init.c.o
                0x100025f0                runtime_init_rp2040_gpio_ie_disable
 .text.runtime_init_spin_locks_reset
                0x10002604        0x8 CMakeFiles/PF_2_embarcatech.dir/home/thiago/.pico-sdk/sdk/2.1.0/src/rp2_common/pico_runtime_init/runtime_init.c.o
                0x10002604                runtime_init_spin_locks_reset
 .text.runtime_init_install_ram_vector_table
                0x1000260c       0x1c CMakeFiles/PF_2_embarcatech.dir/home/thiago/.pico-sdk/sdk/2.1.0/src/rp2_common/pico_runtime_init/runtime_init.c.o
                0x1000260c                runtime_init_install_ram_vector_table
 .text.runtime_init_clocks
                0x10002628       0xd8 CMakeFiles/PF_2_embarcatech.dir/home/thiago/.pico-sdk/sdk/2.1.0/src/rp2_common/pico_runtime_init/runtime_init_clocks.c.o
                0x10002628                runtime_init_clocks
 .text          0x10002700       0x10 CMakeFiles/PF_2_embarcatech.dir/home/thiago/.pico-sdk/sdk/2.1.0/src/rp2_common/pico_bit_ops/bit_ops_aeabi.S.o
 .text.ctzsi    0x10002710        0xc CMakeFiles/PF_2_embarcatech.dir/home/thiago/.pico-sdk/sdk/2.1.0/src/rp2_common/pico_bit_ops/bit_ops_aeabi.S.o
                0x10002710                __wrap___ctzsi2
 .text.__wrap___aeabi_idiv
                0x1000271c       0x50 CMakeFiles/PF_2_embarcatech.dir/home/thiago/.pico-sdk/sdk/2.1.0/src/rp2_common/pico_divider/divider_hardware.S.o
                0x1000271c                __wrap___aeabi_idivmod
                0x1000271c                divmod_s32s32
                0x1000271c                div_s32s32
                0x1000271c                __wrap___aeabi_idiv
                0x10002724                divmod_s32s32_unsafe
                0x10002750                divmod_s32s32_savestate
 .text.__wrap___aeabi_uidiv
                0x1000276c       0x4c CMakeFiles/PF_2_embarcatech.dir/home/thiago/.pico-sdk/sdk/2.1.0/src/rp2_common/pico_divider/divider_hardware.S.o
                0x1000276c                __wrap___aeabi_uidiv
                0x1000276c                __wrap___aeabi_uidivmod
                0x1000276c                div_u32u32
                0x1000276c                divmod_u32u32
                0x10002774                divmod_u32u32_unsafe
                0x1000279c                divmod_u32u32_savestate
 .text.__wrap___aeabi_ldiv
                0x100027b8      0x424 CMakeFiles/PF_2_embarcatech.dir/home/thiago/.pico-sdk/sdk/2.1.0/src/rp2_common/pico_divider/divider_hardware.S.o
                0x100027b8                div_s64s64
                0x100027b8                divmod_s64s64
                0x100027b8                __wrap___aeabi_ldivmod
                0x100027e8                div_u64u64
                0x100027e8                divmod_u64u64
                0x100027e8                __wrap___aeabi_uldivmod
                0x100027f8                divmod_u64u64_savestate
                0x10002818                divmod_s64s64_unsafe
                0x100028a0                divmod_u64u64_unsafe
 .text.__wrap___aeabi_darithmetic
                0x10002bdc       0x60 CMakeFiles/PF_2_embarcatech.dir/home/thiago/.pico-sdk/sdk/2.1.0/src/rp2_common/pico_double/double_aeabi_rp2040.S.o
                0x10002bdc                __wrap___aeabi_drsub
                0x10002be2                __wrap___aeabi_dsub
                0x10002bec                __wrap___aeabi_dadd
                0x10002bf6                __wrap___aeabi_ddiv
                0x10002c2a                __wrap___aeabi_dmul
 .text.__wrap___aeabi_cdcmple
                0x10002c3c       0x6c CMakeFiles/PF_2_embarcatech.dir/home/thiago/.pico-sdk/sdk/2.1.0/src/rp2_common/pico_double/double_aeabi_rp2040.S.o
                0x10002c3c                __wrap___aeabi_cdrcmple
                0x10002c4c                __wrap___aeabi_cdcmple
                0x10002c4c                __wrap___aeabi_cdcmpeq
 .text.__wrap___aeabi_dcmplt
                0x10002ca8        0xc CMakeFiles/PF_2_embarcatech.dir/home/thiago/.pico-sdk/sdk/2.1.0/src/rp2_common/pico_double/double_aeabi_rp2040.S.o
                0x10002ca8                __wrap___aeabi_dcmplt
 .text.__wrap___aeabi_dcmpge
                0x10002cb4       0x10 CMakeFiles/PF_2_embarcatech.dir/home/thiago/.pico-sdk/sdk/2.1.0/src/rp2_common/pico_double/double_aeabi_rp2040.S.o
                0x10002cb4                __wrap___aeabi_dcmpge
 .text.__wrap___aeabi_dcmpgt
                0x10002cc4        0xa CMakeFiles/PF_2_embarcatech.dir/home/thiago/.pico-sdk/sdk/2.1.0/src/rp2_common/pico_double/double_aeabi_rp2040.S.o
                0x10002cc4                __wrap___aeabi_dcmpgt
 .text.__wrap___aeabi_dcmpun
                0x10002cce       0x18 CMakeFiles/PF_2_embarcatech.dir/home/thiago/.pico-sdk/sdk/2.1.0/src/rp2_common/pico_double/double_aeabi_rp2040.S.o
                0x10002cce                __wrap___aeabi_dcmpun
 *fill*         0x10002ce6        0x2 
 .text.__wrap___aeabi_i2d
                0x10002ce8       0x38 CMakeFiles/PF_2_embarcatech.dir/home/thiago/.pico-sdk/sdk/2.1.0/src/rp2_common/pico_double/double_aeabi_rp2040.S.o
                0x10002ce8                __wrap___aeabi_ui2d
                0x10002cf0                __wrap___aeabi_i2d
 .text.__wrap___aeabi_d2iz
                0x10002d20       0x48 CMakeFiles/PF_2_embarcatech.dir/home/thiago/.pico-sdk/sdk/2.1.0/src/rp2_common/pico_double/double_aeabi_rp2040.S.o
                0x10002d20                __wrap___aeabi_d2iz
                0x10002d20                double2int_z
 .text.__wrap___aeabi_d2uiz
                0x10002d68       0x10 CMakeFiles/PF_2_embarcatech.dir/home/thiago/.pico-sdk/sdk/2.1.0/src/rp2_common/pico_double/double_aeabi_rp2040.S.o
                0x10002d68                double2uint
                0x10002d68                __wrap___aeabi_d2uiz
 .text.__wrap___aeabi_d2f
                0x10002d78       0x10 CMakeFiles/PF_2_embarcatech.dir/home/thiago/.pico-sdk/sdk/2.1.0/src/rp2_common/pico_double/double_aeabi_rp2040.S.o
                0x10002d78                __wrap___aeabi_d2f
 .text.__wrap_srqt
                0x10002d88       0x10 CMakeFiles/PF_2_embarcatech.dir/home/thiago/.pico-sdk/sdk/2.1.0/src/rp2_common/pico_double/double_aeabi_rp2040.S.o
                0x10002d88                __wrap_sqrt
 .text.missing_double_func_shim
                0x10002d98        0xc CMakeFiles/PF_2_embarcatech.dir/home/thiago/.pico-sdk/sdk/2.1.0/src/rp2_common/pico_double/double_init_rom_rp2040.c.o
 .text.__aeabi_double_init
                0x10002da4       0xa0 CMakeFiles/PF_2_embarcatech.dir/home/thiago/.pico-sdk/sdk/2.1.0/src/rp2_common/pico_double/double_init_rom_rp2040.c.o
                0x10002da4                __aeabi_double_init
 .text.double_table_shim_on_use_helper
                0x10002e44       0x2c CMakeFiles/PF_2_embarcatech.dir/home/thiago/.pico-sdk/sdk/2.1.0/src/rp2_common/pico_double/double_v1_rom_shim_rp2040.S.o
                0x10002e44                double_table_shim_on_use_helper
 .text.__aeabi_lmul
                0x10002e70       0x32 CMakeFiles/PF_2_embarcatech.dir/home/thiago/.pico-sdk/sdk/2.1.0/src/rp2_common/pico_int64_ops/pico_int64_ops_aeabi.S.o
                0x10002e70                __wrap___aeabi_lmul
 *fill*         0x10002ea2        0x2 
 .text.__wrap___aeabi_farithmetic
                0x10002ea4       0x48 CMakeFiles/PF_2_embarcatech.dir/home/thiago/.pico-sdk/sdk/2.1.0/src/rp2_common/pico_float/float_aeabi_rp2040.S.o
                0x10002ea4                __wrap___aeabi_frsub
                0x10002eaa                __wrap___aeabi_fsub
                0x10002eb0                __wrap___aeabi_fadd
                0x10002eb6                __wrap___aeabi_fdiv
                0x10002ede                __wrap___aeabi_fmul
 .text.__wrap___aeabi_cfcmple
                0x10002eec       0x50 CMakeFiles/PF_2_embarcatech.dir/home/thiago/.pico-sdk/sdk/2.1.0/src/rp2_common/pico_float/float_aeabi_rp2040.S.o
                0x10002eec                __wrap___aeabi_cfrcmple
                0x10002ef8                __wrap___aeabi_cfcmpeq
                0x10002ef8                __wrap___aeabi_cfcmple
 .text.__wrap___aeabi_fcmplt
                0x10002f3c        0xc CMakeFiles/PF_2_embarcatech.dir/home/thiago/.pico-sdk/sdk/2.1.0/src/rp2_common/pico_float/float_aeabi_rp2040.S.o
                0x10002f3c                __wrap___aeabi_fcmplt
 .text.__wrap___aeabi_fcmpgt
                0x10002f48        0xa CMakeFiles/PF_2_embarcatech.dir/home/thiago/.pico-sdk/sdk/2.1.0/src/rp2_common/pico_float/float_aeabi_rp2040.S.o
                0x10002f48                __wrap___aeabi_fcmpgt
 .text.__wrap___aeabi_ui2f
                0x10002f52        0xa CMakeFiles/PF_2_embarcatech.dir/home/thiago/.pico-sdk/sdk/2.1.0/src/rp2_common/pico_float/float_aeabi_rp2040.S.o
                0x10002f52                uint2float
                0x10002f52                __wrap___aeabi_ui2f
 .text.__wrap___aeabi_i2f
                0x10002f5c       0x44 CMakeFiles/PF_2_embarcatech.dir/home/thiago/.pico-sdk/sdk/2.1.0/src/rp2_common/pico_float/float_aeabi_rp2040.S.o
                0x10002f5c                int2float
                0x10002f5c                __wrap___aeabi_i2f
 .text.__wrap___aeabi_f2uiz
                0x10002fa0        0xc CMakeFiles/PF_2_embarcatech.dir/home/thiago/.pico-sdk/sdk/2.1.0/src/rp2_common/pico_float/float_aeabi_rp2040.S.o
                0x10002fa0                float2uint_z
                0x10002fa0                __wrap___aeabi_f2uiz
 .text.__wrap___aeabi_f2d
                0x10002fac        0xc CMakeFiles/PF_2_embarcatech.dir/home/thiago/.pico-sdk/sdk/2.1.0/src/rp2_common/pico_float/float_aeabi_rp2040.S.o
                0x10002fac                __wrap___aeabi_f2d
 .text.missing_float_func_shim
                0x10002fb8        0xc CMakeFiles/PF_2_embarcatech.dir/home/thiago/.pico-sdk/sdk/2.1.0/src/rp2_common/pico_float/float_init_rom_rp2040.c.o
 .text.__aeabi_float_init
                0x10002fc4       0x5c CMakeFiles/PF_2_embarcatech.dir/home/thiago/.pico-sdk/sdk/2.1.0/src/rp2_common/pico_float/float_init_rom_rp2040.c.o
                0x10002fc4                __aeabi_float_init
 .text.__wrap_malloc
                0x10003020       0x24 CMakeFiles/PF_2_embarcatech.dir/home/thiago/.pico-sdk/sdk/2.1.0/src/rp2_common/pico_malloc/malloc.c.o
                0x10003020                __wrap_malloc
 .text.__wrap_calloc
                0x10003044       0x28 CMakeFiles/PF_2_embarcatech.dir/home/thiago/.pico-sdk/sdk/2.1.0/src/rp2_common/pico_malloc/malloc.c.o
                0x10003044                __wrap_calloc
 .text.__wrap_free
                0x1000306c        0x8 CMakeFiles/PF_2_embarcatech.dir/home/thiago/.pico-sdk/sdk/2.1.0/src/rp2_common/pico_malloc/malloc.c.o
                0x1000306c                __wrap_free
 .text          0x10003074       0x10 CMakeFiles/PF_2_embarcatech.dir/home/thiago/.pico-sdk/sdk/2.1.0/src/rp2_common/pico_mem_ops/mem_ops_aeabi.S.o
                0x10003074                __aeabi_mem_init
 .text.memset   0x10003084        0xc CMakeFiles/PF_2_embarcatech.dir/home/thiago/.pico-sdk/sdk/2.1.0/src/rp2_common/pico_mem_ops/mem_ops_aeabi.S.o
                0x10003084                __wrap_memset
 .text.memcpy   0x10003090        0xc CMakeFiles/PF_2_embarcatech.dir/home/thiago/.pico-sdk/sdk/2.1.0/src/rp2_common/pico_mem_ops/mem_ops_aeabi.S.o
                0x10003090                __wrap___aeabi_memcpy
                0x10003090                __wrap_memcpy
 .text._out_null
                0x1000309c        0x4 CMakeFiles/PF_2_embarcatech.dir/home/thiago/.pico-sdk/sdk/2.1.0/src/rp2_common/pico_printf/printf.c.o
 .text._out_rev
                0x100030a0       0xac CMakeFiles/PF_2_embarcatech.dir/home/thiago/.pico-sdk/sdk/2.1.0/src/rp2_common/pico_printf/printf.c.o
 .text._ntoa_format
                0x1000314c      0x250 CMakeFiles/PF_2_embarcatech.dir/home/thiago/.pico-sdk/sdk/2.1.0/src/rp2_common/pico_printf/printf.c.o
 .text._out_char
                0x1000339c       0x10 CMakeFiles/PF_2_embarcatech.dir/home/thiago/.pico-sdk/sdk/2.1.0/src/rp2_common/pico_printf/printf.c.o
 .text._out_fct
                0x100033ac       0x10 CMakeFiles/PF_2_embarcatech.dir/home/thiago/.pico-sdk/sdk/2.1.0/src/rp2_common/pico_printf/printf.c.o
 .text._etoa    0x100033bc      0x464 CMakeFiles/PF_2_embarcatech.dir/home/thiago/.pico-sdk/sdk/2.1.0/src/rp2_common/pico_printf/printf.c.o
 .text._ftoa    0x10003820      0x3c0 CMakeFiles/PF_2_embarcatech.dir/home/thiago/.pico-sdk/sdk/2.1.0/src/rp2_common/pico_printf/printf.c.o
 .text._vsnprintf
                0x10003be0      0xbc8 CMakeFiles/PF_2_embarcatech.dir/home/thiago/.pico-sdk/sdk/2.1.0/src/rp2_common/pico_printf/printf.c.o
 .text.vfctprintf
                0x100047a8       0x20 CMakeFiles/PF_2_embarcatech.dir/home/thiago/.pico-sdk/sdk/2.1.0/src/rp2_common/pico_printf/printf.c.o
                0x100047a8                vfctprintf
 .text.weak_raw_vprintf
                0x100047c8       0x30 CMakeFiles/PF_2_embarcatech.dir/home/thiago/.pico-sdk/sdk/2.1.0/src/rp2_common/pico_printf/printf.c.o
                0x100047c8                weak_raw_vprintf
 .text._exit    0x100047f8        0x4 CMakeFiles/PF_2_embarcatech.dir/home/thiago/.pico-sdk/sdk/2.1.0/src/rp2_common/pico_clib_interface/newlib_interface.c.o
                0x100047f8                _exit
 .text._sbrk    0x100047fc       0x34 CMakeFiles/PF_2_embarcatech.dir/home/thiago/.pico-sdk/sdk/2.1.0/src/rp2_common/pico_clib_interface/newlib_interface.c.o
                0x100047fc                _sbrk
 .text.exit     0x10004830        0x8 CMakeFiles/PF_2_embarcatech.dir/home/thiago/.pico-sdk/sdk/2.1.0/src/rp2_common/pico_clib_interface/newlib_interface.c.o
                0x10004830                exit
 .text.runtime_init
                0x10004838       0x2c CMakeFiles/PF_2_embarcatech.dir/home/thiago/.pico-sdk/sdk/2.1.0/src/rp2_common/pico_clib_interface/newlib_interface.c.o
                0x10004838                runtime_init
 .text.stdio_out_chars_no_crlf
                0x10004864       0x10 CMakeFiles/PF_2_embarcatech.dir/home/thiago/.pico-sdk/sdk/2.1.0/src/rp2_common/pico_stdio/stdio.c.o
 .text.stdio_out_chars_crlf
                0x10004874       0x94 CMakeFiles/PF_2_embarcatech.dir/home/thiago/.pico-sdk/sdk/2.1.0/src/rp2_common/pico_stdio/stdio.c.o
 .text.stdio_buffered_printer
                0x10004908       0x64 CMakeFiles/PF_2_embarcatech.dir/home/thiago/.pico-sdk/sdk/2.1.0/src/rp2_common/pico_stdio/stdio.c.o
 .text.stdio_put_string
                0x1000496c      0x100 CMakeFiles/PF_2_embarcatech.dir/home/thiago/.pico-sdk/sdk/2.1.0/src/rp2_common/pico_stdio/stdio.c.o
                0x1000496c                stdio_put_string
 .text.stdio_set_driver_enabled
                0x10004a6c       0x30 CMakeFiles/PF_2_embarcatech.dir/home/thiago/.pico-sdk/sdk/2.1.0/src/rp2_common/pico_stdio/stdio.c.o
                0x10004a6c                stdio_set_driver_enabled
 .text.stdio_init_all
                0x10004a9c        0x8 CMakeFiles/PF_2_embarcatech.dir/home/thiago/.pico-sdk/sdk/2.1.0/src/rp2_common/pico_stdio/stdio.c.o
                0x10004a9c                stdio_init_all
 .text.__wrap_putchar
                0x10004aa4       0x98 CMakeFiles/PF_2_embarcatech.dir/home/thiago/.pico-sdk/sdk/2.1.0/src/rp2_common/pico_stdio/stdio.c.o
                0x10004aa4                stdio_putchar
                0x10004aa4                __wrap_putchar
 .text.__wrap_puts
                0x10004b3c       0x3c CMakeFiles/PF_2_embarcatech.dir/home/thiago/.pico-sdk/sdk/2.1.0/src/rp2_common/pico_stdio/stdio.c.o
                0x10004b3c                __wrap_puts
                0x10004b3c                stdio_puts
 .text.__wrap_vprintf
                0x10004b78       0xd4 CMakeFiles/PF_2_embarcatech.dir/home/thiago/.pico-sdk/sdk/2.1.0/src/rp2_common/pico_stdio/stdio.c.o
                0x10004b78                __wrap_vprintf
                0x10004b78                stdio_vprintf
 .text.__wrap_printf
                0x10004c4c       0x18 CMakeFiles/PF_2_embarcatech.dir/home/thiago/.pico-sdk/sdk/2.1.0/src/rp2_common/pico_stdio/stdio.c.o
                0x10004c4c                stdio_printf
                0x10004c4c                __wrap_printf
 .text.resetd_init
                0x10004c64        0x4 CMakeFiles/PF_2_embarcatech.dir/home/thiago/.pico-sdk/sdk/2.1.0/src/rp2_common/pico_stdio_usb/reset_interface.c.o
 .text.resetd_reset
                0x10004c68        0xc CMakeFiles/PF_2_embarcatech.dir/home/thiago/.pico-sdk/sdk/2.1.0/src/rp2_common/pico_stdio_usb/reset_interface.c.o
 .text.resetd_open
                0x10004c74       0x28 CMakeFiles/PF_2_embarcatech.dir/home/thiago/.pico-sdk/sdk/2.1.0/src/rp2_common/pico_stdio_usb/reset_interface.c.o
 .text.resetd_xfer_cb
                0x10004c9c        0x4 CMakeFiles/PF_2_embarcatech.dir/home/thiago/.pico-sdk/sdk/2.1.0/src/rp2_common/pico_stdio_usb/reset_interface.c.o
 .text.resetd_control_xfer_cb
                0x10004ca0       0x5c CMakeFiles/PF_2_embarcatech.dir/home/thiago/.pico-sdk/sdk/2.1.0/src/rp2_common/pico_stdio_usb/reset_interface.c.o
 .text.tud_descriptor_bos_cb
                0x10004cfc        0x8 CMakeFiles/PF_2_embarcatech.dir/home/thiago/.pico-sdk/sdk/2.1.0/src/rp2_common/pico_stdio_usb/reset_interface.c.o
                0x10004cfc                tud_descriptor_bos_cb
 .text.tud_vendor_control_xfer_cb
                0x10004d04       0x34 CMakeFiles/PF_2_embarcatech.dir/home/thiago/.pico-sdk/sdk/2.1.0/src/rp2_common/pico_stdio_usb/reset_interface.c.o
                0x10004d04                tud_vendor_control_xfer_cb
 .text.usbd_app_driver_get_cb
                0x10004d38        0xc CMakeFiles/PF_2_embarcatech.dir/home/thiago/.pico-sdk/sdk/2.1.0/src/rp2_common/pico_stdio_usb/reset_interface.c.o
                0x10004d38                usbd_app_driver_get_cb
 .text.tud_cdc_line_coding_cb
                0x10004d44       0x2c CMakeFiles/PF_2_embarcatech.dir/home/thiago/.pico-sdk/sdk/2.1.0/src/rp2_common/pico_stdio_usb/reset_interface.c.o
                0x10004d44                tud_cdc_line_coding_cb
 .text.stdio_usb_set_chars_available_callback
                0x10004d70       0x14 CMakeFiles/PF_2_embarcatech.dir/home/thiago/.pico-sdk/sdk/2.1.0/src/rp2_common/pico_stdio_usb/stdio_usb.c.o
                0x10004d70                stdio_usb_set_chars_available_callback
 .text.usb_irq  0x10004d84       0x10 CMakeFiles/PF_2_embarcatech.dir/home/thiago/.pico-sdk/sdk/2.1.0/src/rp2_common/pico_stdio_usb/stdio_usb.c.o
 .text.timer_task
                0x10004d94       0x64 CMakeFiles/PF_2_embarcatech.dir/home/thiago/.pico-sdk/sdk/2.1.0/src/rp2_common/pico_stdio_usb/stdio_usb.c.o
 .text.stdio_usb_in_chars
                0x10004df8       0x90 CMakeFiles/PF_2_embarcatech.dir/home/thiago/.pico-sdk/sdk/2.1.0/src/rp2_common/pico_stdio_usb/stdio_usb.c.o
                0x10004df8                stdio_usb_in_chars
 .text.stdio_usb_out_flush
                0x10004e88       0x50 CMakeFiles/PF_2_embarcatech.dir/home/thiago/.pico-sdk/sdk/2.1.0/src/rp2_common/pico_stdio_usb/stdio_usb.c.o
 .text.stdio_usb_out_chars
                0x10004ed8      0x104 CMakeFiles/PF_2_embarcatech.dir/home/thiago/.pico-sdk/sdk/2.1.0/src/rp2_common/pico_stdio_usb/stdio_usb.c.o
 .text.low_priority_worker_irq
                0x10004fdc       0xcc CMakeFiles/PF_2_embarcatech.dir/home/thiago/.pico-sdk/sdk/2.1.0/src/rp2_common/pico_stdio_usb/stdio_usb.c.o
 .text.stdio_usb_init
                0x100050a8       0xe8 CMakeFiles/PF_2_embarcatech.dir/home/thiago/.pico-sdk/sdk/2.1.0/src/rp2_common/pico_stdio_usb/stdio_usb.c.o
                0x100050a8                stdio_usb_init
 .text.tud_descriptor_device_cb
                0x10005190        0x8 CMakeFiles/PF_2_embarcatech.dir/home/thiago/.pico-sdk/sdk/2.1.0/src/rp2_common/pico_stdio_usb/stdio_usb_descriptors.c.o
                0x10005190                tud_descriptor_device_cb
 .text.tud_descriptor_configuration_cb
                0x10005198        0x8 CMakeFiles/PF_2_embarcatech.dir/home/thiago/.pico-sdk/sdk/2.1.0/src/rp2_common/pico_stdio_usb/stdio_usb_descriptors.c.o
                0x10005198                tud_descriptor_configuration_cb
 .text.tud_descriptor_string_cb
                0x100051a0       0x78 CMakeFiles/PF_2_embarcatech.dir/home/thiago/.pico-sdk/sdk/2.1.0/src/rp2_common/pico_stdio_usb/stdio_usb_descriptors.c.o
                0x100051a0                tud_descriptor_string_cb
 .text.startup._retrieve_unique_id_on_boot
                0x10005218       0x10 CMakeFiles/PF_2_embarcatech.dir/home/thiago/.pico-sdk/sdk/2.1.0/src/rp2_common/pico_unique_id/unique_id.c.o
 .text.pico_get_unique_board_id
                0x10005228       0x10 CMakeFiles/PF_2_embarcatech.dir/home/thiago/.pico-sdk/sdk/2.1.0/src/rp2_common/pico_unique_id/unique_id.c.o
                0x10005228                pico_get_unique_board_id
 .text.pico_get_unique_board_id_string
                0x10005238      0x1a8 CMakeFiles/PF_2_embarcatech.dir/home/thiago/.pico-sdk/sdk/2.1.0/src/rp2_common/pico_unique_id/unique_id.c.o
                0x10005238                pico_get_unique_board_id_string
 .text.flash_get_unique_id
                0x100053e0       0x3c CMakeFiles/PF_2_embarcatech.dir/home/thiago/.pico-sdk/sdk/2.1.0/src/rp2_common/hardware_flash/flash.c.o
                0x100053e0                flash_get_unique_id
 .text.dcd_init
                0x1000541c       0x8c CMakeFiles/PF_2_embarcatech.dir/home/thiago/.pico-sdk/sdk/2.1.0/lib/tinyusb/src/portable/raspberrypi/rp2040/dcd_rp2040.c.o
                0x1000541c                dcd_init
 .text.dcd_int_enable
                0x100054a8        0xc CMakeFiles/PF_2_embarcatech.dir/home/thiago/.pico-sdk/sdk/2.1.0/lib/tinyusb/src/portable/raspberrypi/rp2040/dcd_rp2040.c.o
                0x100054a8                dcd_int_enable
 .text.dcd_set_address
                0x100054b4       0x14 CMakeFiles/PF_2_embarcatech.dir/home/thiago/.pico-sdk/sdk/2.1.0/lib/tinyusb/src/portable/raspberrypi/rp2040/dcd_rp2040.c.o
                0x100054b4                dcd_set_address
 .text.dcd_sof_enable
                0x100054c8       0x1c CMakeFiles/PF_2_embarcatech.dir/home/thiago/.pico-sdk/sdk/2.1.0/lib/tinyusb/src/portable/raspberrypi/rp2040/dcd_rp2040.c.o
                0x100054c8                dcd_sof_enable
 .text.dcd_edpt0_status_complete
                0x100054e4       0x1c CMakeFiles/PF_2_embarcatech.dir/home/thiago/.pico-sdk/sdk/2.1.0/lib/tinyusb/src/portable/raspberrypi/rp2040/dcd_rp2040.c.o
                0x100054e4                dcd_edpt0_status_complete
 .text.dcd_edpt_open
                0x10005500      0x108 CMakeFiles/PF_2_embarcatech.dir/home/thiago/.pico-sdk/sdk/2.1.0/lib/tinyusb/src/portable/raspberrypi/rp2040/dcd_rp2040.c.o
                0x10005500                dcd_edpt_open
 .text.dcd_edpt_close_all
                0x10005608        0x8 CMakeFiles/PF_2_embarcatech.dir/home/thiago/.pico-sdk/sdk/2.1.0/lib/tinyusb/src/portable/raspberrypi/rp2040/dcd_rp2040.c.o
                0x10005608                dcd_edpt_close_all
 .text.dcd_edpt_xfer
                0x10005610       0x24 CMakeFiles/PF_2_embarcatech.dir/home/thiago/.pico-sdk/sdk/2.1.0/lib/tinyusb/src/portable/raspberrypi/rp2040/dcd_rp2040.c.o
                0x10005610                dcd_edpt_xfer
 .text.dcd_edpt_stall
                0x10005634       0x34 CMakeFiles/PF_2_embarcatech.dir/home/thiago/.pico-sdk/sdk/2.1.0/lib/tinyusb/src/portable/raspberrypi/rp2040/dcd_rp2040.c.o
                0x10005634                dcd_edpt_stall
 .text.dcd_edpt_clear_stall
                0x10005668       0x30 CMakeFiles/PF_2_embarcatech.dir/home/thiago/.pico-sdk/sdk/2.1.0/lib/tinyusb/src/portable/raspberrypi/rp2040/dcd_rp2040.c.o
                0x10005668                dcd_edpt_clear_stall
 .text.rp2040_usb_init
                0x10005698       0x40 CMakeFiles/PF_2_embarcatech.dir/home/thiago/.pico-sdk/sdk/2.1.0/lib/tinyusb/src/portable/raspberrypi/rp2040/rp2040_usb.c.o
                0x10005698                rp2040_usb_init
 .text.hw_endpoint_xfer_start
                0x100056d8       0x40 CMakeFiles/PF_2_embarcatech.dir/home/thiago/.pico-sdk/sdk/2.1.0/lib/tinyusb/src/portable/raspberrypi/rp2040/rp2040_usb.c.o
                0x100056d8                hw_endpoint_xfer_start
 .text.tud_event_hook_cb
                0x10005718        0x4 CMakeFiles/PF_2_embarcatech.dir/home/thiago/.pico-sdk/sdk/2.1.0/lib/tinyusb/src/device/usbd.c.o
                0x10005718                tud_event_hook_cb
 .text.tud_sof_cb
                0x1000571c        0x4 CMakeFiles/PF_2_embarcatech.dir/home/thiago/.pico-sdk/sdk/2.1.0/lib/tinyusb/src/device/usbd.c.o
                0x1000571c                tud_sof_cb
 .text.tud_descriptor_device_qualifier_cb
                0x10005720        0x4 CMakeFiles/PF_2_embarcatech.dir/home/thiago/.pico-sdk/sdk/2.1.0/lib/tinyusb/src/device/usbd.c.o
                0x10005720                tud_descriptor_device_qualifier_cb
 .text.tud_descriptor_other_speed_configuration_cb
                0x10005724        0x4 CMakeFiles/PF_2_embarcatech.dir/home/thiago/.pico-sdk/sdk/2.1.0/lib/tinyusb/src/device/usbd.c.o
                0x10005724                tud_descriptor_other_speed_configuration_cb
 .text.tud_mount_cb
                0x10005728        0x4 CMakeFiles/PF_2_embarcatech.dir/home/thiago/.pico-sdk/sdk/2.1.0/lib/tinyusb/src/device/usbd.c.o
                0x10005728                tud_mount_cb
 .text.tud_umount_cb
                0x1000572c        0x4 CMakeFiles/PF_2_embarcatech.dir/home/thiago/.pico-sdk/sdk/2.1.0/lib/tinyusb/src/device/usbd.c.o
                0x1000572c                tud_umount_cb
 .text.tud_suspend_cb
                0x10005730        0x4 CMakeFiles/PF_2_embarcatech.dir/home/thiago/.pico-sdk/sdk/2.1.0/lib/tinyusb/src/device/usbd.c.o
                0x10005730                tud_suspend_cb
 .text.tud_resume_cb
                0x10005734        0x4 CMakeFiles/PF_2_embarcatech.dir/home/thiago/.pico-sdk/sdk/2.1.0/lib/tinyusb/src/device/usbd.c.o
                0x10005734                tud_resume_cb
 .text.tud_mounted
                0x10005738       0x10 CMakeFiles/PF_2_embarcatech.dir/home/thiago/.pico-sdk/sdk/2.1.0/lib/tinyusb/src/device/usbd.c.o
                0x10005738                tud_mounted
 .text.tud_suspended
                0x10005748       0x10 CMakeFiles/PF_2_embarcatech.dir/home/thiago/.pico-sdk/sdk/2.1.0/lib/tinyusb/src/device/usbd.c.o
                0x10005748                tud_suspended
 .text.tud_init
                0x10005758       0xe4 CMakeFiles/PF_2_embarcatech.dir/home/thiago/.pico-sdk/sdk/2.1.0/lib/tinyusb/src/device/usbd.c.o
                0x10005758                tud_init
 .text.tud_task_ext
                0x1000583c      0x800 CMakeFiles/PF_2_embarcatech.dir/home/thiago/.pico-sdk/sdk/2.1.0/lib/tinyusb/src/device/usbd.c.o
                0x1000583c                tud_task_ext
 .text.usbd_open_edpt_pair
                0x1000603c       0x9c CMakeFiles/PF_2_embarcatech.dir/home/thiago/.pico-sdk/sdk/2.1.0/lib/tinyusb/src/device/usbd.c.o
                0x1000603c                usbd_open_edpt_pair
 .text.usbd_edpt_open
                0x100060d8       0x34 CMakeFiles/PF_2_embarcatech.dir/home/thiago/.pico-sdk/sdk/2.1.0/lib/tinyusb/src/device/usbd.c.o
                0x100060d8                usbd_edpt_open
 .text.usbd_edpt_claim
                0x1000610c       0x28 CMakeFiles/PF_2_embarcatech.dir/home/thiago/.pico-sdk/sdk/2.1.0/lib/tinyusb/src/device/usbd.c.o
                0x1000610c                usbd_edpt_claim
 .text.usbd_edpt_release
                0x10006134       0x28 CMakeFiles/PF_2_embarcatech.dir/home/thiago/.pico-sdk/sdk/2.1.0/lib/tinyusb/src/device/usbd.c.o
                0x10006134                usbd_edpt_release
 .text.usbd_edpt_xfer
                0x1000615c       0x4c CMakeFiles/PF_2_embarcatech.dir/home/thiago/.pico-sdk/sdk/2.1.0/lib/tinyusb/src/device/usbd.c.o
                0x1000615c                usbd_edpt_xfer
 .text.tud_control_status
                0x100061a8       0x2c CMakeFiles/PF_2_embarcatech.dir/home/thiago/.pico-sdk/sdk/2.1.0/lib/tinyusb/src/device/usbd_control.c.o
                0x100061a8                tud_control_status
 .text.tud_control_xfer
                0x100061d4       0xac CMakeFiles/PF_2_embarcatech.dir/home/thiago/.pico-sdk/sdk/2.1.0/lib/tinyusb/src/device/usbd_control.c.o
                0x100061d4                tud_control_xfer
 .text.usbd_control_reset
                0x10006280       0x14 CMakeFiles/PF_2_embarcatech.dir/home/thiago/.pico-sdk/sdk/2.1.0/lib/tinyusb/src/device/usbd_control.c.o
                0x10006280                usbd_control_reset
 .text.usbd_control_set_complete_callback
                0x10006294        0xc CMakeFiles/PF_2_embarcatech.dir/home/thiago/.pico-sdk/sdk/2.1.0/lib/tinyusb/src/device/usbd_control.c.o
                0x10006294                usbd_control_set_complete_callback
 .text.usbd_control_set_request
                0x100062a0       0x1c CMakeFiles/PF_2_embarcatech.dir/home/thiago/.pico-sdk/sdk/2.1.0/lib/tinyusb/src/device/usbd_control.c.o
                0x100062a0                usbd_control_set_request
 .text.usbd_control_xfer_cb
                0x100062bc       0xec CMakeFiles/PF_2_embarcatech.dir/home/thiago/.pico-sdk/sdk/2.1.0/lib/tinyusb/src/device/usbd_control.c.o
                0x100062bc                usbd_control_xfer_cb
 .text._prep_out_transaction.isra.0
                0x100063a8       0x5c CMakeFiles/PF_2_embarcatech.dir/home/thiago/.pico-sdk/sdk/2.1.0/lib/tinyusb/src/class/cdc/cdc_device.c.o
 .text.tud_cdc_n_connected
                0x10006404       0x30 CMakeFiles/PF_2_embarcatech.dir/home/thiago/.pico-sdk/sdk/2.1.0/lib/tinyusb/src/class/cdc/cdc_device.c.o
                0x10006404                tud_cdc_n_connected
 .text.tud_cdc_n_available
                0x10006434       0x18 CMakeFiles/PF_2_embarcatech.dir/home/thiago/.pico-sdk/sdk/2.1.0/lib/tinyusb/src/class/cdc/cdc_device.c.o
                0x10006434                tud_cdc_n_available
 .text.tud_cdc_n_read
                0x1000644c       0x98 CMakeFiles/PF_2_embarcatech.dir/home/thiago/.pico-sdk/sdk/2.1.0/lib/tinyusb/src/class/cdc/cdc_device.c.o
                0x1000644c                tud_cdc_n_read
 .text.tud_cdc_n_write_flush
                0x100064e4       0x78 CMakeFiles/PF_2_embarcatech.dir/home/thiago/.pico-sdk/sdk/2.1.0/lib/tinyusb/src/class/cdc/cdc_device.c.o
                0x100064e4                tud_cdc_n_write_flush
 .text.tud_cdc_n_write
                0x1000655c       0x40 CMakeFiles/PF_2_embarcatech.dir/home/thiago/.pico-sdk/sdk/2.1.0/lib/tinyusb/src/class/cdc/cdc_device.c.o
                0x1000655c                tud_cdc_n_write
 .text.tud_cdc_n_write_available
                0x1000659c       0x18 CMakeFiles/PF_2_embarcatech.dir/home/thiago/.pico-sdk/sdk/2.1.0/lib/tinyusb/src/class/cdc/cdc_device.c.o
                0x1000659c                tud_cdc_n_write_available
 .text.cdcd_init
                0x100065b4       0x7c CMakeFiles/PF_2_embarcatech.dir/home/thiago/.pico-sdk/sdk/2.1.0/lib/tinyusb/src/class/cdc/cdc_device.c.o
                0x100065b4                cdcd_init
 .text.cdcd_deinit
                0x10006630       0x34 CMakeFiles/PF_2_embarcatech.dir/home/thiago/.pico-sdk/sdk/2.1.0/lib/tinyusb/src/class/cdc/cdc_device.c.o
                0x10006630                cdcd_deinit
 .text.cdcd_reset
                0x10006664       0x4c CMakeFiles/PF_2_embarcatech.dir/home/thiago/.pico-sdk/sdk/2.1.0/lib/tinyusb/src/class/cdc/cdc_device.c.o
                0x10006664                cdcd_reset
 .text.cdcd_open
                0x100066b0       0xb0 CMakeFiles/PF_2_embarcatech.dir/home/thiago/.pico-sdk/sdk/2.1.0/lib/tinyusb/src/class/cdc/cdc_device.c.o
                0x100066b0                cdcd_open
 .text.cdcd_control_xfer_cb
                0x10006760       0xe4 CMakeFiles/PF_2_embarcatech.dir/home/thiago/.pico-sdk/sdk/2.1.0/lib/tinyusb/src/class/cdc/cdc_device.c.o
                0x10006760                cdcd_control_xfer_cb
 .text.cdcd_xfer_cb
                0x10006844      0x100 CMakeFiles/PF_2_embarcatech.dir/home/thiago/.pico-sdk/sdk/2.1.0/lib/tinyusb/src/class/cdc/cdc_device.c.o
                0x10006844                cdcd_xfer_cb
 .text.vendord_init
                0x10006944       0x5c CMakeFiles/PF_2_embarcatech.dir/home/thiago/.pico-sdk/sdk/2.1.0/lib/tinyusb/src/class/vendor/vendor_device.c.o
                0x10006944                vendord_init
 .text.vendord_deinit
                0x100069a0       0x1c CMakeFiles/PF_2_embarcatech.dir/home/thiago/.pico-sdk/sdk/2.1.0/lib/tinyusb/src/class/vendor/vendor_device.c.o
                0x100069a0                vendord_deinit
 .text.vendord_reset
                0x100069bc       0x20 CMakeFiles/PF_2_embarcatech.dir/home/thiago/.pico-sdk/sdk/2.1.0/lib/tinyusb/src/class/vendor/vendor_device.c.o
                0x100069bc                vendord_reset
 .text.vendord_open
                0x100069dc      0x138 CMakeFiles/PF_2_embarcatech.dir/home/thiago/.pico-sdk/sdk/2.1.0/lib/tinyusb/src/class/vendor/vendor_device.c.o
                0x100069dc                vendord_open
 .text.vendord_xfer_cb
                0x10006b14       0x9c CMakeFiles/PF_2_embarcatech.dir/home/thiago/.pico-sdk/sdk/2.1.0/lib/tinyusb/src/class/vendor/vendor_device.c.o
                0x10006b14                vendord_xfer_cb
 .text.tusb_init
                0x10006bb0        0xc CMakeFiles/PF_2_embarcatech.dir/home/thiago/.pico-sdk/sdk/2.1.0/lib/tinyusb/src/tusb.c.o
                0x10006bb0                tusb_init
 .text.tu_edpt_claim
                0x10006bbc       0x50 CMakeFiles/PF_2_embarcatech.dir/home/thiago/.pico-sdk/sdk/2.1.0/lib/tinyusb/src/tusb.c.o
                0x10006bbc                tu_edpt_claim
 .text.tu_edpt_release
                0x10006c0c       0x38 CMakeFiles/PF_2_embarcatech.dir/home/thiago/.pico-sdk/sdk/2.1.0/lib/tinyusb/src/tusb.c.o
                0x10006c0c                tu_edpt_release
 .text.tu_edpt_validate
                0x10006c44       0x7c CMakeFiles/PF_2_embarcatech.dir/home/thiago/.pico-sdk/sdk/2.1.0/lib/tinyusb/src/tusb.c.o
                0x10006c44                tu_edpt_validate
 .text.tu_edpt_bind_driver
                0x10006cc0       0x34 CMakeFiles/PF_2_embarcatech.dir/home/thiago/.pico-sdk/sdk/2.1.0/lib/tinyusb/src/tusb.c.o
                0x10006cc0                tu_edpt_bind_driver
 .text.tu_edpt_stream_init
                0x10006cf4       0x6c CMakeFiles/PF_2_embarcatech.dir/home/thiago/.pico-sdk/sdk/2.1.0/lib/tinyusb/src/tusb.c.o
                0x10006cf4                tu_edpt_stream_init
 .text.tu_edpt_stream_deinit
                0x10006d60        0x4 CMakeFiles/PF_2_embarcatech.dir/home/thiago/.pico-sdk/sdk/2.1.0/lib/tinyusb/src/tusb.c.o
                0x10006d60                tu_edpt_stream_deinit
 .text.tu_edpt_stream_write_zlp_if_needed
                0x10006d64       0x68 CMakeFiles/PF_2_embarcatech.dir/home/thiago/.pico-sdk/sdk/2.1.0/lib/tinyusb/src/tusb.c.o
                0x10006d64                tu_edpt_stream_write_zlp_if_needed
 .text.tu_edpt_stream_write_xfer
                0x10006dcc       0x64 CMakeFiles/PF_2_embarcatech.dir/home/thiago/.pico-sdk/sdk/2.1.0/lib/tinyusb/src/tusb.c.o
                0x10006dcc                tu_edpt_stream_write_xfer
 .text.tu_edpt_stream_read_xfer
                0x10006e30       0xdc CMakeFiles/PF_2_embarcatech.dir/home/thiago/.pico-sdk/sdk/2.1.0/lib/tinyusb/src/tusb.c.o
                0x10006e30                tu_edpt_stream_read_xfer
 .text.tu_fifo_config
                0x10006f0c       0x6c CMakeFiles/PF_2_embarcatech.dir/home/thiago/.pico-sdk/sdk/2.1.0/lib/tinyusb/src/common/tusb_fifo.c.o
                0x10006f0c                tu_fifo_config
 .text.tu_fifo_count
                0x10006f78       0x2c CMakeFiles/PF_2_embarcatech.dir/home/thiago/.pico-sdk/sdk/2.1.0/lib/tinyusb/src/common/tusb_fifo.c.o
                0x10006f78                tu_fifo_count
 .text.tu_fifo_empty
                0x10006fa4       0x10 CMakeFiles/PF_2_embarcatech.dir/home/thiago/.pico-sdk/sdk/2.1.0/lib/tinyusb/src/common/tusb_fifo.c.o
                0x10006fa4                tu_fifo_empty
 .text.tu_fifo_remaining
                0x10006fb4       0x2c CMakeFiles/PF_2_embarcatech.dir/home/thiago/.pico-sdk/sdk/2.1.0/lib/tinyusb/src/common/tusb_fifo.c.o
                0x10006fb4                tu_fifo_remaining
 .text.tu_fifo_read
                0x10006fe0       0x9c CMakeFiles/PF_2_embarcatech.dir/home/thiago/.pico-sdk/sdk/2.1.0/lib/tinyusb/src/common/tusb_fifo.c.o
                0x10006fe0                tu_fifo_read
 .text.tu_fifo_read_n
                0x1000707c       0xe8 CMakeFiles/PF_2_embarcatech.dir/home/thiago/.pico-sdk/sdk/2.1.0/lib/tinyusb/src/common/tusb_fifo.c.o
                0x1000707c                tu_fifo_read_n
 .text.tu_fifo_write
                0x10007164       0xa8 CMakeFiles/PF_2_embarcatech.dir/home/thiago/.pico-sdk/sdk/2.1.0/lib/tinyusb/src/common/tusb_fifo.c.o
                0x10007164                tu_fifo_write
 .text.tu_fifo_write_n
                0x1000720c      0x178 CMakeFiles/PF_2_embarcatech.dir/home/thiago/.pico-sdk/sdk/2.1.0/lib/tinyusb/src/common/tusb_fifo.c.o
                0x1000720c                tu_fifo_write_n
 .text.tu_fifo_clear
                0x10007384       0x40 CMakeFiles/PF_2_embarcatech.dir/home/thiago/.pico-sdk/sdk/2.1.0/lib/tinyusb/src/common/tusb_fifo.c.o
                0x10007384                tu_fifo_clear
 .text.tu_fifo_set_overwritable
                0x100073c4       0x48 CMakeFiles/PF_2_embarcatech.dir/home/thiago/.pico-sdk/sdk/2.1.0/lib/tinyusb/src/common/tusb_fifo.c.o
                0x100073c4                tu_fifo_set_overwritable
 .text.lwip_timeout_reached
                0x1000740c        0x8 CMakeFiles/PF_2_embarcatech.dir/home/thiago/.pico-sdk/sdk/2.1.0/src/rp2_common/pico_lwip/lwip_nosys.c.o
 .text.update_next_timeout
                0x10007414       0x60 CMakeFiles/PF_2_embarcatech.dir/home/thiago/.pico-sdk/sdk/2.1.0/src/rp2_common/pico_lwip/lwip_nosys.c.o
 .text.lwip_nosys_init
                0x10007474       0x30 CMakeFiles/PF_2_embarcatech.dir/home/thiago/.pico-sdk/sdk/2.1.0/src/rp2_common/pico_lwip/lwip_nosys.c.o
                0x10007474                lwip_nosys_init
 .text.lwip_nosys_deinit
                0x100074a4       0x20 CMakeFiles/PF_2_embarcatech.dir/home/thiago/.pico-sdk/sdk/2.1.0/src/rp2_common/pico_lwip/lwip_nosys.c.o
                0x100074a4                lwip_nosys_deinit
 .text.sys_arch_protect
                0x100074c4        0x4 CMakeFiles/PF_2_embarcatech.dir/home/thiago/.pico-sdk/sdk/2.1.0/src/rp2_common/pico_lwip/lwip_nosys.c.o
                0x100074c4                sys_arch_protect
 .text.sys_arch_unprotect
                0x100074c8        0x4 CMakeFiles/PF_2_embarcatech.dir/home/thiago/.pico-sdk/sdk/2.1.0/src/rp2_common/pico_lwip/lwip_nosys.c.o
                0x100074c8                sys_arch_unprotect
 .text.sys_now  0x100074cc       0x20 CMakeFiles/PF_2_embarcatech.dir/home/thiago/.pico-sdk/sdk/2.1.0/src/rp2_common/pico_lwip/lwip_nosys.c.o
                0x100074cc                sys_now
 .text.async_context_base_add_at_time_worker
                0x100074ec       0x24 CMakeFiles/PF_2_embarcatech.dir/home/thiago/.pico-sdk/sdk/2.1.0/src/rp2_common/pico_async_context/async_context_base.c.o
                0x100074ec                async_context_base_add_at_time_worker
 .text.async_context_base_remove_at_time_worker
                0x10007510       0x28 CMakeFiles/PF_2_embarcatech.dir/home/thiago/.pico-sdk/sdk/2.1.0/src/rp2_common/pico_async_context/async_context_base.c.o
                0x10007510                async_context_base_remove_at_time_worker
 .text.async_context_base_add_when_pending_worker
                0x10007538       0x24 CMakeFiles/PF_2_embarcatech.dir/home/thiago/.pico-sdk/sdk/2.1.0/src/rp2_common/pico_async_context/async_context_base.c.o
                0x10007538                async_context_base_add_when_pending_worker
 .text.async_context_base_remove_when_pending_worker
                0x1000755c       0x28 CMakeFiles/PF_2_embarcatech.dir/home/thiago/.pico-sdk/sdk/2.1.0/src/rp2_common/pico_async_context/async_context_base.c.o
                0x1000755c                async_context_base_remove_when_pending_worker
 .text.async_context_base_execute_once
                0x10007584      0x108 CMakeFiles/PF_2_embarcatech.dir/home/thiago/.pico-sdk/sdk/2.1.0/src/rp2_common/pico_async_context/async_context_base.c.o
                0x10007584                async_context_base_execute_once
 .text.splitmix64
                0x1000768c       0x58 CMakeFiles/PF_2_embarcatech.dir/home/thiago/.pico-sdk/sdk/2.1.0/src/rp2_common/pico_rand/rand.c.o
 .text.xoroshiro128ss
                0x100076e4       0x90 CMakeFiles/PF_2_embarcatech.dir/home/thiago/.pico-sdk/sdk/2.1.0/src/rp2_common/pico_rand/rand.c.o
 .text.get_rand_64
                0x10007774      0x4a4 CMakeFiles/PF_2_embarcatech.dir/home/thiago/.pico-sdk/sdk/2.1.0/src/rp2_common/pico_rand/rand.c.o
                0x10007774                get_rand_64
 .text.get_rand_32
                0x10007c18        0x8 CMakeFiles/PF_2_embarcatech.dir/home/thiago/.pico-sdk/sdk/2.1.0/src/rp2_common/pico_rand/rand.c.o
                0x10007c18                get_rand_32
 .text.lwip_init
                0x10007c20       0x24 CMakeFiles/PF_2_embarcatech.dir/home/thiago/.pico-sdk/sdk/2.1.0/lib/lwip/src/core/init.c.o
                0x10007c20                lwip_init
 .text.lwip_htons
                0x10007c44        0x8 CMakeFiles/PF_2_embarcatech.dir/home/thiago/.pico-sdk/sdk/2.1.0/lib/lwip/src/core/def.c.o
                0x10007c44                lwip_htons
 .text.lwip_htonl
                0x10007c4c        0x4 CMakeFiles/PF_2_embarcatech.dir/home/thiago/.pico-sdk/sdk/2.1.0/lib/lwip/src/core/def.c.o
                0x10007c4c                lwip_htonl
 .text.dns_call_found
                0x10007c50      0x184 CMakeFiles/PF_2_embarcatech.dir/home/thiago/.pico-sdk/sdk/2.1.0/lib/lwip/src/core/dns.c.o
 .text.dns_send.isra.0
                0x10007dd4      0x174 CMakeFiles/PF_2_embarcatech.dir/home/thiago/.pico-sdk/sdk/2.1.0/lib/lwip/src/core/dns.c.o
 .text.dns_init
                0x10007f48        0x4 CMakeFiles/PF_2_embarcatech.dir/home/thiago/.pico-sdk/sdk/2.1.0/lib/lwip/src/core/dns.c.o
                0x10007f48                dns_init
 .text.dns_setserver
                0x10007f4c       0x24 CMakeFiles/PF_2_embarcatech.dir/home/thiago/.pico-sdk/sdk/2.1.0/lib/lwip/src/core/dns.c.o
                0x10007f4c                dns_setserver
 .text.dns_tmr  0x10007f70      0x140 CMakeFiles/PF_2_embarcatech.dir/home/thiago/.pico-sdk/sdk/2.1.0/lib/lwip/src/core/dns.c.o
                0x10007f70                dns_tmr
 .text.lwip_standard_chksum
                0x100080b0       0xdc CMakeFiles/PF_2_embarcatech.dir/home/thiago/.pico-sdk/sdk/2.1.0/lib/lwip/src/core/inet_chksum.c.o
                0x100080b0                lwip_standard_chksum
 .text.inet_chksum_pseudo
                0x1000818c       0xbc CMakeFiles/PF_2_embarcatech.dir/home/thiago/.pico-sdk/sdk/2.1.0/lib/lwip/src/core/inet_chksum.c.o
                0x1000818c                inet_chksum_pseudo
 .text.ip_chksum_pseudo
                0x10008248       0x10 CMakeFiles/PF_2_embarcatech.dir/home/thiago/.pico-sdk/sdk/2.1.0/lib/lwip/src/core/inet_chksum.c.o
                0x10008248                ip_chksum_pseudo
 .text.inet_chksum
                0x10008258        0xc CMakeFiles/PF_2_embarcatech.dir/home/thiago/.pico-sdk/sdk/2.1.0/lib/lwip/src/core/inet_chksum.c.o
                0x10008258                inet_chksum
 .text.inet_chksum_pbuf
                0x10008264       0x78 CMakeFiles/PF_2_embarcatech.dir/home/thiago/.pico-sdk/sdk/2.1.0/lib/lwip/src/core/inet_chksum.c.o
                0x10008264                inet_chksum_pbuf
 .text.mem_init
                0x100082dc       0x3c CMakeFiles/PF_2_embarcatech.dir/home/thiago/.pico-sdk/sdk/2.1.0/lib/lwip/src/core/mem.c.o
                0x100082dc                mem_init
 .text.mem_free
                0x10008318      0x130 CMakeFiles/PF_2_embarcatech.dir/home/thiago/.pico-sdk/sdk/2.1.0/lib/lwip/src/core/mem.c.o
                0x10008318                mem_free
 .text.mem_trim
                0x10008448      0x104 CMakeFiles/PF_2_embarcatech.dir/home/thiago/.pico-sdk/sdk/2.1.0/lib/lwip/src/core/mem.c.o
                0x10008448                mem_trim
 .text.mem_malloc
                0x1000854c      0x124 CMakeFiles/PF_2_embarcatech.dir/home/thiago/.pico-sdk/sdk/2.1.0/lib/lwip/src/core/mem.c.o
                0x1000854c                mem_malloc
 .text.memp_init
                0x10008670       0x6c CMakeFiles/PF_2_embarcatech.dir/home/thiago/.pico-sdk/sdk/2.1.0/lib/lwip/src/core/memp.c.o
                0x10008670                memp_init
 .text.memp_malloc
                0x100086dc       0x40 CMakeFiles/PF_2_embarcatech.dir/home/thiago/.pico-sdk/sdk/2.1.0/lib/lwip/src/core/memp.c.o
                0x100086dc                memp_malloc
 .text.memp_free
                0x1000871c       0x38 CMakeFiles/PF_2_embarcatech.dir/home/thiago/.pico-sdk/sdk/2.1.0/lib/lwip/src/core/memp.c.o
                0x1000871c                memp_free
 .text.netif_null_output_ip4
                0x10008754        0x8 CMakeFiles/PF_2_embarcatech.dir/home/thiago/.pico-sdk/sdk/2.1.0/lib/lwip/src/core/netif.c.o
 .text.netif_do_set_ipaddr.isra.0
                0x1000875c       0x60 CMakeFiles/PF_2_embarcatech.dir/home/thiago/.pico-sdk/sdk/2.1.0/lib/lwip/src/core/netif.c.o
 .text.netif_init
                0x100087bc        0x4 CMakeFiles/PF_2_embarcatech.dir/home/thiago/.pico-sdk/sdk/2.1.0/lib/lwip/src/core/netif.c.o
                0x100087bc                netif_init
 .text.netif_add
                0x100087c0      0x16c CMakeFiles/PF_2_embarcatech.dir/home/thiago/.pico-sdk/sdk/2.1.0/lib/lwip/src/core/netif.c.o
                0x100087c0                netif_add
 .text.netif_set_addr
                0x1000892c       0xb4 CMakeFiles/PF_2_embarcatech.dir/home/thiago/.pico-sdk/sdk/2.1.0/lib/lwip/src/core/netif.c.o
                0x1000892c                netif_set_addr
 .text.netif_remove
                0x100089e0       0x94 CMakeFiles/PF_2_embarcatech.dir/home/thiago/.pico-sdk/sdk/2.1.0/lib/lwip/src/core/netif.c.o
                0x100089e0                netif_remove
 .text.netif_set_default
                0x10008a74        0xc CMakeFiles/PF_2_embarcatech.dir/home/thiago/.pico-sdk/sdk/2.1.0/lib/lwip/src/core/netif.c.o
                0x10008a74                netif_set_default
 .text.netif_set_up
                0x10008a80       0x40 CMakeFiles/PF_2_embarcatech.dir/home/thiago/.pico-sdk/sdk/2.1.0/lib/lwip/src/core/netif.c.o
                0x10008a80                netif_set_up
 .text.netif_set_link_up
                0x10008ac0       0x44 CMakeFiles/PF_2_embarcatech.dir/home/thiago/.pico-sdk/sdk/2.1.0/lib/lwip/src/core/netif.c.o
                0x10008ac0                netif_set_link_up
 .text.netif_set_link_down
                0x10008b04       0x20 CMakeFiles/PF_2_embarcatech.dir/home/thiago/.pico-sdk/sdk/2.1.0/lib/lwip/src/core/netif.c.o
                0x10008b04                netif_set_link_down
 .text.netif_get_by_index
                0x10008b24       0x2c CMakeFiles/PF_2_embarcatech.dir/home/thiago/.pico-sdk/sdk/2.1.0/lib/lwip/src/core/netif.c.o
                0x10008b24                netif_get_by_index
 .text.pbuf_free.part.0
                0x10008b50       0x7c CMakeFiles/PF_2_embarcatech.dir/home/thiago/.pico-sdk/sdk/2.1.0/lib/lwip/src/core/pbuf.c.o
 .text.pbuf_free_ooseq
                0x10008bcc       0x34 CMakeFiles/PF_2_embarcatech.dir/home/thiago/.pico-sdk/sdk/2.1.0/lib/lwip/src/core/pbuf.c.o
                0x10008bcc                pbuf_free_ooseq
 .text.pbuf_alloc
                0x10008c00      0x134 CMakeFiles/PF_2_embarcatech.dir/home/thiago/.pico-sdk/sdk/2.1.0/lib/lwip/src/core/pbuf.c.o
                0x10008c00                pbuf_alloc
 .text.pbuf_realloc
                0x10008d34       0x84 CMakeFiles/PF_2_embarcatech.dir/home/thiago/.pico-sdk/sdk/2.1.0/lib/lwip/src/core/pbuf.c.o
                0x10008d34                pbuf_realloc
 .text.pbuf_add_header
                0x10008db8       0x50 CMakeFiles/PF_2_embarcatech.dir/home/thiago/.pico-sdk/sdk/2.1.0/lib/lwip/src/core/pbuf.c.o
                0x10008db8                pbuf_add_header
 .text.pbuf_remove_header
                0x10008e08       0x3c CMakeFiles/PF_2_embarcatech.dir/home/thiago/.pico-sdk/sdk/2.1.0/lib/lwip/src/core/pbuf.c.o
                0x10008e08                pbuf_remove_header
 .text.pbuf_header_force
                0x10008e44       0x68 CMakeFiles/PF_2_embarcatech.dir/home/thiago/.pico-sdk/sdk/2.1.0/lib/lwip/src/core/pbuf.c.o
                0x10008e44                pbuf_header_force
 .text.pbuf_free
                0x10008eac       0x18 CMakeFiles/PF_2_embarcatech.dir/home/thiago/.pico-sdk/sdk/2.1.0/lib/lwip/src/core/pbuf.c.o
                0x10008eac                pbuf_free
 .text.pbuf_clen
                0x10008ec4       0x14 CMakeFiles/PF_2_embarcatech.dir/home/thiago/.pico-sdk/sdk/2.1.0/lib/lwip/src/core/pbuf.c.o
                0x10008ec4                pbuf_clen
 .text.pbuf_ref
                0x10008ed8       0x28 CMakeFiles/PF_2_embarcatech.dir/home/thiago/.pico-sdk/sdk/2.1.0/lib/lwip/src/core/pbuf.c.o
                0x10008ed8                pbuf_ref
 .text.pbuf_cat
                0x10008f00       0x44 CMakeFiles/PF_2_embarcatech.dir/home/thiago/.pico-sdk/sdk/2.1.0/lib/lwip/src/core/pbuf.c.o
                0x10008f00                pbuf_cat
 .text.pbuf_chain
                0x10008f44       0x64 CMakeFiles/PF_2_embarcatech.dir/home/thiago/.pico-sdk/sdk/2.1.0/lib/lwip/src/core/pbuf.c.o
                0x10008f44                pbuf_chain
 .text.pbuf_copy_partial_pbuf
                0x10008fa8      0x148 CMakeFiles/PF_2_embarcatech.dir/home/thiago/.pico-sdk/sdk/2.1.0/lib/lwip/src/core/pbuf.c.o
                0x10008fa8                pbuf_copy_partial_pbuf
 .text.pbuf_copy
                0x100090f0       0x18 CMakeFiles/PF_2_embarcatech.dir/home/thiago/.pico-sdk/sdk/2.1.0/lib/lwip/src/core/pbuf.c.o
                0x100090f0                pbuf_copy
 .text.pbuf_copy_partial
                0x10009108       0x68 CMakeFiles/PF_2_embarcatech.dir/home/thiago/.pico-sdk/sdk/2.1.0/lib/lwip/src/core/pbuf.c.o
                0x10009108                pbuf_copy_partial
 .text.pbuf_take
                0x10009170       0x78 CMakeFiles/PF_2_embarcatech.dir/home/thiago/.pico-sdk/sdk/2.1.0/lib/lwip/src/core/pbuf.c.o
                0x10009170                pbuf_take
 .text.pbuf_take_at
                0x100091e8       0xcc CMakeFiles/PF_2_embarcatech.dir/home/thiago/.pico-sdk/sdk/2.1.0/lib/lwip/src/core/pbuf.c.o
                0x100091e8                pbuf_take_at
 .text.pbuf_clone
                0x100092b4       0x30 CMakeFiles/PF_2_embarcatech.dir/home/thiago/.pico-sdk/sdk/2.1.0/lib/lwip/src/core/pbuf.c.o
                0x100092b4                pbuf_clone
 .text.pbuf_put_at
                0x100092e4       0x1c CMakeFiles/PF_2_embarcatech.dir/home/thiago/.pico-sdk/sdk/2.1.0/lib/lwip/src/core/pbuf.c.o
                0x100092e4                pbuf_put_at
 .text.raw_input
                0x10009300      0x164 CMakeFiles/PF_2_embarcatech.dir/home/thiago/.pico-sdk/sdk/2.1.0/lib/lwip/src/core/raw.c.o
                0x10009300                raw_input
 .text.raw_netif_ip_addr_changed
                0x10009464       0x40 CMakeFiles/PF_2_embarcatech.dir/home/thiago/.pico-sdk/sdk/2.1.0/lib/lwip/src/core/raw.c.o
                0x10009464                raw_netif_ip_addr_changed
 .text.stats_init
                0x100094a4        0x4 CMakeFiles/PF_2_embarcatech.dir/home/thiago/.pico-sdk/sdk/2.1.0/lib/lwip/src/core/stats.c.o
                0x100094a4                stats_init
 .text.tcp_close_shutdown_fin
                0x100094a8       0x54 CMakeFiles/PF_2_embarcatech.dir/home/thiago/.pico-sdk/sdk/2.1.0/lib/lwip/src/core/tcp.c.o
 .text.tcp_pcb_purge.part.0
                0x100094fc       0xc4 CMakeFiles/PF_2_embarcatech.dir/home/thiago/.pico-sdk/sdk/2.1.0/lib/lwip/src/core/tcp.c.o
 .text.tcp_init
                0x100095c0       0x20 CMakeFiles/PF_2_embarcatech.dir/home/thiago/.pico-sdk/sdk/2.1.0/lib/lwip/src/core/tcp.c.o
                0x100095c0                tcp_init
 .text.tcp_free
                0x100095e0       0x1c CMakeFiles/PF_2_embarcatech.dir/home/thiago/.pico-sdk/sdk/2.1.0/lib/lwip/src/core/tcp.c.o
                0x100095e0                tcp_free
 .text.tcp_update_rcv_ann_wnd
                0x100095fc       0x58 CMakeFiles/PF_2_embarcatech.dir/home/thiago/.pico-sdk/sdk/2.1.0/lib/lwip/src/core/tcp.c.o
                0x100095fc                tcp_update_rcv_ann_wnd
 .text.tcp_recved
                0x10009654       0x98 CMakeFiles/PF_2_embarcatech.dir/home/thiago/.pico-sdk/sdk/2.1.0/lib/lwip/src/core/tcp.c.o
                0x10009654                tcp_recved
 .text.tcp_slowtmr
                0x100096ec      0x524 CMakeFiles/PF_2_embarcatech.dir/home/thiago/.pico-sdk/sdk/2.1.0/lib/lwip/src/core/tcp.c.o
                0x100096ec                tcp_slowtmr
 .text.tcp_segs_free
                0x10009c10       0x38 CMakeFiles/PF_2_embarcatech.dir/home/thiago/.pico-sdk/sdk/2.1.0/lib/lwip/src/core/tcp.c.o
                0x10009c10                tcp_segs_free
 .text.tcp_seg_free
                0x10009c48       0x1c CMakeFiles/PF_2_embarcatech.dir/home/thiago/.pico-sdk/sdk/2.1.0/lib/lwip/src/core/tcp.c.o
                0x10009c48                tcp_seg_free
 .text.tcp_seg_copy
                0x10009c64       0x2c CMakeFiles/PF_2_embarcatech.dir/home/thiago/.pico-sdk/sdk/2.1.0/lib/lwip/src/core/tcp.c.o
                0x10009c64                tcp_seg_copy
 .text.tcp_pcb_purge
                0x10009c90       0x18 CMakeFiles/PF_2_embarcatech.dir/home/thiago/.pico-sdk/sdk/2.1.0/lib/lwip/src/core/tcp.c.o
                0x10009c90                tcp_pcb_purge
 .text.tcp_pcb_remove
                0x10009ca8       0xc8 CMakeFiles/PF_2_embarcatech.dir/home/thiago/.pico-sdk/sdk/2.1.0/lib/lwip/src/core/tcp.c.o
                0x10009ca8                tcp_pcb_remove
 .text.tcp_abandon
                0x10009d70      0x1a0 CMakeFiles/PF_2_embarcatech.dir/home/thiago/.pico-sdk/sdk/2.1.0/lib/lwip/src/core/tcp.c.o
                0x10009d70                tcp_abandon
 .text.tcp_abort
                0x10009f10        0xc CMakeFiles/PF_2_embarcatech.dir/home/thiago/.pico-sdk/sdk/2.1.0/lib/lwip/src/core/tcp.c.o
                0x10009f10                tcp_abort
 .text.tcp_alloc
                0x10009f1c      0x1d4 CMakeFiles/PF_2_embarcatech.dir/home/thiago/.pico-sdk/sdk/2.1.0/lib/lwip/src/core/tcp.c.o
                0x10009f1c                tcp_alloc
 .text.tcp_close_shutdown
                0x1000a0f0      0x188 CMakeFiles/PF_2_embarcatech.dir/home/thiago/.pico-sdk/sdk/2.1.0/lib/lwip/src/core/tcp.c.o
 .text.tcp_recv_null
                0x1000a278       0xcc CMakeFiles/PF_2_embarcatech.dir/home/thiago/.pico-sdk/sdk/2.1.0/lib/lwip/src/core/tcp.c.o
                0x1000a278                tcp_recv_null
 .text.tcp_process_refused_data
                0x1000a344       0x78 CMakeFiles/PF_2_embarcatech.dir/home/thiago/.pico-sdk/sdk/2.1.0/lib/lwip/src/core/tcp.c.o
                0x1000a344                tcp_process_refused_data
 .text.tcp_fasttmr
                0x1000a3bc       0x98 CMakeFiles/PF_2_embarcatech.dir/home/thiago/.pico-sdk/sdk/2.1.0/lib/lwip/src/core/tcp.c.o
                0x1000a3bc                tcp_fasttmr
 .text.tcp_tmr  0x1000a454       0x20 CMakeFiles/PF_2_embarcatech.dir/home/thiago/.pico-sdk/sdk/2.1.0/lib/lwip/src/core/tcp.c.o
                0x1000a454                tcp_tmr
 .text.tcp_next_iss
                0x1000a474       0x28 CMakeFiles/PF_2_embarcatech.dir/home/thiago/.pico-sdk/sdk/2.1.0/lib/lwip/src/core/tcp.c.o
                0x1000a474                tcp_next_iss
 .text.tcp_eff_send_mss_netif
                0x1000a49c       0x34 CMakeFiles/PF_2_embarcatech.dir/home/thiago/.pico-sdk/sdk/2.1.0/lib/lwip/src/core/tcp.c.o
                0x1000a49c                tcp_eff_send_mss_netif
 .text.tcp_netif_ip_addr_changed
                0x1000a4d0       0x94 CMakeFiles/PF_2_embarcatech.dir/home/thiago/.pico-sdk/sdk/2.1.0/lib/lwip/src/core/tcp.c.o
                0x1000a4d0                tcp_netif_ip_addr_changed
 .text.tcp_free_ooseq
                0x1000a564       0x40 CMakeFiles/PF_2_embarcatech.dir/home/thiago/.pico-sdk/sdk/2.1.0/lib/lwip/src/core/tcp.c.o
                0x1000a564                tcp_free_ooseq
 .text.tcp_parseopt
                0x1000a5a4      0x1bc CMakeFiles/PF_2_embarcatech.dir/home/thiago/.pico-sdk/sdk/2.1.0/lib/lwip/src/core/tcp_in.c.o
 .text.tcp_oos_insert_segment
                0x1000a760       0xdc CMakeFiles/PF_2_embarcatech.dir/home/thiago/.pico-sdk/sdk/2.1.0/lib/lwip/src/core/tcp_in.c.o
 .text.tcp_free_acked_segments.isra.0
                0x1000a83c       0xdc CMakeFiles/PF_2_embarcatech.dir/home/thiago/.pico-sdk/sdk/2.1.0/lib/lwip/src/core/tcp_in.c.o
 .text.tcp_receive
                0x1000a918      0xa00 CMakeFiles/PF_2_embarcatech.dir/home/thiago/.pico-sdk/sdk/2.1.0/lib/lwip/src/core/tcp_in.c.o
 .text.tcp_input
                0x1000b318      0xe54 CMakeFiles/PF_2_embarcatech.dir/home/thiago/.pico-sdk/sdk/2.1.0/lib/lwip/src/core/tcp_in.c.o
                0x1000b318                tcp_input
 .text.tcp_trigger_input_pcb_close
                0x1000c16c       0x10 CMakeFiles/PF_2_embarcatech.dir/home/thiago/.pico-sdk/sdk/2.1.0/lib/lwip/src/core/tcp_in.c.o
                0x1000c16c                tcp_trigger_input_pcb_close
 .text.tcp_create_segment
                0x1000c17c       0xf8 CMakeFiles/PF_2_embarcatech.dir/home/thiago/.pico-sdk/sdk/2.1.0/lib/lwip/src/core/tcp_out.c.o
 .text.tcp_output_control_segment
                0x1000c274       0xc0 CMakeFiles/PF_2_embarcatech.dir/home/thiago/.pico-sdk/sdk/2.1.0/lib/lwip/src/core/tcp_out.c.o
 .text.tcp_output_alloc_header.constprop.0
                0x1000c334       0xc8 CMakeFiles/PF_2_embarcatech.dir/home/thiago/.pico-sdk/sdk/2.1.0/lib/lwip/src/core/tcp_out.c.o
 .text.tcp_split_unsent_seg
                0x1000c3fc      0x1b4 CMakeFiles/PF_2_embarcatech.dir/home/thiago/.pico-sdk/sdk/2.1.0/lib/lwip/src/core/tcp_out.c.o
                0x1000c3fc                tcp_split_unsent_seg
 .text.tcp_send_fin
                0x1000c5b0      0x118 CMakeFiles/PF_2_embarcatech.dir/home/thiago/.pico-sdk/sdk/2.1.0/lib/lwip/src/core/tcp_out.c.o
                0x1000c5b0                tcp_send_fin
 .text.tcp_enqueue_flags
                0x1000c6c8      0x108 CMakeFiles/PF_2_embarcatech.dir/home/thiago/.pico-sdk/sdk/2.1.0/lib/lwip/src/core/tcp_out.c.o
                0x1000c6c8                tcp_enqueue_flags
 .text.tcp_rexmit_rto_prepare
                0x1000c7d0       0x9c CMakeFiles/PF_2_embarcatech.dir/home/thiago/.pico-sdk/sdk/2.1.0/lib/lwip/src/core/tcp_out.c.o
                0x1000c7d0                tcp_rexmit_rto_prepare
 .text.tcp_rexmit
                0x1000c86c       0x9c CMakeFiles/PF_2_embarcatech.dir/home/thiago/.pico-sdk/sdk/2.1.0/lib/lwip/src/core/tcp_out.c.o
                0x1000c86c                tcp_rexmit
 .text.tcp_rexmit_fast
                0x1000c908       0x64 CMakeFiles/PF_2_embarcatech.dir/home/thiago/.pico-sdk/sdk/2.1.0/lib/lwip/src/core/tcp_out.c.o
                0x1000c908                tcp_rexmit_fast
 .text.tcp_rst  0x1000c96c       0xe8 CMakeFiles/PF_2_embarcatech.dir/home/thiago/.pico-sdk/sdk/2.1.0/lib/lwip/src/core/tcp_out.c.o
                0x1000c96c                tcp_rst
 .text.tcp_rst_netif
                0x1000ca54      0x130 CMakeFiles/PF_2_embarcatech.dir/home/thiago/.pico-sdk/sdk/2.1.0/lib/lwip/src/core/tcp_out.c.o
                0x1000ca54                tcp_rst_netif
 .text.tcp_send_empty_ack
                0x1000cb84       0x4c CMakeFiles/PF_2_embarcatech.dir/home/thiago/.pico-sdk/sdk/2.1.0/lib/lwip/src/core/tcp_out.c.o
                0x1000cb84                tcp_send_empty_ack
 .text.tcp_output
                0x1000cbd0      0x454 CMakeFiles/PF_2_embarcatech.dir/home/thiago/.pico-sdk/sdk/2.1.0/lib/lwip/src/core/tcp_out.c.o
                0x1000cbd0                tcp_output
 .text.tcp_rexmit_rto_commit
                0x1000d024       0x24 CMakeFiles/PF_2_embarcatech.dir/home/thiago/.pico-sdk/sdk/2.1.0/lib/lwip/src/core/tcp_out.c.o
                0x1000d024                tcp_rexmit_rto_commit
 .text.tcp_rexmit_rto
                0x1000d048       0xa4 CMakeFiles/PF_2_embarcatech.dir/home/thiago/.pico-sdk/sdk/2.1.0/lib/lwip/src/core/tcp_out.c.o
                0x1000d048                tcp_rexmit_rto
 .text.tcp_keepalive
                0x1000d0ec       0xdc CMakeFiles/PF_2_embarcatech.dir/home/thiago/.pico-sdk/sdk/2.1.0/lib/lwip/src/core/tcp_out.c.o
                0x1000d0ec                tcp_keepalive
 .text.tcp_zero_window_probe
                0x1000d1c8      0x110 CMakeFiles/PF_2_embarcatech.dir/home/thiago/.pico-sdk/sdk/2.1.0/lib/lwip/src/core/tcp_out.c.o
                0x1000d1c8                tcp_zero_window_probe
 .text.tcpip_tcp_timer
                0x1000d2d8       0x78 CMakeFiles/PF_2_embarcatech.dir/home/thiago/.pico-sdk/sdk/2.1.0/lib/lwip/src/core/timeouts.c.o
 .text.lwip_cyclic_timer
                0x1000d350       0x98 CMakeFiles/PF_2_embarcatech.dir/home/thiago/.pico-sdk/sdk/2.1.0/lib/lwip/src/core/timeouts.c.o
 .text.tcp_timer_needed
                0x1000d3e8       0x7c CMakeFiles/PF_2_embarcatech.dir/home/thiago/.pico-sdk/sdk/2.1.0/lib/lwip/src/core/timeouts.c.o
                0x1000d3e8                tcp_timer_needed
 .text.sys_timeouts_init
                0x1000d464       0x8c CMakeFiles/PF_2_embarcatech.dir/home/thiago/.pico-sdk/sdk/2.1.0/lib/lwip/src/core/timeouts.c.o
                0x1000d464                sys_timeouts_init
 .text.sys_check_timeouts
                0x1000d4f0       0x68 CMakeFiles/PF_2_embarcatech.dir/home/thiago/.pico-sdk/sdk/2.1.0/lib/lwip/src/core/timeouts.c.o
                0x1000d4f0                sys_check_timeouts
 .text.sys_timeouts_sleeptime
                0x1000d558       0x28 CMakeFiles/PF_2_embarcatech.dir/home/thiago/.pico-sdk/sdk/2.1.0/lib/lwip/src/core/timeouts.c.o
                0x1000d558                sys_timeouts_sleeptime
 .text.udp_init
                0x1000d580       0x20 CMakeFiles/PF_2_embarcatech.dir/home/thiago/.pico-sdk/sdk/2.1.0/lib/lwip/src/core/udp.c.o
                0x1000d580                udp_init
 .text.udp_input
                0x1000d5a0      0x320 CMakeFiles/PF_2_embarcatech.dir/home/thiago/.pico-sdk/sdk/2.1.0/lib/lwip/src/core/udp.c.o
                0x1000d5a0                udp_input
 .text.udp_bind
                0x1000d8c0      0x118 CMakeFiles/PF_2_embarcatech.dir/home/thiago/.pico-sdk/sdk/2.1.0/lib/lwip/src/core/udp.c.o
                0x1000d8c0                udp_bind
 .text.udp_sendto_if_src
                0x1000d9d8      0x130 CMakeFiles/PF_2_embarcatech.dir/home/thiago/.pico-sdk/sdk/2.1.0/lib/lwip/src/core/udp.c.o
                0x1000d9d8                udp_sendto_if_src
 .text.udp_sendto_if
                0x1000db08       0x48 CMakeFiles/PF_2_embarcatech.dir/home/thiago/.pico-sdk/sdk/2.1.0/lib/lwip/src/core/udp.c.o
                0x1000db08                udp_sendto_if
 .text.udp_sendto
                0x1000db50       0x78 CMakeFiles/PF_2_embarcatech.dir/home/thiago/.pico-sdk/sdk/2.1.0/lib/lwip/src/core/udp.c.o
                0x1000db50                udp_sendto
 .text.udp_connect
                0x1000dbc8       0x60 CMakeFiles/PF_2_embarcatech.dir/home/thiago/.pico-sdk/sdk/2.1.0/lib/lwip/src/core/udp.c.o
                0x1000dbc8                udp_connect
 .text.udp_recv
                0x1000dc28        0xc CMakeFiles/PF_2_embarcatech.dir/home/thiago/.pico-sdk/sdk/2.1.0/lib/lwip/src/core/udp.c.o
                0x1000dc28                udp_recv
 .text.udp_remove
                0x1000dc34       0x3c CMakeFiles/PF_2_embarcatech.dir/home/thiago/.pico-sdk/sdk/2.1.0/lib/lwip/src/core/udp.c.o
                0x1000dc34                udp_remove
 .text.udp_new  0x1000dc70       0x1c CMakeFiles/PF_2_embarcatech.dir/home/thiago/.pico-sdk/sdk/2.1.0/lib/lwip/src/core/udp.c.o
                0x1000dc70                udp_new
 .text.udp_netif_ip_addr_changed
                0x1000dc8c       0x40 CMakeFiles/PF_2_embarcatech.dir/home/thiago/.pico-sdk/sdk/2.1.0/lib/lwip/src/core/udp.c.o
                0x1000dc8c                udp_netif_ip_addr_changed
 .text.dhcp_create_msg
                0x1000dccc      0x164 CMakeFiles/PF_2_embarcatech.dir/home/thiago/.pico-sdk/sdk/2.1.0/lib/lwip/src/core/ipv4/dhcp.c.o
 .text.dhcp_inc_pcb_refcount
                0x1000de30       0x6c CMakeFiles/PF_2_embarcatech.dir/home/thiago/.pico-sdk/sdk/2.1.0/lib/lwip/src/core/ipv4/dhcp.c.o
 .text.dhcp_bind
                0x1000de9c      0x138 CMakeFiles/PF_2_embarcatech.dir/home/thiago/.pico-sdk/sdk/2.1.0/lib/lwip/src/core/ipv4/dhcp.c.o
 .text.dhcp_option_hostname.isra.0
                0x1000dfd4       0x84 CMakeFiles/PF_2_embarcatech.dir/home/thiago/.pico-sdk/sdk/2.1.0/lib/lwip/src/core/ipv4/dhcp.c.o
 .text.dhcp_handle_ack.isra.0
                0x1000e058       0xcc CMakeFiles/PF_2_embarcatech.dir/home/thiago/.pico-sdk/sdk/2.1.0/lib/lwip/src/core/ipv4/dhcp.c.o
 .text.dhcp_reboot.isra.0
                0x1000e124      0x178 CMakeFiles/PF_2_embarcatech.dir/home/thiago/.pico-sdk/sdk/2.1.0/lib/lwip/src/core/ipv4/dhcp.c.o
 .text.dhcp_discover
                0x1000e29c      0x140 CMakeFiles/PF_2_embarcatech.dir/home/thiago/.pico-sdk/sdk/2.1.0/lib/lwip/src/core/ipv4/dhcp.c.o
 .text.dhcp_select.isra.0
                0x1000e3dc      0x1e0 CMakeFiles/PF_2_embarcatech.dir/home/thiago/.pico-sdk/sdk/2.1.0/lib/lwip/src/core/ipv4/dhcp.c.o
 .text.dhcp_recv
                0x1000e5bc      0x47c CMakeFiles/PF_2_embarcatech.dir/home/thiago/.pico-sdk/sdk/2.1.0/lib/lwip/src/core/ipv4/dhcp.c.o
 .text.dhcp_set_struct
                0x1000ea38       0x44 CMakeFiles/PF_2_embarcatech.dir/home/thiago/.pico-sdk/sdk/2.1.0/lib/lwip/src/core/ipv4/dhcp.c.o
                0x1000ea38                dhcp_set_struct
 .text.dhcp_network_changed_link_up
                0x1000ea7c       0x40 CMakeFiles/PF_2_embarcatech.dir/home/thiago/.pico-sdk/sdk/2.1.0/lib/lwip/src/core/ipv4/dhcp.c.o
                0x1000ea7c                dhcp_network_changed_link_up
 .text.dhcp_renew
                0x1000eabc      0x138 CMakeFiles/PF_2_embarcatech.dir/home/thiago/.pico-sdk/sdk/2.1.0/lib/lwip/src/core/ipv4/dhcp.c.o
                0x1000eabc                dhcp_renew
 .text.dhcp_release_and_stop
                0x1000ebf4      0x158 CMakeFiles/PF_2_embarcatech.dir/home/thiago/.pico-sdk/sdk/2.1.0/lib/lwip/src/core/ipv4/dhcp.c.o
                0x1000ebf4                dhcp_release_and_stop
 .text.dhcp_start
                0x1000ed4c       0xb0 CMakeFiles/PF_2_embarcatech.dir/home/thiago/.pico-sdk/sdk/2.1.0/lib/lwip/src/core/ipv4/dhcp.c.o
                0x1000ed4c                dhcp_start
 .text.dhcp_coarse_tmr
                0x1000edfc      0x1d8 CMakeFiles/PF_2_embarcatech.dir/home/thiago/.pico-sdk/sdk/2.1.0/lib/lwip/src/core/ipv4/dhcp.c.o
                0x1000edfc                dhcp_coarse_tmr
 .text.dhcp_fine_tmr
                0x1000efd4       0x78 CMakeFiles/PF_2_embarcatech.dir/home/thiago/.pico-sdk/sdk/2.1.0/lib/lwip/src/core/ipv4/dhcp.c.o
                0x1000efd4                dhcp_fine_tmr
 .text.dhcp_stop
                0x1000f04c      0x158 CMakeFiles/PF_2_embarcatech.dir/home/thiago/.pico-sdk/sdk/2.1.0/lib/lwip/src/core/ipv4/dhcp.c.o
                0x1000f04c                dhcp_stop
 .text.etharp_find_entry
                0x1000f1a4      0x3c0 CMakeFiles/PF_2_embarcatech.dir/home/thiago/.pico-sdk/sdk/2.1.0/lib/lwip/src/core/ipv4/etharp.c.o
 .text.etharp_raw
                0x1000f564       0xec CMakeFiles/PF_2_embarcatech.dir/home/thiago/.pico-sdk/sdk/2.1.0/lib/lwip/src/core/ipv4/etharp.c.o
 .text.etharp_output_to_arp_index
                0x1000f650       0xd0 CMakeFiles/PF_2_embarcatech.dir/home/thiago/.pico-sdk/sdk/2.1.0/lib/lwip/src/core/ipv4/etharp.c.o
 .text.etharp_tmr
                0x1000f720       0x94 CMakeFiles/PF_2_embarcatech.dir/home/thiago/.pico-sdk/sdk/2.1.0/lib/lwip/src/core/ipv4/etharp.c.o
                0x1000f720                etharp_tmr
 .text.etharp_cleanup_netif
                0x1000f7b4      0x188 CMakeFiles/PF_2_embarcatech.dir/home/thiago/.pico-sdk/sdk/2.1.0/lib/lwip/src/core/ipv4/etharp.c.o
                0x1000f7b4                etharp_cleanup_netif
 .text.etharp_input
                0x1000f93c      0x1b8 CMakeFiles/PF_2_embarcatech.dir/home/thiago/.pico-sdk/sdk/2.1.0/lib/lwip/src/core/ipv4/etharp.c.o
                0x1000f93c                etharp_input
 .text.etharp_query
                0x1000faf4      0x1b8 CMakeFiles/PF_2_embarcatech.dir/home/thiago/.pico-sdk/sdk/2.1.0/lib/lwip/src/core/ipv4/etharp.c.o
                0x1000faf4                etharp_query
 .text.etharp_output
                0x1000fcac      0x24c CMakeFiles/PF_2_embarcatech.dir/home/thiago/.pico-sdk/sdk/2.1.0/lib/lwip/src/core/ipv4/etharp.c.o
                0x1000fcac                etharp_output
 .text.etharp_request
                0x1000fef8       0x2c CMakeFiles/PF_2_embarcatech.dir/home/thiago/.pico-sdk/sdk/2.1.0/lib/lwip/src/core/ipv4/etharp.c.o
                0x1000fef8                etharp_request
 .text.icmp_input
                0x1000ff24      0x1ec CMakeFiles/PF_2_embarcatech.dir/home/thiago/.pico-sdk/sdk/2.1.0/lib/lwip/src/core/ipv4/icmp.c.o
                0x1000ff24                icmp_input
 .text.icmp_dest_unreach
                0x10010110       0xcc CMakeFiles/PF_2_embarcatech.dir/home/thiago/.pico-sdk/sdk/2.1.0/lib/lwip/src/core/ipv4/icmp.c.o
                0x10010110                icmp_dest_unreach
 .text.icmp_time_exceeded
                0x100101dc       0xcc CMakeFiles/PF_2_embarcatech.dir/home/thiago/.pico-sdk/sdk/2.1.0/lib/lwip/src/core/ipv4/icmp.c.o
                0x100101dc                icmp_time_exceeded
 .text.ip_reass_free_complete_datagram
                0x100102a8      0x11c CMakeFiles/PF_2_embarcatech.dir/home/thiago/.pico-sdk/sdk/2.1.0/lib/lwip/src/core/ipv4/ip4_frag.c.o
 .text.ip_reass_remove_oldest_datagram
                0x100103c4       0xd8 CMakeFiles/PF_2_embarcatech.dir/home/thiago/.pico-sdk/sdk/2.1.0/lib/lwip/src/core/ipv4/ip4_frag.c.o
 .text.ip_reass_tmr
                0x1001049c       0x30 CMakeFiles/PF_2_embarcatech.dir/home/thiago/.pico-sdk/sdk/2.1.0/lib/lwip/src/core/ipv4/ip4_frag.c.o
                0x1001049c                ip_reass_tmr
 .text.ip4_reass
                0x100104cc      0x560 CMakeFiles/PF_2_embarcatech.dir/home/thiago/.pico-sdk/sdk/2.1.0/lib/lwip/src/core/ipv4/ip4_frag.c.o