Archive member included to satisfy reference by file (symbol)

/home/thiago/.pico-sdk/toolchain/13_3_Rel1/bin/../lib/gcc/arm-none-eabi/13.3.1/thumb/v6-m/nofp/libgcc.a(_dvmd_tls.o)
                              CMakeFiles/PF_2_embarcatech.dir/home/thiago/.pico-sdk/sdk/2.1.0/src/rp2_common/pico_divider/divider_hardware.S.o (__aeabi_idiv0)
/home/thiago/.pico-sdk/toolchain/13_3_Rel1/bin/../lib/gcc/arm-none-eabi/13.3.1/../../../../arm-none-eabi/lib/thumb/v6-m/nofp/libg.a(libc_a-strlen-stub.o)
                              CMakeFiles/PF_2_embarcatech.dir/home/thiago/.pico-sdk/sdk/2.1.0/src/rp2_common/pico_stdio/stdio.c.o (strlen)
/home/thiago/.pico-sdk/toolchain/13_3_Rel1/bin/../lib/gcc/arm-none-eabi/13.3.1/../../../../arm-none-eabi/lib/thumb/v6-m/nofp/libg.a(libc_a-strncmp.o)
                              CMakeFiles/PF_2_embarcatech.dir/home/thiago/.pico-sdk/sdk/2.1.0/lib/lwip/src/core/def.c.o (strncmp)
/home/thiago/.pico-sdk/toolchain/13_3_Rel1/bin/../lib/gcc/arm-none-eabi/13.3.1/../../../../arm-none-eabi/lib/thumb/v6-m/nofp/libg.a(libc_a-malloc.o)
                              CMakeFiles/PF_2_embarcatech.dir/home/thiago/.pico-sdk/sdk/2.1.0/src/rp2_common/pico_malloc/malloc.c.o (malloc)
/home/thiago/.pico-sdk/toolchain/13_3_Rel1/bin/../lib/gcc/arm-none-eabi/13.3.1/../../../../arm-none-eabi/lib/thumb/v6-m/nofp/libg.a(libc_a-mallocr.o)
                              /home/thiago/.pico-sdk/toolchain/13_3_Rel1/bin/../lib/gcc/arm-none-eabi/13.3.1/../../../../arm-none-eabi/lib/thumb/v6-m/nofp/libg.a(libc_a-malloc.o) (_malloc_r)
/home/thiago/.pico-sdk/toolchain/13_3_Rel1/bin/../lib/gcc/arm-none-eabi/13.3.1/../../../../arm-none-eabi/lib/thumb/v6-m/nofp/libg.a(libc_a-lcltime_r.o)
                              CMakeFiles/PF_2_embarcatech.dir/home/thiago/.pico-sdk/sdk/2.1.0/src/common/pico_util/datetime.c.o (localtime_r)
/home/thiago/.pico-sdk/toolchain/13_3_Rel1/bin/../lib/gcc/arm-none-eabi/13.3.1/../../../../arm-none-eabi/lib/thumb/v6-m/nofp/libg.a(libc_a-sbrkr.o)
                              /home/thiago/.pico-sdk/toolchain/13_3_Rel1/bin/../lib/gcc/arm-none-eabi/13.3.1/../../../../arm-none-eabi/lib/thumb/v6-m/nofp/libg.a(libc_a-mallocr.o) (_sbrk_r)
/home/thiago/.pico-sdk/toolchain/13_3_Rel1/bin/../lib/gcc/arm-none-eabi/13.3.1/../../../../arm-none-eabi/lib/thumb/v6-m/nofp/libg.a(libc_a-mktime.o)
                              CMakeFiles/PF_2_embarcatech.dir/home/thiago/.pico-sdk/sdk/2.1.0/src/common/pico_util/datetime.c.o (mktime)
/home/thiago/.pico-sdk/toolchain/13_3_Rel1/bin/../lib/gcc/arm-none-eabi/13.3.1/../../../../arm-none-eabi/lib/thumb/v6-m/nofp/libg.a(libc_a-month_lengths.o)
                              /home/thiago/.pico-sdk/toolchain/13_3_Rel1/bin/../lib/gcc/arm-none-eabi/13.3.1/../../../../arm-none-eabi/lib/thumb/v6-m/nofp/libg.a(libc_a-lcltime_r.o) (__month_lengths)
/home/thiago/.pico-sdk/toolchain/13_3_Rel1/bin/../lib/gcc/arm-none-eabi/13.3.1/../../../../arm-none-eabi/lib/thumb/v6-m/nofp/libg.a(libc_a-tzcalc_limits.o)
                              /home/thiago/.pico-sdk/toolchain/13_3_Rel1/bin/../lib/gcc/arm-none-eabi/13.3.1/../../../../arm-none-eabi/lib/thumb/v6-m/nofp/libg.a(libc_a-lcltime_r.o) (__tzcalc_limits)
/home/thiago/.pico-sdk/toolchain/13_3_Rel1/bin/../lib/gcc/arm-none-eabi/13.3.1/../../../../arm-none-eabi/lib/thumb/v6-m/nofp/libg.a(libc_a-tzlock.o)
                              /home/thiago/.pico-sdk/toolchain/13_3_Rel1/bin/../lib/gcc/arm-none-eabi/13.3.1/../../../../arm-none-eabi/lib/thumb/v6-m/nofp/libg.a(libc_a-lcltime_r.o) (__tz_lock)
/home/thiago/.pico-sdk/toolchain/13_3_Rel1/bin/../lib/gcc/arm-none-eabi/13.3.1/../../../../arm-none-eabi/lib/thumb/v6-m/nofp/libg.a(libc_a-tzset.o)
                              /home/thiago/.pico-sdk/toolchain/13_3_Rel1/bin/../lib/gcc/arm-none-eabi/13.3.1/../../../../arm-none-eabi/lib/thumb/v6-m/nofp/libg.a(libc_a-lcltime_r.o) (_tzset_unlocked)
/home/thiago/.pico-sdk/toolchain/13_3_Rel1/bin/../lib/gcc/arm-none-eabi/13.3.1/../../../../arm-none-eabi/lib/thumb/v6-m/nofp/libg.a(libc_a-mlock.o)
                              /home/thiago/.pico-sdk/toolchain/13_3_Rel1/bin/../lib/gcc/arm-none-eabi/13.3.1/../../../../arm-none-eabi/lib/thumb/v6-m/nofp/libg.a(libc_a-mallocr.o) (__malloc_lock)
/home/thiago/.pico-sdk/toolchain/13_3_Rel1/bin/../lib/gcc/arm-none-eabi/13.3.1/../../../../arm-none-eabi/lib/thumb/v6-m/nofp/libg.a(libc_a-atoi.o)
                              CMakeFiles/PF_2_embarcatech.dir/home/thiago/.pico-sdk/sdk/2.1.0/lib/lwip/src/core/netif.c.o (atoi)
/home/thiago/.pico-sdk/toolchain/13_3_Rel1/bin/../lib/gcc/arm-none-eabi/13.3.1/../../../../arm-none-eabi/lib/thumb/v6-m/nofp/libg.a(libc_a-calloc.o)
                              CMakeFiles/PF_2_embarcatech.dir/home/thiago/.pico-sdk/sdk/2.1.0/src/rp2_common/pico_malloc/malloc.c.o (calloc)
/home/thiago/.pico-sdk/toolchain/13_3_Rel1/bin/../lib/gcc/arm-none-eabi/13.3.1/../../../../arm-none-eabi/lib/thumb/v6-m/nofp/libg.a(libc_a-memcmp.o)
[...]
Memory Configuration

Name             Origin             Length             Attributes
FLASH            0x10000000         0x00200000         xr
RAM              0x20000000         0x00040000         xrw
SCRATCH_X        0x20040000         0x00001000         xrw
SCRATCH_Y        0x20041000         0x00001000         xrw
*default*        0x00000000         0xffffffff

Linker script and memory map

LOAD /home/thiago/.pico-sdk/toolchain/13_3_Rel1/bin/../lib/gcc/arm-none-eabi/13.3.1/thumb/v6-m/nofp/crti.o
LOAD /home/thiago/.pico-sdk/toolchain/13_3_Rel1/bin/../lib/gcc/arm-none-eabi/13.3.1/thumb/v6-m/nofp/crtbegin.o
LOAD /home/thiago/.pico-sdk/toolchain/13_3_Rel1/bin/../lib/gcc/arm-none-eabi/13.3.1/../../../../arm-none-eabi/lib/thumb/v6-m/nofp/crt0.o

.flash_begin    0x10000000        0x0
                0x10000000                        __flash_binary_start = .

.boot2          0x10000000      0x100
                0x10000000                        __boot2_start__ = .
 *(.boot2)
 .boot2         0x10000000      0x100 pico-sdk/src/rp2040/boot_stage2/CMakeFiles/bs2_default_library.dir/./bs2_default_padded_checksummed.S.o
                0x10000100                        __boot2_end__ = .
                0x00000001                        ASSERT (((__boot2_end__ - __boot2_start__) == 0x100), ERROR: Pico second stage bootloader must be 256 bytes in size)

.text           0x10000100    0x177b4
                0x10000100                        __logical_binary_start = .
 *(.vectors)
 .vectors       0x10000100       0xd4 CMakeFiles/PF_2_embarcatech.dir/home/thiago/.pico-sdk/sdk/2.1.0/src/rp2_common/pico_crt0/crt0.S.o
                0x10000100                __vectors
                0x10000100                __VECTOR_TABLE
                0x100001c0                isr_invalid
                0x100001c0                __default_isrs_start
                0x100001c2                isr_nmi
                0x100001c4                isr_hardfault
                0x100001c6                isr_svcall
                0x100001c8                isr_pendsv
                0x100001ca                isr_systick
                0x100001cc                isr_irq30
                0x100001cc                __unhandled_user_irq
                0x100001cc                isr_irq13
                0x100001cc                isr_irq27
                0x100001cc                isr_irq31
                0x100001cc                isr_irq5
                0x100001cc                isr_irq11
                0x100001cc                isr_irq23
                0x100001cc                isr_irq18
                0x100001cc                isr_irq28
                0x100001cc                isr_irq19
                0x100001cc                isr_irq0
                0x100001cc                isr_irq6
                0x100001cc                isr_irq22
                0x100001cc                isr_irq17
                0x100001cc                isr_irq14
                0x100001cc                isr_irq2
                0x100001cc                isr_irq10
                0x100001cc                isr_irq8
                0x100001cc                isr_irq24
                0x100001cc                isr_irq1
                0x100001cc                isr_irq7
                0x100001cc                isr_irq21
                0x100001cc                isr_irq20
                0x100001cc                isr_irq15
                0x100001cc                isr_irq25
                0x100001cc                isr_irq4
                0x100001cc                isr_irq16
                0x100001cc                isr_irq29
                0x100001cc                isr_irq26
                0x100001cc                __default_isrs_end
                0x100001cc                isr_irq3
                0x100001cc                isr_irq12
                0x100001cc                isr_irq9
                0x100001d2                unhandled_user_irq_num_in_r0
 *(.binary_info_header)
 .binary_info_header
                0x100001d4       0x14 CMakeFiles/PF_2_embarcatech.dir/home/thiago/.pico-sdk/sdk/2.1.0/src/rp2_common/pico_crt0/crt0.S.o
                0x100001e8                        __binary_info_header_end = .
 *(.embedded_block)
                0x100001e8                        __embedded_block_end = .
 *(.reset)
 .reset         0x100001e8       0x9c CMakeFiles/PF_2_embarcatech.dir/home/thiago/.pico-sdk/sdk/2.1.0/src/rp2_common/pico_crt0/crt0.S.o
                0x100001e8                _entry_point
 *(.init)
 .init          0x10000284        0x4 /home/thiago/.pico-sdk/toolchain/13_3_Rel1/bin/../lib/gcc/arm-none-eabi/13.3.1/thumb/v6-m/nofp/crti.o
                0x10000284                _init
 *(EXCLUDE_FILE(*libm.a: *libc.a:*lib_a-mem*.o *libgcc.a:) .text*)
 .text.register_tm_clones
                0x10000288       0x28 /home/thiago/.pico-sdk/toolchain/13_3_Rel1/bin/../lib/gcc/arm-none-eabi/13.3.1/thumb/v6-m/nofp/crtbegin.o
 .text.frame_dummy
                0x100002b0       0x24 /home/thiago/.pico-sdk/toolchain/13_3_Rel1/bin/../lib/gcc/arm-none-eabi/13.3.1/thumb/v6-m/nofp/crtbegin.o
 .text.scan_callback
                0x100002d4       0x28 CMakeFiles/PF_2_embarcatech.dir/PF_2_embarcatech.c.o
 .text.repeating_timer_callback
                0x100002fc       0x78 CMakeFiles/PF_2_embarcatech.dir/PF_2_embarcatech.c.o
                0x100002fc                repeating_timer_callback
 .text.ws2818b_program_init
                0x10000374       0xdc CMakeFiles/PF_2_embarcatech.dir/PF_2_embarcatech.c.o
                0x10000374                ws2818b_program_init
 .text.npInit   0x10000450       0xf0 CMakeFiles/PF_2_embarcatech.dir/PF_2_embarcatech.c.o
                0x10000450                npInit
 .text.npWrite  0x10000540       0x68 CMakeFiles/PF_2_embarcatech.dir/PF_2_embarcatech.c.o
                0x10000540                npWrite
 .text.mic_setup
                0x100005a8       0xb4 CMakeFiles/PF_2_embarcatech.dir/PF_2_embarcatech.c.o
                0x100005a8                mic_setup
 .text.oled_setup
                0x1000065c       0x58 CMakeFiles/PF_2_embarcatech.dir/PF_2_embarcatech.c.o
                0x1000065c                oled_setup
 .text.wifi_setup
                0x100006b4       0x74 CMakeFiles/PF_2_embarcatech.dir/PF_2_embarcatech.c.o
                0x100006b4                wifi_setup
 .text.startup.main
                0x10000728      0x404 CMakeFiles/PF_2_embarcatech.dir/PF_2_embarcatech.c.o
                0x10000728                main
 .text.connecte_oled
                0x10000b2c       0x70 CMakeFiles/PF_2_embarcatech.dir/display_oled.c.o
                0x10000b2c                connecte_oled
 .text.calculate_render_area_buffer_length
                0x10000b9c       0x18 CMakeFiles/PF_2_embarcatech.dir/inc/ssd1306_i2c.c.o
                0x10000b9c                calculate_render_area_buffer_length
 .text.ssd1306_init
                0x10000bb4       0x58 CMakeFiles/PF_2_embarcatech.dir/inc/ssd1306_i2c.c.o
                0x10000bb4                ssd1306_init
 .text.render_on_display
                0x10000c0c       0x98 CMakeFiles/PF_2_embarcatech.dir/inc/ssd1306_i2c.c.o
                0x10000c0c                render_on_display
 .text.ssd1306_draw_string
                0x10000ca4       0xd8 CMakeFiles/PF_2_embarcatech.dir/inc/ssd1306_i2c.c.o
                0x10000ca4                ssd1306_draw_string
 .text.gpio_set_function
                0x10000d7c       0x34 CMakeFiles/PF_2_embarcatech.dir/home/thiago/.pico-sdk/sdk/2.1.0/src/rp2_common/hardware_gpio/gpio.c.o
                0x10000d7c                gpio_set_function
 .text.gpio_set_pulls
                0x10000db0       0x28 CMakeFiles/PF_2_embarcatech.dir/home/thiago/.pico-sdk/sdk/2.1.0/src/rp2_common/hardware_gpio/gpio.c.o
                0x10000db0                gpio_set_pulls
 .text.gpio_set_input_hysteresis_enabled
                0x10000dd8       0x28 CMakeFiles/PF_2_embarcatech.dir/home/thiago/.pico-sdk/sdk/2.1.0/src/rp2_common/hardware_gpio/gpio.c.o
                0x10000dd8                gpio_set_input_hysteresis_enabled
 .text.gpio_set_irq_enabled
                0x10000e00       0x58 CMakeFiles/PF_2_embarcatech.dir/home/thiago/.pico-sdk/sdk/2.1.0/src/rp2_common/hardware_gpio/gpio.c.o
                0x10000e00                gpio_set_irq_enabled
 .text.gpio_add_raw_irq_handler_with_order_priority_masked
                0x10000e58       0x44 CMakeFiles/PF_2_embarcatech.dir/home/thiago/.pico-sdk/sdk/2.1.0/src/rp2_common/hardware_gpio/gpio.c.o
                0x10000e58                gpio_add_raw_irq_handler_with_order_priority_masked
 .text.gpio_remove_raw_irq_handler_masked
                0x10000e9c       0x20 CMakeFiles/PF_2_embarcatech.dir/home/thiago/.pico-sdk/sdk/2.1.0/src/rp2_common/hardware_gpio/gpio.c.o
                0x10000e9c                gpio_remove_raw_irq_handler_masked
 .text.gpio_set_input_enabled
                0x10000ebc       0x28 CMakeFiles/PF_2_embarcatech.dir/home/thiago/.pico-sdk/sdk/2.1.0/src/rp2_common/hardware_gpio/gpio.c.o
                0x10000ebc                gpio_set_input_enabled
 .text.gpio_init
                0x10000ee4       0x40 CMakeFiles/PF_2_embarcatech.dir/home/thiago/.pico-sdk/sdk/2.1.0/src/rp2_common/hardware_gpio/gpio.c.o
                0x10000ee4                gpio_init
 .text.rp2040_chip_version
                0x10000f24        0xc CMakeFiles/PF_2_embarcatech.dir/home/thiago/.pico-sdk/sdk/2.1.0/src/rp2040/pico_platform/platform.c.o
                0x10000f24                rp2040_chip_version
 .text.panic    0x10000f30       0x30 CMakeFiles/PF_2_embarcatech.dir/home/thiago/.pico-sdk/sdk/2.1.0/src/rp2_common/pico_platform_panic/panic.c.o
                0x10000f30                panic
 .text.hw_claim_lock
                0x10000f60       0x18 CMakeFiles/PF_2_embarcatech.dir/home/thiago/.pico-sdk/sdk/2.1.0/src/common/hardware_claim/claim.c.o
                0x10000f60                hw_claim_lock
 .text.hw_claim_unlock
                0x10000f78       0x14 CMakeFiles/PF_2_embarcatech.dir/home/thiago/.pico-sdk/sdk/2.1.0/src/common/hardware_claim/claim.c.o
                0x10000f78                hw_claim_unlock
 .text.hw_claim_or_assert
                0x10000f8c       0x44 CMakeFiles/PF_2_embarcatech.dir/home/thiago/.pico-sdk/sdk/2.1.0/src/common/hardware_claim/claim.c.o
                0x10000f8c                hw_claim_or_assert
 .text.hw_claim_unused_from_range
                0x10000fd0       0x9c CMakeFiles/PF_2_embarcatech.dir/home/thiago/.pico-sdk/sdk/2.1.0/src/common/hardware_claim/claim.c.o
                0x10000fd0                hw_claim_unused_from_range
 .text.hw_claim_clear
                0x1000106c       0x38 CMakeFiles/PF_2_embarcatech.dir/home/thiago/.pico-sdk/sdk/2.1.0/src/common/hardware_claim/claim.c.o
                0x1000106c                hw_claim_clear
 .text.next_striped_spin_lock_num
                0x100010a4       0x18 CMakeFiles/PF_2_embarcatech.dir/home/thiago/.pico-sdk/sdk/2.1.0/src/rp2_common/hardware_sync/sync.c.o
                0x100010a4                next_striped_spin_lock_num
 .text.spin_lock_claim_unused
                0x100010bc       0x24 CMakeFiles/PF_2_embarcatech.dir/home/thiago/.pico-sdk/sdk/2.1.0/src/rp2_common/hardware_sync/sync.c.o
                0x100010bc                spin_lock_claim_unused
 .text.spin_locks_reset
                0x100010e0       0x1c CMakeFiles/PF_2_embarcatech.dir/home/thiago/.pico-sdk/sdk/2.1.0/src/rp2_common/hardware_sync_spin_lock/sync_spin_lock.c.o
                0x100010e0                spin_locks_reset
 .text.runtime_init_per_core_irq_priorities
                0x100010fc       0x24 CMakeFiles/PF_2_embarcatech.dir/home/thiago/.pico-sdk/sdk/2.1.0/src/rp2_common/hardware_irq/irq.c.o
                0x100010fc                runtime_init_per_core_irq_priorities
 .text.irq_set_enabled
                0x10001120       0x24 CMakeFiles/PF_2_embarcatech.dir/home/thiago/.pico-sdk/sdk/2.1.0/src/rp2_common/hardware_irq/irq.c.o
                0x10001120                irq_set_enabled
 .text.irq_is_enabled
                0x10001144       0x18 CMakeFiles/PF_2_embarcatech.dir/home/thiago/.pico-sdk/sdk/2.1.0/src/rp2_common/hardware_irq/irq.c.o
                0x10001144                irq_is_enabled
 .text.irq_set_pending
                0x1000115c       0x10 CMakeFiles/PF_2_embarcatech.dir/home/thiago/.pico-sdk/sdk/2.1.0/src/rp2_common/hardware_irq/irq.c.o
                0x1000115c                irq_set_pending
 .text.irq_has_shared_handler
                0x1000116c       0x2c CMakeFiles/PF_2_embarcatech.dir/home/thiago/.pico-sdk/sdk/2.1.0/src/rp2_common/hardware_irq/irq.c.o
                0x1000116c                irq_has_shared_handler
 .text.irq_set_exclusive_handler
                0x10001198       0x54 CMakeFiles/PF_2_embarcatech.dir/home/thiago/.pico-sdk/sdk/2.1.0/src/rp2_common/hardware_irq/irq.c.o
                0x10001198                irq_set_exclusive_handler
 .text.irq_add_shared_handler
                0x100011ec      0x1f4 CMakeFiles/PF_2_embarcatech.dir/home/thiago/.pico-sdk/sdk/2.1.0/src/rp2_common/hardware_irq/irq.c.o
                0x100011ec                irq_add_shared_handler
 .text.irq_remove_handler
                0x100013e0      0x1d4 CMakeFiles/PF_2_embarcatech.dir/home/thiago/.pico-sdk/sdk/2.1.0/src/rp2_common/hardware_irq/irq.c.o
                0x100013e0                irq_remove_handler
 .text.irq_set_priority
                0x100015b4       0x28 CMakeFiles/PF_2_embarcatech.dir/home/thiago/.pico-sdk/sdk/2.1.0/src/rp2_common/hardware_irq/irq.c.o
                0x100015b4                irq_set_priority
 .text.irq_add_tail_to_free_list
                0x100015dc       0xb4 CMakeFiles/PF_2_embarcatech.dir/home/thiago/.pico-sdk/sdk/2.1.0/src/rp2_common/hardware_irq/irq.c.o
                0x100015dc                irq_add_tail_to_free_list
 .text.user_irq_unclaim
                0x10001690       0x14 CMakeFiles/PF_2_embarcatech.dir/home/thiago/.pico-sdk/sdk/2.1.0/src/rp2_common/hardware_irq/irq.c.o
                0x10001690                user_irq_unclaim
 .text.user_irq_claim_unused
                0x100016a4       0x2c CMakeFiles/PF_2_embarcatech.dir/home/thiago/.pico-sdk/sdk/2.1.0/src/rp2_common/hardware_irq/irq.c.o
                0x100016a4                user_irq_claim_unused
 .text.sem_init
                0x100016d0       0x20 CMakeFiles/PF_2_embarcatech.dir/home/thiago/.pico-sdk/sdk/2.1.0/src/common/pico_sync/sem.c.o
                0x100016d0                sem_init
 .text.lock_init
                0x100016f0       0x10 CMakeFiles/PF_2_embarcatech.dir/home/thiago/.pico-sdk/sdk/2.1.0/src/common/pico_sync/lock_core.c.o
                0x100016f0                lock_init
 .text.runtime_init_mutex
                0x10001700       0x50 CMakeFiles/PF_2_embarcatech.dir/home/thiago/.pico-sdk/sdk/2.1.0/src/common/pico_sync/mutex.c.o
                0x10001700                runtime_init_mutex
 .text.mutex_init
                0x10001750       0x1c CMakeFiles/PF_2_embarcatech.dir/home/thiago/.pico-sdk/sdk/2.1.0/src/common/pico_sync/mutex.c.o
                0x10001750                mutex_init
 .text.recursive_mutex_init
                0x1000176c       0x1c CMakeFiles/PF_2_embarcatech.dir/home/thiago/.pico-sdk/sdk/2.1.0/src/common/pico_sync/mutex.c.o
                0x1000176c                recursive_mutex_init
 .text.critical_section_init
                0x10001788       0x1c CMakeFiles/PF_2_embarcatech.dir/home/thiago/.pico-sdk/sdk/2.1.0/src/common/pico_sync/critical_section.c.o
                0x10001788                critical_section_init
 .text.critical_section_init_with_lock_num
                0x100017a4       0x14 CMakeFiles/PF_2_embarcatech.dir/home/thiago/.pico-sdk/sdk/2.1.0/src/common/pico_sync/critical_section.c.o
                0x100017a4                critical_section_init_with_lock_num
 .text.sleep_until_callback
                0x100017b8       0x30 CMakeFiles/PF_2_embarcatech.dir/home/thiago/.pico-sdk/sdk/2.1.0/src/common/pico_time/time.c.o
 .text.alarm_pool_irq_handler
                0x100017e8      0x2fc CMakeFiles/PF_2_embarcatech.dir/home/thiago/.pico-sdk/sdk/2.1.0/src/common/pico_time/time.c.o
 .text.runtime_init_default_alarm_pool
                0x10001ae4       0xdc CMakeFiles/PF_2_embarcatech.dir/home/thiago/.pico-sdk/sdk/2.1.0/src/common/pico_time/time.c.o
                0x10001ae4                runtime_init_default_alarm_pool
 .text.alarm_pool_get_default
                0x10001bc0        0x8 CMakeFiles/PF_2_embarcatech.dir/home/thiago/.pico-sdk/sdk/2.1.0/src/common/pico_time/time.c.o
                0x10001bc0                alarm_pool_get_default
 .text.alarm_pool_add_alarm_at
                0x10001bc8       0xd4 CMakeFiles/PF_2_embarcatech.dir/home/thiago/.pico-sdk/sdk/2.1.0/src/common/pico_time/time.c.o
                0x10001bc8                alarm_pool_add_alarm_at
 .text.alarm_pool_add_alarm_at_force_in_context
                0x10001c9c       0xb0 CMakeFiles/PF_2_embarcatech.dir/home/thiago/.pico-sdk/sdk/2.1.0/src/common/pico_time/time.c.o
                0x10001c9c                alarm_pool_add_alarm_at_force_in_context
 .text.alarm_pool_cancel_alarm
                0x10001d4c       0x74 CMakeFiles/PF_2_embarcatech.dir/home/thiago/.pico-sdk/sdk/2.1.0/src/common/pico_time/time.c.o
                0x10001d4c                alarm_pool_cancel_alarm
 .text.alarm_pool_core_num
                0x10001dc0        0x4 CMakeFiles/PF_2_embarcatech.dir/home/thiago/.pico-sdk/sdk/2.1.0/src/common/pico_time/time.c.o
                0x10001dc0                alarm_pool_core_num
 .text.sleep_until
                0x10001dc4       0xd8 CMakeFiles/PF_2_embarcatech.dir/home/thiago/.pico-sdk/sdk/2.1.0/src/common/pico_time/time.c.o
                0x10001dc4                sleep_until
 .text.sleep_us
                0x10001e9c       0x28 CMakeFiles/PF_2_embarcatech.dir/home/thiago/.pico-sdk/sdk/2.1.0/src/common/pico_time/time.c.o
                0x10001e9c                sleep_us
 .text.sleep_ms
                0x10001ec4       0x38 CMakeFiles/PF_2_embarcatech.dir/home/thiago/.pico-sdk/sdk/2.1.0/src/common/pico_time/time.c.o
                0x10001ec4                sleep_ms
 .text.best_effort_wfe_or_timeout
                0x10001efc       0xe0 CMakeFiles/PF_2_embarcatech.dir/home/thiago/.pico-sdk/sdk/2.1.0/src/common/pico_time/time.c.o
                0x10001efc                best_effort_wfe_or_timeout
 .text.alarm_pool_add_repeating_timer_us
                0x10001fdc      0x128 CMakeFiles/PF_2_embarcatech.dir/home/thiago/.pico-sdk/sdk/2.1.0/src/common/pico_time/time.c.o
                0x10001fdc                alarm_pool_add_repeating_timer_us
 .text.timer_hardware_alarm_claim
                0x10002104       0x14 CMakeFiles/PF_2_embarcatech.dir/home/thiago/.pico-sdk/sdk/2.1.0/src/rp2_common/hardware_timer/timer.c.o
                0x10002104                timer_hardware_alarm_claim
 .text.timer_time_us_64
                0x10002118       0x10 CMakeFiles/PF_2_embarcatech.dir/home/thiago/.pico-sdk/sdk/2.1.0/src/rp2_common/hardware_timer/timer.c.o
                0x10002118                timer_time_us_64
 .text.time_us_64
                0x10002128       0x14 CMakeFiles/PF_2_embarcatech.dir/home/thiago/.pico-sdk/sdk/2.1.0/src/rp2_common/hardware_timer/timer.c.o
                0x10002128                time_us_64
 .text.busy_wait_until
                0x1000213c       0x20 CMakeFiles/PF_2_embarcatech.dir/home/thiago/.pico-sdk/sdk/2.1.0/src/rp2_common/hardware_timer/timer.c.o
                0x1000213c                busy_wait_until
 .text.clock_configure_int_divider
                0x1000215c       0xf4 CMakeFiles/PF_2_embarcatech.dir/home/thiago/.pico-sdk/sdk/2.1.0/src/rp2_common/hardware_clocks/clocks.c.o
                0x1000215c                clock_configure_int_divider
 .text.clock_configure_undivided
                0x10002250       0xe8 CMakeFiles/PF_2_embarcatech.dir/home/thiago/.pico-sdk/sdk/2.1.0/src/rp2_common/hardware_clocks/clocks.c.o
                0x10002250                clock_configure_undivided
 .text.clock_get_hz
                0x10002338        0xc CMakeFiles/PF_2_embarcatech.dir/home/thiago/.pico-sdk/sdk/2.1.0/src/rp2_common/hardware_clocks/clocks.c.o
                0x10002338                clock_get_hz
 .text.pll_init
                0x10002344       0xa4 CMakeFiles/PF_2_embarcatech.dir/home/thiago/.pico-sdk/sdk/2.1.0/src/rp2_common/hardware_pll/pll.c.o
                0x10002344                pll_init
 .text.watchdog_reboot
                0x100023e8       0x9c CMakeFiles/PF_2_embarcatech.dir/home/thiago/.pico-sdk/sdk/2.1.0/src/rp2_common/hardware_watchdog/watchdog.c.o
                0x100023e8                watchdog_reboot
 .text.tick_start
                0x10002484       0x10 CMakeFiles/PF_2_embarcatech.dir/home/thiago/.pico-sdk/sdk/2.1.0/src/rp2_common/hardware_ticks/ticks.c.o
                0x10002484                tick_start
 .text.rom_func_lookup
                0x10002494       0x10 CMakeFiles/PF_2_embarcatech.dir/home/thiago/.pico-sdk/sdk/2.1.0/src/rp2_common/pico_bootrom/bootrom.c.o
                0x10002494                rom_func_lookup
 .text.rom_data_lookup
                0x100024a4       0x10 CMakeFiles/PF_2_embarcatech.dir/home/thiago/.pico-sdk/sdk/2.1.0/src/rp2_common/pico_bootrom/bootrom.c.o
                0x100024a4                rom_data_lookup
 .text.rom_funcs_lookup
                0x100024b4       0x44 CMakeFiles/PF_2_embarcatech.dir/home/thiago/.pico-sdk/sdk/2.1.0/src/rp2_common/pico_bootrom/bootrom.c.o
                0x100024b4                rom_funcs_lookup
 .text.rom_reset_usb_boot_extra
                0x100024f8       0x28 CMakeFiles/PF_2_embarcatech.dir/home/thiago/.pico-sdk/sdk/2.1.0/src/rp2_common/pico_bootrom/bootrom.c.o
                0x100024f8                rom_reset_usb_boot_extra
 .text.xosc_init
                0x10002520       0x28 CMakeFiles/PF_2_embarcatech.dir/home/thiago/.pico-sdk/sdk/2.1.0/src/rp2_common/hardware_xosc/xosc.c.o
                0x10002520                xosc_init
 .text.first_per_core_initializer
                0x10002548        0x4 CMakeFiles/PF_2_embarcatech.dir/home/thiago/.pico-sdk/sdk/2.1.0/src/rp2_common/pico_runtime/runtime.c.o
 .text.hard_assertion_failure
                0x1000254c        0xc CMakeFiles/PF_2_embarcatech.dir/home/thiago/.pico-sdk/sdk/2.1.0/src/rp2_common/pico_runtime/runtime.c.o
                0x1000254c                hard_assertion_failure
 .text.runtime_run_initializers
                0x10002558       0x28 CMakeFiles/PF_2_embarcatech.dir/home/thiago/.pico-sdk/sdk/2.1.0/src/rp2_common/pico_runtime/runtime.c.o
                0x10002558                runtime_run_initializers
 .text.runtime_init_early_resets
                0x10002580       0x2c CMakeFiles/PF_2_embarcatech.dir/home/thiago/.pico-sdk/sdk/2.1.0/src/rp2_common/pico_runtime_init/runtime_init.c.o
                0x10002580                runtime_init_early_resets
 .text.runtime_init_usb_power_down
                0x100025ac       0x1c CMakeFiles/PF_2_embarcatech.dir/home/thiago/.pico-sdk/sdk/2.1.0/src/rp2_common/pico_runtime_init/runtime_init.c.o
                0x100025ac                runtime_init_usb_power_down
 .text.runtime_init_post_clock_resets
                0x100025c8       0x20 CMakeFiles/PF_2_embarcatech.dir/home/thiago/.pico-sdk/sdk/2.1.0/src/rp2_common/pico_runtime_init/runtime_init.c.o
                0x100025c8                runtime_init_post_clock_resets
 .text.runtime_init_rp2040_gpio_ie_disable
                0x100025e8       0x14 CMakeFiles/PF_2_embarcatech.dir/home/thiago/.pico-sdk/sdk/2.1.0/src/rp2_common/pico_runtime_init/runtime_init.c.o
                0x100025e8                runtime_init_rp2040_gpio_ie_disable
 .text.runtime_init_spin_locks_reset
                0x100025fc        0x8 CMakeFiles/PF_2_embarcatech.dir/home/thiago/.pico-sdk/sdk/2.1.0/src/rp2_common/pico_runtime_init/runtime_init.c.o
                0x100025fc                runtime_init_spin_locks_reset
 .text.runtime_init_install_ram_vector_table
                0x10002604       0x1c CMakeFiles/PF_2_embarcatech.dir/home/thiago/.pico-sdk/sdk/2.1.0/src/rp2_common/pico_runtime_init/runtime_init.c.o
                0x10002604                runtime_init_install_ram_vector_table
 .text.runtime_init_clocks
                0x10002620       0xd8 CMakeFiles/PF_2_embarcatech.dir/home/thiago/.pico-sdk/sdk/2.1.0/src/rp2_common/pico_runtime_init/runtime_init_clocks.c.o
                0x10002620                runtime_init_clocks
 .text          0x100026f8       0x10 CMakeFiles/PF_2_embarcatech.dir/home/thiago/.pico-sdk/sdk/2.1.0/src/rp2_common/pico_bit_ops/bit_ops_aeabi.S.o
 .text.ctzsi    0x10002708        0xc CMakeFiles/PF_2_embarcatech.dir/home/thiago/.pico-sdk/sdk/2.1.0/src/rp2_common/pico_bit_ops/bit_ops_aeabi.S.o
                0x10002708                __wrap___ctzsi2
 .text.__wrap___aeabi_idiv
                0x10002714       0x50 CMakeFiles/PF_2_embarcatech.dir/home/thiago/.pico-sdk/sdk/2.1.0/src/rp2_common/pico_divider/divider_hardware.S.o
                0x10002714                __wrap___aeabi_idivmod
                0x10002714                divmod_s32s32
                0x10002714                div_s32s32
                0x10002714                __wrap___aeabi_idiv
                0x1000271c                divmod_s32s32_unsafe
                0x10002748                divmod_s32s32_savestate
 .text.__wrap___aeabi_uidiv
                0x10002764       0x4c CMakeFiles/PF_2_embarcatech.dir/home/thiago/.pico-sdk/sdk/2.1.0/src/rp2_common/pico_divider/divider_hardware.S.o
                0x10002764                __wrap___aeabi_uidiv
                0x10002764                __wrap___aeabi_uidivmod
                0x10002764                div_u32u32
                0x10002764                divmod_u32u32
                0x1000276c                divmod_u32u32_unsafe
                0x10002794                divmod_u32u32_savestate
 .text.__wrap___aeabi_ldiv
                0x100027b0      0x424 CMakeFiles/PF_2_embarcatech.dir/home/thiago/.pico-sdk/sdk/2.1.0/src/rp2_common/pico_divider/divider_hardware.S.o
                0x100027b0                div_s64s64
                0x100027b0                divmod_s64s64
                0x100027b0                __wrap___aeabi_ldivmod
                0x100027e0                div_u64u64
                0x100027e0                divmod_u64u64
                0x100027e0                __wrap___aeabi_uldivmod
                0x100027f0                divmod_u64u64_savestate
                0x10002810                divmod_s64s64_unsafe
                0x10002898                divmod_u64u64_unsafe
 .text.__wrap___aeabi_darithmetic
                0x10002bd4       0x60 CMakeFiles/PF_2_embarcatech.dir/home/thiago/.pico-sdk/sdk/2.1.0/src/rp2_common/pico_double/double_aeabi_rp2040.S.o
                0x10002bd4                __wrap___aeabi_drsub
                0x10002bda                __wrap___aeabi_dsub
                0x10002be4                __wrap___aeabi_dadd
                0x10002bee                __wrap___aeabi_ddiv
                0x10002c22                __wrap___aeabi_dmul
 .text.__wrap___aeabi_cdcmple
                0x10002c34       0x6c CMakeFiles/PF_2_embarcatech.dir/home/thiago/.pico-sdk/sdk/2.1.0/src/rp2_common/pico_double/double_aeabi_rp2040.S.o
                0x10002c34                __wrap___aeabi_cdrcmple
                0x10002c44                __wrap___aeabi_cdcmple
                0x10002c44                __wrap___aeabi_cdcmpeq
 .text.__wrap___aeabi_dcmplt
                0x10002ca0        0xc CMakeFiles/PF_2_embarcatech.dir/home/thiago/.pico-sdk/sdk/2.1.0/src/rp2_common/pico_double/double_aeabi_rp2040.S.o
                0x10002ca0                __wrap___aeabi_dcmplt
 .text.__wrap___aeabi_dcmpge
                0x10002cac       0x10 CMakeFiles/PF_2_embarcatech.dir/home/thiago/.pico-sdk/sdk/2.1.0/src/rp2_common/pico_double/double_aeabi_rp2040.S.o
                0x10002cac                __wrap___aeabi_dcmpge
 .text.__wrap___aeabi_dcmpgt
                0x10002cbc        0xa CMakeFiles/PF_2_embarcatech.dir/home/thiago/.pico-sdk/sdk/2.1.0/src/rp2_common/pico_double/double_aeabi_rp2040.S.o
                0x10002cbc                __wrap___aeabi_dcmpgt
 .text.__wrap___aeabi_dcmpun
                0x10002cc6       0x18 CMakeFiles/PF_2_embarcatech.dir/home/thiago/.pico-sdk/sdk/2.1.0/src/rp2_common/pico_double/double_aeabi_rp2040.S.o
                0x10002cc6                __wrap___aeabi_dcmpun
 *fill*         0x10002cde        0x2 
 .text.__wrap___aeabi_i2d
                0x10002ce0       0x38 CMakeFiles/PF_2_embarcatech.dir/home/thiago/.pico-sdk/sdk/2.1.0/src/rp2_common/pico_double/double_aeabi_rp2040.S.o
                0x10002ce0                __wrap___aeabi_ui2d
                0x10002ce8                __wrap___aeabi_i2d
 .text.__wrap___aeabi_d2iz
                0x10002d18       0x48 CMakeFiles/PF_2_embarcatech.dir/home/thiago/.pico-sdk/sdk/2.1.0/src/rp2_common/pico_double/double_aeabi_rp2040.S.o
                0x10002d18                __wrap___aeabi_d2iz
                0x10002d18                double2int_z
 .text.__wrap___aeabi_d2uiz
                0x10002d60       0x10 CMakeFiles/PF_2_embarcatech.dir/home/thiago/.pico-sdk/sdk/2.1.0/src/rp2_common/pico_double/double_aeabi_rp2040.S.o
                0x10002d60                double2uint
                0x10002d60                __wrap___aeabi_d2uiz
 .text.__wrap___aeabi_d2f
                0x10002d70       0x10 CMakeFiles/PF_2_embarcatech.dir/home/thiago/.pico-sdk/sdk/2.1.0/src/rp2_common/pico_double/double_aeabi_rp2040.S.o
                0x10002d70                __wrap___aeabi_d2f
 .text.__wrap_srqt
                0x10002d80       0x10 CMakeFiles/PF_2_embarcatech.dir/home/thiago/.pico-sdk/sdk/2.1.0/src/rp2_common/pico_double/double_aeabi_rp2040.S.o
                0x10002d80                __wrap_sqrt
 .text.missing_double_func_shim
                0x10002d90        0xc CMakeFiles/PF_2_embarcatech.dir/home/thiago/.pico-sdk/sdk/2.1.0/src/rp2_common/pico_double/double_init_rom_rp2040.c.o
 .text.__aeabi_double_init
                0x10002d9c       0xa0 CMakeFiles/PF_2_embarcatech.dir/home/thiago/.pico-sdk/sdk/2.1.0/src/rp2_common/pico_double/double_init_rom_rp2040.c.o
                0x10002d9c                __aeabi_double_init
 .text.double_table_shim_on_use_helper
                0x10002e3c       0x2c CMakeFiles/PF_2_embarcatech.dir/home/thiago/.pico-sdk/sdk/2.1.0/src/rp2_common/pico_double/double_v1_rom_shim_rp2040.S.o
                0x10002e3c                double_table_shim_on_use_helper
 .text.__aeabi_lmul
                0x10002e68       0x32 CMakeFiles/PF_2_embarcatech.dir/home/thiago/.pico-sdk/sdk/2.1.0/src/rp2_common/pico_int64_ops/pico_int64_ops_aeabi.S.o
                0x10002e68                __wrap___aeabi_lmul
 *fill*         0x10002e9a        0x2 
 .text.__wrap___aeabi_farithmetic
                0x10002e9c       0x48 CMakeFiles/PF_2_embarcatech.dir/home/thiago/.pico-sdk/sdk/2.1.0/src/rp2_common/pico_float/float_aeabi_rp2040.S.o
                0x10002e9c                __wrap___aeabi_frsub
                0x10002ea2                __wrap___aeabi_fsub
                0x10002ea8                __wrap___aeabi_fadd
                0x10002eae                __wrap___aeabi_fdiv
                0x10002ed6                __wrap___aeabi_fmul
 .text.__wrap___aeabi_cfcmple
                0x10002ee4       0x50 CMakeFiles/PF_2_embarcatech.dir/home/thiago/.pico-sdk/sdk/2.1.0/src/rp2_common/pico_float/float_aeabi_rp2040.S.o
                0x10002ee4                __wrap___aeabi_cfrcmple
                0x10002ef0                __wrap___aeabi_cfcmpeq
                0x10002ef0                __wrap___aeabi_cfcmple
 .text.__wrap___aeabi_fcmplt
                0x10002f34        0xc CMakeFiles/PF_2_embarcatech.dir/home/thiago/.pico-sdk/sdk/2.1.0/src/rp2_common/pico_float/float_aeabi_rp2040.S.o
                0x10002f34                __wrap___aeabi_fcmplt
 .text.__wrap___aeabi_fcmpgt
                0x10002f40        0xa CMakeFiles/PF_2_embarcatech.dir/home/thiago/.pico-sdk/sdk/2.1.0/src/rp2_common/pico_float/float_aeabi_rp2040.S.o
                0x10002f40                __wrap___aeabi_fcmpgt
 .text.__wrap___aeabi_ui2f
                0x10002f4a        0xa CMakeFiles/PF_2_embarcatech.dir/home/thiago/.pico-sdk/sdk/2.1.0/src/rp2_common/pico_float/float_aeabi_rp2040.S.o
                0x10002f4a                uint2float
                0x10002f4a                __wrap___aeabi_ui2f
 .text.__wrap___aeabi_i2f
                0x10002f54       0x44 CMakeFiles/PF_2_embarcatech.dir/home/thiago/.pico-sdk/sdk/2.1.0/src/rp2_common/pico_float/float_aeabi_rp2040.S.o
                0x10002f54                int2float
                0x10002f54                __wrap___aeabi_i2f
 .text.__wrap___aeabi_f2uiz
                0x10002f98        0xc CMakeFiles/PF_2_embarcatech.dir/home/thiago/.pico-sdk/sdk/2.1.0/src/rp2_common/pico_float/float_aeabi_rp2040.S.o
                0x10002f98                float2uint_z
                0x10002f98                __wrap___aeabi_f2uiz
 .text.__wrap___aeabi_f2d
                0x10002fa4        0xc CMakeFiles/PF_2_embarcatech.dir/home/thiago/.pico-sdk/sdk/2.1.0/src/rp2_common/pico_float/float_aeabi_rp2040.S.o
                0x10002fa4                __wrap___aeabi_f2d
 .text.missing_float_func_shim
                0x10002fb0        0xc CMakeFiles/PF_2_embarcatech.dir/home/thiago/.pico-sdk/sdk/2.1.0/src/rp2_common/pico_float/float_init_rom_rp2040.c.o
 .text.__aeabi_float_init
                0x10002fbc       0x5c CMakeFiles/PF_2_embarcatech.dir/home/thiago/.pico-sdk/sdk/2.1.0/src/rp2_common/pico_float/float_init_rom_rp2040.c.o
                0x10002fbc                __aeabi_float_init
 .text.__wrap_malloc
                0x10003018       0x24 CMakeFiles/PF_2_embarcatech.dir/home/thiago/.pico-sdk/sdk/2.1.0/src/rp2_common/pico_malloc/malloc.c.o
                0x10003018                __wrap_malloc
 .text.__wrap_calloc
                0x1000303c       0x28 CMakeFiles/PF_2_embarcatech.dir/home/thiago/.pico-sdk/sdk/2.1.0/src/rp2_common/pico_malloc/malloc.c.o
                0x1000303c                __wrap_calloc
 .text.__wrap_free
                0x10003064        0x8 CMakeFiles/PF_2_embarcatech.dir/home/thiago/.pico-sdk/sdk/2.1.0/src/rp2_common/pico_malloc/malloc.c.o
                0x10003064                __wrap_free
 .text          0x1000306c       0x10 CMakeFiles/PF_2_embarcatech.dir/home/thiago/.pico-sdk/sdk/2.1.0/src/rp2_common/pico_mem_ops/mem_ops_aeabi.S.o
                0x1000306c                __aeabi_mem_init
 .text.memset   0x1000307c        0xc CMakeFiles/PF_2_embarcatech.dir/home/thiago/.pico-sdk/sdk/2.1.0/src/rp2_common/pico_mem_ops/mem_ops_aeabi.S.o
                0x1000307c                __wrap_memset
 .text.memcpy   0x10003088        0xc CMakeFiles/PF_2_embarcatech.dir/home/thiago/.pico-sdk/sdk/2.1.0/src/rp2_common/pico_mem_ops/mem_ops_aeabi.S.o
                0x10003088                __wrap___aeabi_memcpy
                0x10003088                __wrap_memcpy
 .text._out_null
                0x10003094        0x4 CMakeFiles/PF_2_embarcatech.dir/home/thiago/.pico-sdk/sdk/2.1.0/src/rp2_common/pico_printf/printf.c.o
 .text._out_rev
                0x10003098       0xac CMakeFiles/PF_2_embarcatech.dir/home/thiago/.pico-sdk/sdk/2.1.0/src/rp2_common/pico_printf/printf.c.o
 .text._ntoa_format
                0x10003144      0x250 CMakeFiles/PF_2_embarcatech.dir/home/thiago/.pico-sdk/sdk/2.1.0/src/rp2_common/pico_printf/printf.c.o
 .text._out_char
                0x10003394       0x10 CMakeFiles/PF_2_embarcatech.dir/home/thiago/.pico-sdk/sdk/2.1.0/src/rp2_common/pico_printf/printf.c.o
 .text._out_fct
                0x100033a4       0x10 CMakeFiles/PF_2_embarcatech.dir/home/thiago/.pico-sdk/sdk/2.1.0/src/rp2_common/pico_printf/printf.c.o
 .text._etoa    0x100033b4      0x464 CMakeFiles/PF_2_embarcatech.dir/home/thiago/.pico-sdk/sdk/2.1.0/src/rp2_common/pico_printf/printf.c.o
 .text._ftoa    0x10003818      0x3c0 CMakeFiles/PF_2_embarcatech.dir/home/thiago/.pico-sdk/sdk/2.1.0/src/rp2_common/pico_printf/printf.c.o
 .text._vsnprintf
                0x10003bd8      0xbc8 CMakeFiles/PF_2_embarcatech.dir/home/thiago/.pico-sdk/sdk/2.1.0/src/rp2_common/pico_printf/printf.c.o
 .text.vfctprintf
                0x100047a0       0x20 CMakeFiles/PF_2_embarcatech.dir/home/thiago/.pico-sdk/sdk/2.1.0/src/rp2_common/pico_printf/printf.c.o
                0x100047a0                vfctprintf
 .text.weak_raw_vprintf
                0x100047c0       0x30 CMakeFiles/PF_2_embarcatech.dir/home/thiago/.pico-sdk/sdk/2.1.0/src/rp2_common/pico_printf/printf.c.o
                0x100047c0                weak_raw_vprintf
 .text._exit    0x100047f0        0x4 CMakeFiles/PF_2_embarcatech.dir/home/thiago/.pico-sdk/sdk/2.1.0/src/rp2_common/pico_clib_interface/newlib_interface.c.o
                0x100047f0                _exit
 .text._sbrk    0x100047f4       0x34 CMakeFiles/PF_2_embarcatech.dir/home/thiago/.pico-sdk/sdk/2.1.0/src/rp2_common/pico_clib_interface/newlib_interface.c.o
                0x100047f4                _sbrk
 .text.exit     0x10004828        0x8 CMakeFiles/PF_2_embarcatech.dir/home/thiago/.pico-sdk/sdk/2.1.0/src/rp2_common/pico_clib_interface/newlib_interface.c.o
                0x10004828                exit
 .text.runtime_init
                0x10004830       0x2c CMakeFiles/PF_2_embarcatech.dir/home/thiago/.pico-sdk/sdk/2.1.0/src/rp2_common/pico_clib_interface/newlib_interface.c.o
                0x10004830                runtime_init
 .text.stdio_out_chars_no_crlf
                0x1000485c       0x10 CMakeFiles/PF_2_embarcatech.dir/home/thiago/.pico-sdk/sdk/2.1.0/src/rp2_common/pico_stdio/stdio.c.o
 .text.stdio_out_chars_crlf
                0x1000486c       0x94 CMakeFiles/PF_2_embarcatech.dir/home/thiago/.pico-sdk/sdk/2.1.0/src/rp2_common/pico_stdio/stdio.c.o
 .text.stdio_buffered_printer
                0x10004900       0x64 CMakeFiles/PF_2_embarcatech.dir/home/thiago/.pico-sdk/sdk/2.1.0/src/rp2_common/pico_stdio/stdio.c.o
 .text.stdio_put_string
                0x10004964      0x100 CMakeFiles/PF_2_embarcatech.dir/home/thiago/.pico-sdk/sdk/2.1.0/src/rp2_common/pico_stdio/stdio.c.o
                0x10004964                stdio_put_string
 .text.stdio_set_driver_enabled
                0x10004a64       0x30 CMakeFiles/PF_2_embarcatech.dir/home/thiago/.pico-sdk/sdk/2.1.0/src/rp2_common/pico_stdio/stdio.c.o
                0x10004a64                stdio_set_driver_enabled
 .text.stdio_init_all
                0x10004a94        0x8 CMakeFiles/PF_2_embarcatech.dir/home/thiago/.pico-sdk/sdk/2.1.0/src/rp2_common/pico_stdio/stdio.c.o
                0x10004a94                stdio_init_all
 .text.__wrap_putchar
                0x10004a9c       0x98 CMakeFiles/PF_2_embarcatech.dir/home/thiago/.pico-sdk/sdk/2.1.0/src/rp2_common/pico_stdio/stdio.c.o
                0x10004a9c                stdio_putchar
                0x10004a9c                __wrap_putchar
 .text.__wrap_puts
                0x10004b34       0x3c CMakeFiles/PF_2_embarcatech.dir/home/thiago/.pico-sdk/sdk/2.1.0/src/rp2_common/pico_stdio/stdio.c.o
                0x10004b34                __wrap_puts
                0x10004b34                stdio_puts
 .text.__wrap_vprintf
                0x10004b70       0xd4 CMakeFiles/PF_2_embarcatech.dir/home/thiago/.pico-sdk/sdk/2.1.0/src/rp2_common/pico_stdio/stdio.c.o
                0x10004b70                __wrap_vprintf
                0x10004b70                stdio_vprintf
 .text.__wrap_printf
                0x10004c44       0x18 CMakeFiles/PF_2_embarcatech.dir/home/thiago/.pico-sdk/sdk/2.1.0/src/rp2_common/pico_stdio/stdio.c.o
                0x10004c44                stdio_printf
                0x10004c44                __wrap_printf
 .text.resetd_init
                0x10004c5c        0x4 CMakeFiles/PF_2_embarcatech.dir/home/thiago/.pico-sdk/sdk/2.1.0/src/rp2_common/pico_stdio_usb/reset_interface.c.o
 .text.resetd_reset
                0x10004c60        0xc CMakeFiles/PF_2_embarcatech.dir/home/thiago/.pico-sdk/sdk/2.1.0/src/rp2_common/pico_stdio_usb/reset_interface.c.o
 .text.resetd_open
                0x10004c6c       0x28 CMakeFiles/PF_2_embarcatech.dir/home/thiago/.pico-sdk/sdk/2.1.0/src/rp2_common/pico_stdio_usb/reset_interface.c.o
 .text.resetd_xfer_cb
                0x10004c94        0x4 CMakeFiles/PF_2_embarcatech.dir/home/thiago/.pico-sdk/sdk/2.1.0/src/rp2_common/pico_stdio_usb/reset_interface.c.o
 .text.resetd_control_xfer_cb
                0x10004c98       0x5c CMakeFiles/PF_2_embarcatech.dir/home/thiago/.pico-sdk/sdk/2.1.0/src/rp2_common/pico_stdio_usb/reset_interface.c.o
 .text.tud_descriptor_bos_cb
                0x10004cf4        0x8 CMakeFiles/PF_2_embarcatech.dir/home/thiago/.pico-sdk/sdk/2.1.0/src/rp2_common/pico_stdio_usb/reset_interface.c.o
                0x10004cf4                tud_descriptor_bos_cb
 .text.tud_vendor_control_xfer_cb
                0x10004cfc       0x34 CMakeFiles/PF_2_embarcatech.dir/home/thiago/.pico-sdk/sdk/2.1.0/src/rp2_common/pico_stdio_usb/reset_interface.c.o
                0x10004cfc                tud_vendor_control_xfer_cb
 .text.usbd_app_driver_get_cb
                0x10004d30        0xc CMakeFiles/PF_2_embarcatech.dir/home/thiago/.pico-sdk/sdk/2.1.0/src/rp2_common/pico_stdio_usb/reset_interface.c.o
                0x10004d30                usbd_app_driver_get_cb
 .text.tud_cdc_line_coding_cb
                0x10004d3c       0x2c CMakeFiles/PF_2_embarcatech.dir/home/thiago/.pico-sdk/sdk/2.1.0/src/rp2_common/pico_stdio_usb/reset_interface.c.o
                0x10004d3c                tud_cdc_line_coding_cb
 .text.stdio_usb_set_chars_available_callback
                0x10004d68       0x14 CMakeFiles/PF_2_embarcatech.dir/home/thiago/.pico-sdk/sdk/2.1.0/src/rp2_common/pico_stdio_usb/stdio_usb.c.o
                0x10004d68                stdio_usb_set_chars_available_callback
 .text.usb_irq  0x10004d7c       0x10 CMakeFiles/PF_2_embarcatech.dir/home/thiago/.pico-sdk/sdk/2.1.0/src/rp2_common/pico_stdio_usb/stdio_usb.c.o
 .text.timer_task
                0x10004d8c       0x64 CMakeFiles/PF_2_embarcatech.dir/home/thiago/.pico-sdk/sdk/2.1.0/src/rp2_common/pico_stdio_usb/stdio_usb.c.o
 .text.stdio_usb_in_chars
                0x10004df0       0x90 CMakeFiles/PF_2_embarcatech.dir/home/thiago/.pico-sdk/sdk/2.1.0/src/rp2_common/pico_stdio_usb/stdio_usb.c.o
                0x10004df0                stdio_usb_in_chars
 .text.stdio_usb_out_flush
                0x10004e80       0x50 CMakeFiles/PF_2_embarcatech.dir/home/thiago/.pico-sdk/sdk/2.1.0/src/rp2_common/pico_stdio_usb/stdio_usb.c.o
 .text.stdio_usb_out_chars
                0x10004ed0      0x104 CMakeFiles/PF_2_embarcatech.dir/home/thiago/.pico-sdk/sdk/2.1.0/src/rp2_common/pico_stdio_usb/stdio_usb.c.o
 .text.low_priority_worker_irq
                0x10004fd4       0xcc CMakeFiles/PF_2_embarcatech.dir/home/thiago/.pico-sdk/sdk/2.1.0/src/rp2_common/pico_stdio_usb/stdio_usb.c.o
 .text.stdio_usb_init
                0x100050a0       0xe8 CMakeFiles/PF_2_embarcatech.dir/home/thiago/.pico-sdk/sdk/2.1.0/src/rp2_common/pico_stdio_usb/stdio_usb.c.o
                0x100050a0                stdio_usb_init
 .text.tud_descriptor_device_cb
                0x10005188        0x8 CMakeFiles/PF_2_embarcatech.dir/home/thiago/.pico-sdk/sdk/2.1.0/src/rp2_common/pico_stdio_usb/stdio_usb_descriptors.c.o
                0x10005188                tud_descriptor_device_cb
 .text.tud_descriptor_configuration_cb
                0x10005190        0x8 CMakeFiles/PF_2_embarcatech.dir/home/thiago/.pico-sdk/sdk/2.1.0/src/rp2_common/pico_stdio_usb/stdio_usb_descriptors.c.o
                0x10005190                tud_descriptor_configuration_cb
 .text.tud_descriptor_string_cb
                0x10005198       0x78 CMakeFiles/PF_2_embarcatech.dir/home/thiago/.pico-sdk/sdk/2.1.0/src/rp2_common/pico_stdio_usb/stdio_usb_descriptors.c.o
                0x10005198                tud_descriptor_string_cb
 .text.startup._retrieve_unique_id_on_boot
                0x10005210       0x10 CMakeFiles/PF_2_embarcatech.dir/home/thiago/.pico-sdk/sdk/2.1.0/src/rp2_common/pico_unique_id/unique_id.c.o
 .text.pico_get_unique_board_id
                0x10005220       0x10 CMakeFiles/PF_2_embarcatech.dir/home/thiago/.pico-sdk/sdk/2.1.0/src/rp2_common/pico_unique_id/unique_id.c.o
                0x10005220                pico_get_unique_board_id
 .text.pico_get_unique_board_id_string
                0x10005230      0x1a8 CMakeFiles/PF_2_embarcatech.dir/home/thiago/.pico-sdk/sdk/2.1.0/src/rp2_common/pico_unique_id/unique_id.c.o
                0x10005230                pico_get_unique_board_id_string
 .text.flash_get_unique_id
                0x100053d8       0x3c CMakeFiles/PF_2_embarcatech.dir/home/thiago/.pico-sdk/sdk/2.1.0/src/rp2_common/hardware_flash/flash.c.o
                0x100053d8                flash_get_unique_id
 .text.dcd_init
                0x10005414       0x8c CMakeFiles/PF_2_embarcatech.dir/home/thiago/.pico-sdk/sdk/2.1.0/lib/tinyusb/src/portable/raspberrypi/rp2040/dcd_rp2040.c.o
                0x10005414                dcd_init
 .text.dcd_int_enable
                0x100054a0        0xc CMakeFiles/PF_2_embarcatech.dir/home/thiago/.pico-sdk/sdk/2.1.0/lib/tinyusb/src/portable/raspberrypi/rp2040/dcd_rp2040.c.o
                0x100054a0                dcd_int_enable
 .text.dcd_set_address
                0x100054ac       0x14 CMakeFiles/PF_2_embarcatech.dir/home/thiago/.pico-sdk/sdk/2.1.0/lib/tinyusb/src/portable/raspberrypi/rp2040/dcd_rp2040.c.o
                0x100054ac                dcd_set_address
 .text.dcd_sof_enable
                0x100054c0       0x1c CMakeFiles/PF_2_embarcatech.dir/home/thiago/.pico-sdk/sdk/2.1.0/lib/tinyusb/src/portable/raspberrypi/rp2040/dcd_rp2040.c.o
                0x100054c0                dcd_sof_enable
 .text.dcd_edpt0_status_complete
                0x100054dc       0x1c CMakeFiles/PF_2_embarcatech.dir/home/thiago/.pico-sdk/sdk/2.1.0/lib/tinyusb/src/portable/raspberrypi/rp2040/dcd_rp2040.c.o
                0x100054dc                dcd_edpt0_status_complete
 .text.dcd_edpt_open
                0x100054f8      0x108 CMakeFiles/PF_2_embarcatech.dir/home/thiago/.pico-sdk/sdk/2.1.0/lib/tinyusb/src/portable/raspberrypi/rp2040/dcd_rp2040.c.o
                0x100054f8                dcd_edpt_open
 .text.dcd_edpt_close_all
                0x10005600        0x8 CMakeFiles/PF_2_embarcatech.dir/home/thiago/.pico-sdk/sdk/2.1.0/lib/tinyusb/src/portable/raspberrypi/rp2040/dcd_rp2040.c.o
                0x10005600                dcd_edpt_close_all
 .text.dcd_edpt_xfer
                0x10005608       0x24 CMakeFiles/PF_2_embarcatech.dir/home/thiago/.pico-sdk/sdk/2.1.0/lib/tinyusb/src/portable/raspberrypi/rp2040/dcd_rp2040.c.o
                0x10005608                dcd_edpt_xfer
 .text.dcd_edpt_stall
                0x1000562c       0x34 CMakeFiles/PF_2_embarcatech.dir/home/thiago/.pico-sdk/sdk/2.1.0/lib/tinyusb/src/portable/raspberrypi/rp2040/dcd_rp2040.c.o
                0x1000562c                dcd_edpt_stall
 .text.dcd_edpt_clear_stall
                0x10005660       0x30 CMakeFiles/PF_2_embarcatech.dir/home/thiago/.pico-sdk/sdk/2.1.0/lib/tinyusb/src/portable/raspberrypi/rp2040/dcd_rp2040.c.o
                0x10005660                dcd_edpt_clear_stall
 .text.rp2040_usb_init
                0x10005690       0x40 CMakeFiles/PF_2_embarcatech.dir/home/thiago/.pico-sdk/sdk/2.1.0/lib/tinyusb/src/portable/raspberrypi/rp2040/rp2040_usb.c.o
                0x10005690                rp2040_usb_init
 .text.hw_endpoint_xfer_start
                0x100056d0       0x40 CMakeFiles/PF_2_embarcatech.dir/home/thiago/.pico-sdk/sdk/2.1.0/lib/tinyusb/src/portable/raspberrypi/rp2040/rp2040_usb.c.o
                0x100056d0                hw_endpoint_xfer_start
 .text.tud_event_hook_cb
                0x10005710        0x4 CMakeFiles/PF_2_embarcatech.dir/home/thiago/.pico-sdk/sdk/2.1.0/lib/tinyusb/src/device/usbd.c.o
                0x10005710                tud_event_hook_cb
 .text.tud_sof_cb
                0x10005714        0x4 CMakeFiles/PF_2_embarcatech.dir/home/thiago/.pico-sdk/sdk/2.1.0/lib/tinyusb/src/device/usbd.c.o
                0x10005714                tud_sof_cb
 .text.tud_descriptor_device_qualifier_cb
                0x10005718        0x4 CMakeFiles/PF_2_embarcatech.dir/home/thiago/.pico-sdk/sdk/2.1.0/lib/tinyusb/src/device/usbd.c.o
                0x10005718                tud_descriptor_device_qualifier_cb
 .text.tud_descriptor_other_speed_configuration_cb
                0x1000571c        0x4 CMakeFiles/PF_2_embarcatech.dir/home/thiago/.pico-sdk/sdk/2.1.0/lib/tinyusb/src/device/usbd.c.o
                0x1000571c                tud_descriptor_other_speed_configuration_cb
 .text.tud_mount_cb
                0x10005720        0x4 CMakeFiles/PF_2_embarcatech.dir/home/thiago/.pico-sdk/sdk/2.1.0/lib/tinyusb/src/device/usbd.c.o
                0x10005720                tud_mount_cb
 .text.tud_umount_cb
                0x10005724        0x4 CMakeFiles/PF_2_embarcatech.dir/home/thiago/.pico-sdk/sdk/2.1.0/lib/tinyusb/src/device/usbd.c.o
                0x10005724                tud_umount_cb
 .text.tud_suspend_cb
                0x10005728        0x4 CMakeFiles/PF_2_embarcatech.dir/home/thiago/.pico-sdk/sdk/2.1.0/lib/tinyusb/src/device/usbd.c.o
                0x10005728                tud_suspend_cb
 .text.tud_resume_cb
                0x1000572c        0x4 CMakeFiles/PF_2_embarcatech.dir/home/thiago/.pico-sdk/sdk/2.1.0/lib/tinyusb/src/device/usbd.c.o
                0x1000572c                tud_resume_cb
 .text.tud_mounted
                0x10005730       0x10 CMakeFiles/PF_2_embarcatech.dir/home/thiago/.pico-sdk/sdk/2.1.0/lib/tinyusb/src/device/usbd.c.o
                0x10005730                tud_mounted
 .text.tud_suspended
                0x10005740       0x10 CMakeFiles/PF_2_embarcatech.dir/home/thiago/.pico-sdk/sdk/2.1.0/lib/tinyusb/src/device/usbd.c.o
                0x10005740                tud_suspended
 .text.tud_init
                0x10005750       0xe4 CMakeFiles/PF_2_embarcatech.dir/home/thiago/.pico-sdk/sdk/2.1.0/lib/tinyusb/src/device/usbd.c.o
                0x10005750                tud_init
 .text.tud_task_ext
                0x10005834      0x800 CMakeFiles/PF_2_embarcatech.dir/home/thiago/.pico-sdk/sdk/2.1.0/lib/tinyusb/src/device/usbd.c.o
                0x10005834                tud_task_ext
 .text.usbd_open_edpt_pair
                0x10006034       0x9c CMakeFiles/PF_2_embarcatech.dir/home/thiago/.pico-sdk/sdk/2.1.0/lib/tinyusb/src/device/usbd.c.o
                0x10006034                usbd_open_edpt_pair
 .text.usbd_edpt_open
                0x100060d0       0x34 CMakeFiles/PF_2_embarcatech.dir/home/thiago/.pico-sdk/sdk/2.1.0/lib/tinyusb/src/device/usbd.c.o
                0x100060d0                usbd_edpt_open
 .text.usbd_edpt_claim
                0x10006104       0x28 CMakeFiles/PF_2_embarcatech.dir/home/thiago/.pico-sdk/sdk/2.1.0/lib/tinyusb/src/device/usbd.c.o
                0x10006104                usbd_edpt_claim
 .text.usbd_edpt_release
                0x1000612c       0x28 CMakeFiles/PF_2_embarcatech.dir/home/thiago/.pico-sdk/sdk/2.1.0/lib/tinyusb/src/device/usbd.c.o
                0x1000612c                usbd_edpt_release
 .text.usbd_edpt_xfer
                0x10006154       0x4c CMakeFiles/PF_2_embarcatech.dir/home/thiago/.pico-sdk/sdk/2.1.0/lib/tinyusb/src/device/usbd.c.o
                0x10006154                usbd_edpt_xfer
 .text.tud_control_status
                0x100061a0       0x2c CMakeFiles/PF_2_embarcatech.dir/home/thiago/.pico-sdk/sdk/2.1.0/lib/tinyusb/src/device/usbd_control.c.o
                0x100061a0                tud_control_status
 .text.tud_control_xfer
                0x100061cc       0xac CMakeFiles/PF_2_embarcatech.dir/home/thiago/.pico-sdk/sdk/2.1.0/lib/tinyusb/src/device/usbd_control.c.o
                0x100061cc                tud_control_xfer
 .text.usbd_control_reset
                0x10006278       0x14 CMakeFiles/PF_2_embarcatech.dir/home/thiago/.pico-sdk/sdk/2.1.0/lib/tinyusb/src/device/usbd_control.c.o
                0x10006278                usbd_control_reset
 .text.usbd_control_set_complete_callback
                0x1000628c        0xc CMakeFiles/PF_2_embarcatech.dir/home/thiago/.pico-sdk/sdk/2.1.0/lib/tinyusb/src/device/usbd_control.c.o
                0x1000628c                usbd_control_set_complete_callback
 .text.usbd_control_set_request
                0x10006298       0x1c CMakeFiles/PF_2_embarcatech.dir/home/thiago/.pico-sdk/sdk/2.1.0/lib/tinyusb/src/device/usbd_control.c.o
                0x10006298                usbd_control_set_request
 .text.usbd_control_xfer_cb
                0x100062b4       0xec CMakeFiles/PF_2_embarcatech.dir/home/thiago/.pico-sdk/sdk/2.1.0/lib/tinyusb/src/device/usbd_control.c.o
                0x100062b4                usbd_control_xfer_cb
 .text._prep_out_transaction.isra.0
                0x100063a0       0x5c CMakeFiles/PF_2_embarcatech.dir/home/thiago/.pico-sdk/sdk/2.1.0/lib/tinyusb/src/class/cdc/cdc_device.c.o
 .text.tud_cdc_n_connected
                0x100063fc       0x30 CMakeFiles/PF_2_embarcatech.dir/home/thiago/.pico-sdk/sdk/2.1.0/lib/tinyusb/src/class/cdc/cdc_device.c.o
                0x100063fc                tud_cdc_n_connected
 .text.tud_cdc_n_available
                0x1000642c       0x18 CMakeFiles/PF_2_embarcatech.dir/home/thiago/.pico-sdk/sdk/2.1.0/lib/tinyusb/src/class/cdc/cdc_device.c.o
                0x1000642c                tud_cdc_n_available
 .text.tud_cdc_n_read
                0x10006444       0x98 CMakeFiles/PF_2_embarcatech.dir/home/thiago/.pico-sdk/sdk/2.1.0/lib/tinyusb/src/class/cdc/cdc_device.c.o
                0x10006444                tud_cdc_n_read
 .text.tud_cdc_n_write_flush
                0x100064dc       0x78 CMakeFiles/PF_2_embarcatech.dir/home/thiago/.pico-sdk/sdk/2.1.0/lib/tinyusb/src/class/cdc/cdc_device.c.o
                0x100064dc                tud_cdc_n_write_flush
 .text.tud_cdc_n_write
                0x10006554       0x40 CMakeFiles/PF_2_embarcatech.dir/home/thiago/.pico-sdk/sdk/2.1.0/lib/tinyusb/src/class/cdc/cdc_device.c.o
                0x10006554                tud_cdc_n_write
 .text.tud_cdc_n_write_available
                0x10006594       0x18 CMakeFiles/PF_2_embarcatech.dir/home/thiago/.pico-sdk/sdk/2.1.0/lib/tinyusb/src/class/cdc/cdc_device.c.o
                0x10006594                tud_cdc_n_write_available
 .text.cdcd_init
                0x100065ac       0x7c CMakeFiles/PF_2_embarcatech.dir/home/thiago/.pico-sdk/sdk/2.1.0/lib/tinyusb/src/class/cdc/cdc_device.c.o
                0x100065ac                cdcd_init
 .text.cdcd_deinit
                0x10006628       0x34 CMakeFiles/PF_2_embarcatech.dir/home/thiago/.pico-sdk/sdk/2.1.0/lib/tinyusb/src/class/cdc/cdc_device.c.o
                0x10006628                cdcd_deinit
 .text.cdcd_reset
                0x1000665c       0x4c CMakeFiles/PF_2_embarcatech.dir/home/thiago/.pico-sdk/sdk/2.1.0/lib/tinyusb/src/class/cdc/cdc_device.c.o
                0x1000665c                cdcd_reset
 .text.cdcd_open
                0x100066a8       0xb0 CMakeFiles/PF_2_embarcatech.dir/home/thiago/.pico-sdk/sdk/2.1.0/lib/tinyusb/src/class/cdc/cdc_device.c.o
                0x100066a8                cdcd_open
 .text.cdcd_control_xfer_cb
                0x10006758       0xe4 CMakeFiles/PF_2_embarcatech.dir/home/thiago/.pico-sdk/sdk/2.1.0/lib/tinyusb/src/class/cdc/cdc_device.c.o
                0x10006758                cdcd_control_xfer_cb
 .text.cdcd_xfer_cb
                0x1000683c      0x100 CMakeFiles/PF_2_embarcatech.dir/home/thiago/.pico-sdk/sdk/2.1.0/lib/tinyusb/src/class/cdc/cdc_device.c.o
                0x1000683c                cdcd_xfer_cb
 .text.vendord_init
                0x1000693c       0x5c CMakeFiles/PF_2_embarcatech.dir/home/thiago/.pico-sdk/sdk/2.1.0/lib/tinyusb/src/class/vendor/vendor_device.c.o
                0x1000693c                vendord_init
 .text.vendord_deinit
                0x10006998       0x1c CMakeFiles/PF_2_embarcatech.dir/home/thiago/.pico-sdk/sdk/2.1.0/lib/tinyusb/src/class/vendor/vendor_device.c.o
                0x10006998                vendord_deinit
 .text.vendord_reset
                0x100069b4       0x20 CMakeFiles/PF_2_embarcatech.dir/home/thiago/.pico-sdk/sdk/2.1.0/lib/tinyusb/src/class/vendor/vendor_device.c.o
                0x100069b4                vendord_reset
 .text.vendord_open
                0x100069d4      0x138 CMakeFiles/PF_2_embarcatech.dir/home/thiago/.pico-sdk/sdk/2.1.0/lib/tinyusb/src/class/vendor/vendor_device.c.o
                0x100069d4                vendord_open
 .text.vendord_xfer_cb
                0x10006b0c       0x9c CMakeFiles/PF_2_embarcatech.dir/home/thiago/.pico-sdk/sdk/2.1.0/lib/tinyusb/src/class/vendor/vendor_device.c.o
                0x10006b0c                vendord_xfer_cb
 .text.tusb_init
                0x10006ba8        0xc CMakeFiles/PF_2_embarcatech.dir/home/thiago/.pico-sdk/sdk/2.1.0/lib/tinyusb/src/tusb.c.o
                0x10006ba8                tusb_init
 .text.tu_edpt_claim
                0x10006bb4       0x50 CMakeFiles/PF_2_embarcatech.dir/home/thiago/.pico-sdk/sdk/2.1.0/lib/tinyusb/src/tusb.c.o
                0x10006bb4                tu_edpt_claim
 .text.tu_edpt_release
                0x10006c04       0x38 CMakeFiles/PF_2_embarcatech.dir/home/thiago/.pico-sdk/sdk/2.1.0/lib/tinyusb/src/tusb.c.o
                0x10006c04                tu_edpt_release
 .text.tu_edpt_validate
                0x10006c3c       0x7c CMakeFiles/PF_2_embarcatech.dir/home/thiago/.pico-sdk/sdk/2.1.0/lib/tinyusb/src/tusb.c.o
                0x10006c3c                tu_edpt_validate
 .text.tu_edpt_bind_driver
                0x10006cb8       0x34 CMakeFiles/PF_2_embarcatech.dir/home/thiago/.pico-sdk/sdk/2.1.0/lib/tinyusb/src/tusb.c.o
                0x10006cb8                tu_edpt_bind_driver
 .text.tu_edpt_stream_init
                0x10006cec       0x6c CMakeFiles/PF_2_embarcatech.dir/home/thiago/.pico-sdk/sdk/2.1.0/lib/tinyusb/src/tusb.c.o
                0x10006cec                tu_edpt_stream_init
 .text.tu_edpt_stream_deinit
                0x10006d58        0x4 CMakeFiles/PF_2_embarcatech.dir/home/thiago/.pico-sdk/sdk/2.1.0/lib/tinyusb/src/tusb.c.o
                0x10006d58                tu_edpt_stream_deinit
 .text.tu_edpt_stream_write_zlp_if_needed
                0x10006d5c       0x68 CMakeFiles/PF_2_embarcatech.dir/home/thiago/.pico-sdk/sdk/2.1.0/lib/tinyusb/src/tusb.c.o
                0x10006d5c                tu_edpt_stream_write_zlp_if_needed
 .text.tu_edpt_stream_write_xfer
                0x10006dc4       0x64 CMakeFiles/PF_2_embarcatech.dir/home/thiago/.pico-sdk/sdk/2.1.0/lib/tinyusb/src/tusb.c.o
                0x10006dc4                tu_edpt_stream_write_xfer
 .text.tu_edpt_stream_read_xfer
                0x10006e28       0xdc CMakeFiles/PF_2_embarcatech.dir/home/thiago/.pico-sdk/sdk/2.1.0/lib/tinyusb/src/tusb.c.o
                0x10006e28                tu_edpt_stream_read_xfer
 .text.tu_fifo_config
                0x10006f04       0x6c CMakeFiles/PF_2_embarcatech.dir/home/thiago/.pico-sdk/sdk/2.1.0/lib/tinyusb/src/common/tusb_fifo.c.o
                0x10006f04                tu_fifo_config
 .text.tu_fifo_count
                0x10006f70       0x2c CMakeFiles/PF_2_embarcatech.dir/home/thiago/.pico-sdk/sdk/2.1.0/lib/tinyusb/src/common/tusb_fifo.c.o
                0x10006f70                tu_fifo_count
 .text.tu_fifo_empty
                0x10006f9c       0x10 CMakeFiles/PF_2_embarcatech.dir/home/thiago/.pico-sdk/sdk/2.1.0/lib/tinyusb/src/common/tusb_fifo.c.o
                0x10006f9c                tu_fifo_empty
 .text.tu_fifo_remaining
                0x10006fac       0x2c CMakeFiles/PF_2_embarcatech.dir/home/thiago/.pico-sdk/sdk/2.1.0/lib/tinyusb/src/common/tusb_fifo.c.o
                0x10006fac                tu_fifo_remaining
 .text.tu_fifo_read
                0x10006fd8       0x9c CMakeFiles/PF_2_embarcatech.dir/home/thiago/.pico-sdk/sdk/2.1.0/lib/tinyusb/src/common/tusb_fifo.c.o
                0x10006fd8                tu_fifo_read
 .text.tu_fifo_read_n
                0x10007074       0xe8 CMakeFiles/PF_2_embarcatech.dir/home/thiago/.pico-sdk/sdk/2.1.0/lib/tinyusb/src/common/tusb_fifo.c.o
                0x10007074                tu_fifo_read_n
 .text.tu_fifo_write
                0x1000715c       0xa8 CMakeFiles/PF_2_embarcatech.dir/home/thiago/.pico-sdk/sdk/2.1.0/lib/tinyusb/src/common/tusb_fifo.c.o
                0x1000715c                tu_fifo_write
 .text.tu_fifo_write_n
                0x10007204      0x178 CMakeFiles/PF_2_embarcatech.dir/home/thiago/.pico-sdk/sdk/2.1.0/lib/tinyusb/src/common/tusb_fifo.c.o
                0x10007204                tu_fifo_write_n
 .text.tu_fifo_clear
                0x1000737c       0x40 CMakeFiles/PF_2_embarcatech.dir/home/thiago/.pico-sdk/sdk/2.1.0/lib/tinyusb/src/common/tusb_fifo.c.o
                0x1000737c                tu_fifo_clear
 .text.tu_fifo_set_overwritable
                0x100073bc       0x48 CMakeFiles/PF_2_embarcatech.dir/home/thiago/.pico-sdk/sdk/2.1.0/lib/tinyusb/src/common/tusb_fifo.c.o
                0x100073bc                tu_fifo_set_overwritable
 .text.lwip_timeout_reached
                0x10007404        0x8 CMakeFiles/PF_2_embarcatech.dir/home/thiago/.pico-sdk/sdk/2.1.0/src/rp2_common/pico_lwip/lwip_nosys.c.o
 .text.update_next_timeout
                0x1000740c       0x60 CMakeFiles/PF_2_embarcatech.dir/home/thiago/.pico-sdk/sdk/2.1.0/src/rp2_common/pico_lwip/lwip_nosys.c.o
 .text.lwip_nosys_init
                0x1000746c       0x30 CMakeFiles/PF_2_embarcatech.dir/home/thiago/.pico-sdk/sdk/2.1.0/src/rp2_common/pico_lwip/lwip_nosys.c.o
                0x1000746c                lwip_nosys_init
 .text.lwip_nosys_deinit
                0x1000749c       0x20 CMakeFiles/PF_2_embarcatech.dir/home/thiago/.pico-sdk/sdk/2.1.0/src/rp2_common/pico_lwip/lwip_nosys.c.o
                0x1000749c                lwip_nosys_deinit
 .text.sys_arch_protect
                0x100074bc        0x4 CMakeFiles/PF_2_embarcatech.dir/home/thiago/.pico-sdk/sdk/2.1.0/src/rp2_common/pico_lwip/lwip_nosys.c.o
                0x100074bc                sys_arch_protect
 .text.sys_arch_unprotect
                0x100074c0        0x4 CMakeFiles/PF_2_embarcatech.dir/home/thiago/.pico-sdk/sdk/2.1.0/src/rp2_common/pico_lwip/lwip_nosys.c.o
                0x100074c0                sys_arch_unprotect
 .text.sys_now  0x100074c4       0x20 CMakeFiles/PF_2_embarcatech.dir/home/thiago/.pico-sdk/sdk/2.1.0/src/rp2_common/pico_lwip/lwip_nosys.c.o
                0x100074c4                sys_now
 .text.async_context_base_add_at_time_worker
                0x100074e4       0x24 CMakeFiles/PF_2_embarcatech.dir/home/thiago/.pico-sdk/sdk/2.1.0/src/rp2_common/pico_async_context/async_context_base.c.o
                0x100074e4                async_context_base_add_at_time_worker
 .text.async_context_base_remove_at_time_worker
                0x10007508       0x28 CMakeFiles/PF_2_embarcatech.dir/home/thiago/.pico-sdk/sdk/2.1.0/src/rp2_common/pico_async_context/async_context_base.c.o
                0x10007508                async_context_base_remove_at_time_worker
 .text.async_context_base_add_when_pending_worker
                0x10007530       0x24 CMakeFiles/PF_2_embarcatech.dir/home/thiago/.pico-sdk/sdk/2.1.0/src/rp2_common/pico_async_context/async_context_base.c.o
                0x10007530                async_context_base_add_when_pending_worker
 .text.async_context_base_remove_when_pending_worker
                0x10007554       0x28 CMakeFiles/PF_2_embarcatech.dir/home/thiago/.pico-sdk/sdk/2.1.0/src/rp2_common/pico_async_context/async_context_base.c.o
                0x10007554                async_context_base_remove_when_pending_worker
 .text.async_context_base_execute_once
                0x1000757c      0x108 CMakeFiles/PF_2_embarcatech.dir/home/thiago/.pico-sdk/sdk/2.1.0/src/rp2_common/pico_async_context/async_context_base.c.o
                0x1000757c                async_context_base_execute_once
 .text.splitmix64
                0x10007684       0x58 CMakeFiles/PF_2_embarcatech.dir/home/thiago/.pico-sdk/sdk/2.1.0/src/rp2_common/pico_rand/rand.c.o
 .text.xoroshiro128ss
                0x100076dc       0x90 CMakeFiles/PF_2_embarcatech.dir/home/thiago/.pico-sdk/sdk/2.1.0/src/rp2_common/pico_rand/rand.c.o
 .text.get_rand_64
                0x1000776c      0x4a4 CMakeFiles/PF_2_embarcatech.dir/home/thiago/.pico-sdk/sdk/2.1.0/src/rp2_common/pico_rand/rand.c.o
                0x1000776c                get_rand_64
 .text.get_rand_32
                0x10007c10        0x8 CMakeFiles/PF_2_embarcatech.dir/home/thiago/.pico-sdk/sdk/2.1.0/src/rp2_common/pico_rand/rand.c.o
                0x10007c10                get_rand_32
 .text.lwip_init
                0x10007c18       0x24 CMakeFiles/PF_2_embarcatech.dir/home/thiago/.pico-sdk/sdk/2.1.0/lib/lwip/src/core/init.c.o
                0x10007c18                lwip_init
 .text.lwip_htons
                0x10007c3c        0x8 CMakeFiles/PF_2_embarcatech.dir/home/thiago/.pico-sdk/sdk/2.1.0/lib/lwip/src/core/def.c.o
                0x10007c3c                lwip_htons
 .text.lwip_htonl
                0x10007c44        0x4 CMakeFiles/PF_2_embarcatech.dir/home/thiago/.pico-sdk/sdk/2.1.0/lib/lwip/src/core/def.c.o
                0x10007c44                lwip_htonl
 .text.dns_call_found
                0x10007c48      0x184 CMakeFiles/PF_2_embarcatech.dir/home/thiago/.pico-sdk/sdk/2.1.0/lib/lwip/src/core/dns.c.o
 .text.dns_send.isra.0
                0x10007dcc      0x174 CMakeFiles/PF_2_embarcatech.dir/home/thiago/.pico-sdk/sdk/2.1.0/lib/lwip/src/core/dns.c.o
 .text.dns_init
                0x10007f40        0x4 CMakeFiles/PF_2_embarcatech.dir/home/thiago/.pico-sdk/sdk/2.1.0/lib/lwip/src/core/dns.c.o
                0x10007f40                dns_init
 .text.dns_setserver
                0x10007f44       0x24 CMakeFiles/PF_2_embarcatech.dir/home/thiago/.pico-sdk/sdk/2.1.0/lib/lwip/src/core/dns.c.o
                0x10007f44                dns_setserver
 .text.dns_tmr  0x10007f68      0x140 CMakeFiles/PF_2_embarcatech.dir/home/thiago/.pico-sdk/sdk/2.1.0/lib/lwip/src/core/dns.c.o
                0x10007f68                dns_tmr
 .text.lwip_standard_chksum
                0x100080a8       0xdc CMakeFiles/PF_2_embarcatech.dir/home/thiago/.pico-sdk/sdk/2.1.0/lib/lwip/src/core/inet_chksum.c.o
                0x100080a8                lwip_standard_chksum
 .text.inet_chksum_pseudo
                0x10008184       0xbc CMakeFiles/PF_2_embarcatech.dir/home/thiago/.pico-sdk/sdk/2.1.0/lib/lwip/src/core/inet_chksum.c.o
                0x10008184                inet_chksum_pseudo
 .text.ip_chksum_pseudo
                0x10008240       0x10 CMakeFiles/PF_2_embarcatech.dir/home/thiago/.pico-sdk/sdk/2.1.0/lib/lwip/src/core/inet_chksum.c.o
                0x10008240                ip_chksum_pseudo
 .text.inet_chksum
                0x10008250        0xc CMakeFiles/PF_2_embarcatech.dir/home/thiago/.pico-sdk/sdk/2.1.0/lib/lwip/src/core/inet_chksum.c.o
                0x10008250                inet_chksum
 .text.inet_chksum_pbuf
                0x1000825c       0x78 CMakeFiles/PF_2_embarcatech.dir/home/thiago/.pico-sdk/sdk/2.1.0/lib/lwip/src/core/inet_chksum.c.o
                0x1000825c                inet_chksum_pbuf
 .text.mem_init
                0x100082d4       0x3c CMakeFiles/PF_2_embarcatech.dir/home/thiago/.pico-sdk/sdk/2.1.0/lib/lwip/src/core/mem.c.o
                0x100082d4                mem_init
 .text.mem_free
                0x10008310      0x130 CMakeFiles/PF_2_embarcatech.dir/home/thiago/.pico-sdk/sdk/2.1.0/lib/lwip/src/core/mem.c.o
                0x10008310                mem_free
 .text.mem_trim
                0x10008440      0x104 CMakeFiles/PF_2_embarcatech.dir/home/thiago/.pico-sdk/sdk/2.1.0/lib/lwip/src/core/mem.c.o
                0x10008440                mem_trim
 .text.mem_malloc
                0x10008544      0x124 CMakeFiles/PF_2_embarcatech.dir/home/thiago/.pico-sdk/sdk/2.1.0/lib/lwip/src/core/mem.c.o
                0x10008544                mem_malloc
 .text.memp_init
                0x10008668       0x6c CMakeFiles/PF_2_embarcatech.dir/home/thiago/.pico-sdk/sdk/2.1.0/lib/lwip/src/core/memp.c.o
                0x10008668                memp_init
 .text.memp_malloc
                0x100086d4       0x40 CMakeFiles/PF_2_embarcatech.dir/home/thiago/.pico-sdk/sdk/2.1.0/lib/lwip/src/core/memp.c.o
                0x100086d4                memp_malloc
 .text.memp_free
                0x10008714       0x38 CMakeFiles/PF_2_embarcatech.dir/home/thiago/.pico-sdk/sdk/2.1.0/lib/lwip/src/core/memp.c.o
                0x10008714                memp_free
 .text.netif_null_output_ip4
                0x1000874c        0x8 CMakeFiles/PF_2_embarcatech.dir/home/thiago/.pico-sdk/sdk/2.1.0/lib/lwip/src/core/netif.c.o
 .text.netif_do_set_ipaddr.isra.0
                0x10008754       0x60 CMakeFiles/PF_2_embarcatech.dir/home/thiago/.pico-sdk/sdk/2.1.0/lib/lwip/src/core/netif.c.o
 .text.netif_init
                0x100087b4        0x4 CMakeFiles/PF_2_embarcatech.dir/home/thiago/.pico-sdk/sdk/2.1.0/lib/lwip/src/core/netif.c.o
                0x100087b4                netif_init
 .text.netif_add
                0x100087b8      0x16c CMakeFiles/PF_2_embarcatech.dir/home/thiago/.pico-sdk/sdk/2.1.0/lib/lwip/src/core/netif.c.o
                0x100087b8                netif_add
 .text.netif_set_addr
                0x10008924       0xb4 CMakeFiles/PF_2_embarcatech.dir/home/thiago/.pico-sdk/sdk/2.1.0/lib/lwip/src/core/netif.c.o
                0x10008924                netif_set_addr
 .text.netif_remove
                0x100089d8       0x94 CMakeFiles/PF_2_embarcatech.dir/home/thiago/.pico-sdk/sdk/2.1.0/lib/lwip/src/core/netif.c.o
                0x100089d8                netif_remove
 .text.netif_set_default
                0x10008a6c        0xc CMakeFiles/PF_2_embarcatech.dir/home/thiago/.pico-sdk/sdk/2.1.0/lib/lwip/src/core/netif.c.o
                0x10008a6c                netif_set_default
 .text.netif_set_up
                0x10008a78       0x40 CMakeFiles/PF_2_embarcatech.dir/home/thiago/.pico-sdk/sdk/2.1.0/lib/lwip/src/core/netif.c.o
                0x10008a78                netif_set_up
 .text.netif_set_link_up
                0x10008ab8       0x44 CMakeFiles/PF_2_embarcatech.dir/home/thiago/.pico-sdk/sdk/2.1.0/lib/lwip/src/core/netif.c.o
                0x10008ab8                netif_set_link_up
 .text.netif_set_link_down
                0x10008afc       0x20 CMakeFiles/PF_2_embarcatech.dir/home/thiago/.pico-sdk/sdk/2.1.0/lib/lwip/src/core/netif.c.o
                0x10008afc                netif_set_link_down
 .text.netif_get_by_index
                0x10008b1c       0x2c CMakeFiles/PF_2_embarcatech.dir/home/thiago/.pico-sdk/sdk/2.1.0/lib/lwip/src/core/netif.c.o
                0x10008b1c                netif_get_by_index
 .text.pbuf_free.part.0
                0x10008b48       0x7c CMakeFiles/PF_2_embarcatech.dir/home/thiago/.pico-sdk/sdk/2.1.0/lib/lwip/src/core/pbuf.c.o
 .text.pbuf_free_ooseq
                0x10008bc4       0x34 CMakeFiles/PF_2_embarcatech.dir/home/thiago/.pico-sdk/sdk/2.1.0/lib/lwip/src/core/pbuf.c.o
                0x10008bc4                pbuf_free_ooseq
 .text.pbuf_alloc
                0x10008bf8      0x134 CMakeFiles/PF_2_embarcatech.dir/home/thiago/.pico-sdk/sdk/2.1.0/lib/lwip/src/core/pbuf.c.o
                0x10008bf8                pbuf_alloc
 .text.pbuf_realloc
                0x10008d2c       0x84 CMakeFiles/PF_2_embarcatech.dir/home/thiago/.pico-sdk/sdk/2.1.0/lib/lwip/src/core/pbuf.c.o
                0x10008d2c                pbuf_realloc
 .text.pbuf_add_header
                0x10008db0       0x50 CMakeFiles/PF_2_embarcatech.dir/home/thiago/.pico-sdk/sdk/2.1.0/lib/lwip/src/core/pbuf.c.o
                0x10008db0                pbuf_add_header
 .text.pbuf_remove_header
                0x10008e00       0x3c CMakeFiles/PF_2_embarcatech.dir/home/thiago/.pico-sdk/sdk/2.1.0/lib/lwip/src/core/pbuf.c.o
                0x10008e00                pbuf_remove_header
 .text.pbuf_header_force
                0x10008e3c       0x68 CMakeFiles/PF_2_embarcatech.dir/home/thiago/.pico-sdk/sdk/2.1.0/lib/lwip/src/core/pbuf.c.o
                0x10008e3c                pbuf_header_force
 .text.pbuf_free
                0x10008ea4       0x18 CMakeFiles/PF_2_embarcatech.dir/home/thiago/.pico-sdk/sdk/2.1.0/lib/lwip/src/core/pbuf.c.o
                0x10008ea4                pbuf_free
 .text.pbuf_clen
                0x10008ebc       0x14 CMakeFiles/PF_2_embarcatech.dir/home/thiago/.pico-sdk/sdk/2.1.0/lib/lwip/src/core/pbuf.c.o
                0x10008ebc                pbuf_clen
 .text.pbuf_ref
                0x10008ed0       0x28 CMakeFiles/PF_2_embarcatech.dir/home/thiago/.pico-sdk/sdk/2.1.0/lib/lwip/src/core/pbuf.c.o
                0x10008ed0                pbuf_ref
 .text.pbuf_cat
                0x10008ef8       0x44 CMakeFiles/PF_2_embarcatech.dir/home/thiago/.pico-sdk/sdk/2.1.0/lib/lwip/src/core/pbuf.c.o
                0x10008ef8                pbuf_cat
 .text.pbuf_chain
                0x10008f3c       0x64 CMakeFiles/PF_2_embarcatech.dir/home/thiago/.pico-sdk/sdk/2.1.0/lib/lwip/src/core/pbuf.c.o
                0x10008f3c                pbuf_chain
 .text.pbuf_copy_partial_pbuf
                0x10008fa0      0x148 CMakeFiles/PF_2_embarcatech.dir/home/thiago/.pico-sdk/sdk/2.1.0/lib/lwip/src/core/pbuf.c.o
                0x10008fa0                pbuf_copy_partial_pbuf
 .text.pbuf_copy
                0x100090e8       0x18 CMakeFiles/PF_2_embarcatech.dir/home/thiago/.pico-sdk/sdk/2.1.0/lib/lwip/src/core/pbuf.c.o
                0x100090e8                pbuf_copy
 .text.pbuf_copy_partial
                0x10009100       0x68 CMakeFiles/PF_2_embarcatech.dir/home/thiago/.pico-sdk/sdk/2.1.0/lib/lwip/src/core/pbuf.c.o
                0x10009100                pbuf_copy_partial
 .text.pbuf_take
                0x10009168       0x78 CMakeFiles/PF_2_embarcatech.dir/home/thiago/.pico-sdk/sdk/2.1.0/lib/lwip/src/core/pbuf.c.o
                0x10009168                pbuf_take
 .text.pbuf_take_at
                0x100091e0       0xcc CMakeFiles/PF_2_embarcatech.dir/home/thiago/.pico-sdk/sdk/2.1.0/lib/lwip/src/core/pbuf.c.o
                0x100091e0                pbuf_take_at
 .text.pbuf_clone
                0x100092ac       0x30 CMakeFiles/PF_2_embarcatech.dir/home/thiago/.pico-sdk/sdk/2.1.0/lib/lwip/src/core/pbuf.c.o
                0x100092ac                pbuf_clone
 .text.pbuf_put_at
                0x100092dc       0x1c CMakeFiles/PF_2_embarcatech.dir/home/thiago/.pico-sdk/sdk/2.1.0/lib/lwip/src/core/pbuf.c.o
                0x100092dc                pbuf_put_at
 .text.raw_input
                0x100092f8      0x164 CMakeFiles/PF_2_embarcatech.dir/home/thiago/.pico-sdk/sdk/2.1.0/lib/lwip/src/core/raw.c.o
                0x100092f8                raw_input
 .text.raw_netif_ip_addr_changed
                0x1000945c       0x40 CMakeFiles/PF_2_embarcatech.dir/home/thiago/.pico-sdk/sdk/2.1.0/lib/lwip/src/core/raw.c.o
                0x1000945c                raw_netif_ip_addr_changed
 .text.stats_init
                0x1000949c        0x4 CMakeFiles/PF_2_embarcatech.dir/home/thiago/.pico-sdk/sdk/2.1.0/lib/lwip/src/core/stats.c.o
                0x1000949c                stats_init
 .text.tcp_close_shutdown_fin
                0x100094a0       0x54 CMakeFiles/PF_2_embarcatech.dir/home/thiago/.pico-sdk/sdk/2.1.0/lib/lwip/src/core/tcp.c.o
 .text.tcp_pcb_purge.part.0
                0x100094f4       0xc4 CMakeFiles/PF_2_embarcatech.dir/home/thiago/.pico-sdk/sdk/2.1.0/lib/lwip/src/core/tcp.c.o
 .text.tcp_init
                0x100095b8       0x20 CMakeFiles/PF_2_embarcatech.dir/home/thiago/.pico-sdk/sdk/2.1.0/lib/lwip/src/core/tcp.c.o
                0x100095b8                tcp_init
 .text.tcp_free
                0x100095d8       0x1c CMakeFiles/PF_2_embarcatech.dir/home/thiago/.pico-sdk/sdk/2.1.0/lib/lwip/src/core/tcp.c.o
                0x100095d8                tcp_free
 .text.tcp_update_rcv_ann_wnd
                0x100095f4       0x58 CMakeFiles/PF_2_embarcatech.dir/home/thiago/.pico-sdk/sdk/2.1.0/lib/lwip/src/core/tcp.c.o
                0x100095f4                tcp_update_rcv_ann_wnd
 .text.tcp_recved
                0x1000964c       0x98 CMakeFiles/PF_2_embarcatech.dir/home/thiago/.pico-sdk/sdk/2.1.0/lib/lwip/src/core/tcp.c.o
                0x1000964c                tcp_recved
 .text.tcp_slowtmr
                0x100096e4      0x524 CMakeFiles/PF_2_embarcatech.dir/home/thiago/.pico-sdk/sdk/2.1.0/lib/lwip/src/core/tcp.c.o
                0x100096e4                tcp_slowtmr
 .text.tcp_segs_free
                0x10009c08       0x38 CMakeFiles/PF_2_embarcatech.dir/home/thiago/.pico-sdk/sdk/2.1.0/lib/lwip/src/core/tcp.c.o
                0x10009c08                tcp_segs_free
 .text.tcp_seg_free
                0x10009c40       0x1c CMakeFiles/PF_2_embarcatech.dir/home/thiago/.pico-sdk/sdk/2.1.0/lib/lwip/src/core/tcp.c.o
                0x10009c40                tcp_seg_free
 .text.tcp_seg_copy
                0x10009c5c       0x2c CMakeFiles/PF_2_embarcatech.dir/home/thiago/.pico-sdk/sdk/2.1.0/lib/lwip/src/core/tcp.c.o
                0x10009c5c                tcp_seg_copy
 .text.tcp_pcb_purge
                0x10009c88       0x18 CMakeFiles/PF_2_embarcatech.dir/home/thiago/.pico-sdk/sdk/2.1.0/lib/lwip/src/core/tcp.c.o
                0x10009c88                tcp_pcb_purge
 .text.tcp_pcb_remove
                0x10009ca0       0xc8 CMakeFiles/PF_2_embarcatech.dir/home/thiago/.pico-sdk/sdk/2.1.0/lib/lwip/src/core/tcp.c.o
                0x10009ca0                tcp_pcb_remove
 .text.tcp_abandon
                0x10009d68      0x1a0 CMakeFiles/PF_2_embarcatech.dir/home/thiago/.pico-sdk/sdk/2.1.0/lib/lwip/src/core/tcp.c.o
                0x10009d68                tcp_abandon
 .text.tcp_abort
                0x10009f08        0xc CMakeFiles/PF_2_embarcatech.dir/home/thiago/.pico-sdk/sdk/2.1.0/lib/lwip/src/core/tcp.c.o
                0x10009f08                tcp_abort
 .text.tcp_alloc
                0x10009f14      0x1d4 CMakeFiles/PF_2_embarcatech.dir/home/thiago/.pico-sdk/sdk/2.1.0/lib/lwip/src/core/tcp.c.o
                0x10009f14                tcp_alloc
 .text.tcp_close_shutdown
                0x1000a0e8      0x188 CMakeFiles/PF_2_embarcatech.dir/home/thiago/.pico-sdk/sdk/2.1.0/lib/lwip/src/core/tcp.c.o
 .text.tcp_recv_null
                0x1000a270       0xcc CMakeFiles/PF_2_embarcatech.dir/home/thiago/.pico-sdk/sdk/2.1.0/lib/lwip/src/core/tcp.c.o
                0x1000a270                tcp_recv_null
 .text.tcp_process_refused_data
                0x1000a33c       0x78 CMakeFiles/PF_2_embarcatech.dir/home/thiago/.pico-sdk/sdk/2.1.0/lib/lwip/src/core/tcp.c.o
                0x1000a33c                tcp_process_refused_data
 .text.tcp_fasttmr
                0x1000a3b4       0x98 CMakeFiles/PF_2_embarcatech.dir/home/thiago/.pico-sdk/sdk/2.1.0/lib/lwip/src/core/tcp.c.o
                0x1000a3b4                tcp_fasttmr
 .text.tcp_tmr  0x1000a44c       0x20 CMakeFiles/PF_2_embarcatech.dir/home/thiago/.pico-sdk/sdk/2.1.0/lib/lwip/src/core/tcp.c.o
                0x1000a44c                tcp_tmr
 .text.tcp_next_iss
                0x1000a46c       0x28 CMakeFiles/PF_2_embarcatech.dir/home/thiago/.pico-sdk/sdk/2.1.0/lib/lwip/src/core/tcp.c.o
                0x1000a46c                tcp_next_iss
 .text.tcp_eff_send_mss_netif
                0x1000a494       0x34 CMakeFiles/PF_2_embarcatech.dir/home/thiago/.pico-sdk/sdk/2.1.0/lib/lwip/src/core/tcp.c.o
                0x1000a494                tcp_eff_send_mss_netif
 .text.tcp_netif_ip_addr_changed
                0x1000a4c8       0x94 CMakeFiles/PF_2_embarcatech.dir/home/thiago/.pico-sdk/sdk/2.1.0/lib/lwip/src/core/tcp.c.o
                0x1000a4c8                tcp_netif_ip_addr_changed
 .text.tcp_free_ooseq
                0x1000a55c       0x40 CMakeFiles/PF_2_embarcatech.dir/home/thiago/.pico-sdk/sdk/2.1.0/lib/lwip/src/core/tcp.c.o
                0x1000a55c                tcp_free_ooseq
 .text.tcp_parseopt
                0x1000a59c      0x1bc CMakeFiles/PF_2_embarcatech.dir/home/thiago/.pico-sdk/sdk/2.1.0/lib/lwip/src/core/tcp_in.c.o
 .text.tcp_oos_insert_segment
                0x1000a758       0xdc CMakeFiles/PF_2_embarcatech.dir/home/thiago/.pico-sdk/sdk/2.1.0/lib/lwip/src/core/tcp_in.c.o
 .text.tcp_free_acked_segments.isra.0
                0x1000a834       0xdc CMakeFiles/PF_2_embarcatech.dir/home/thiago/.pico-sdk/sdk/2.1.0/lib/lwip/src/core/tcp_in.c.o
 .text.tcp_receive
                0x1000a910      0xa00 CMakeFiles/PF_2_embarcatech.dir/home/thiago/.pico-sdk/sdk/2.1.0/lib/lwip/src/core/tcp_in.c.o
 .text.tcp_input
                0x1000b310      0xe54 CMakeFiles/PF_2_embarcatech.dir/home/thiago/.pico-sdk/sdk/2.1.0/lib/lwip/src/core/tcp_in.c.o
                0x1000b310                tcp_input
 .text.tcp_trigger_input_pcb_close
                0x1000c164       0x10 CMakeFiles/PF_2_embarcatech.dir/home/thiago/.pico-sdk/sdk/2.1.0/lib/lwip/src/core/tcp_in.c.o
                0x1000c164                tcp_trigger_input_pcb_close
 .text.tcp_create_segment
                0x1000c174       0xf8 CMakeFiles/PF_2_embarcatech.dir/home/thiago/.pico-sdk/sdk/2.1.0/lib/lwip/src/core/tcp_out.c.o
 .text.tcp_output_control_segment
                0x1000c26c       0xc0 CMakeFiles/PF_2_embarcatech.dir/home/thiago/.pico-sdk/sdk/2.1.0/lib/lwip/src/core/tcp_out.c.o
 .text.tcp_output_alloc_header.constprop.0
                0x1000c32c       0xc8 CMakeFiles/PF_2_embarcatech.dir/home/thiago/.pico-sdk/sdk/2.1.0/lib/lwip/src/core/tcp_out.c.o
 .text.tcp_split_unsent_seg
                0x1000c3f4      0x1b4 CMakeFiles/PF_2_embarcatech.dir/home/thiago/.pico-sdk/sdk/2.1.0/lib/lwip/src/core/tcp_out.c.o
                0x1000c3f4                tcp_split_unsent_seg
 .text.tcp_send_fin
                0x1000c5a8      0x118 CMakeFiles/PF_2_embarcatech.dir/home/thiago/.pico-sdk/sdk/2.1.0/lib/lwip/src/core/tcp_out.c.o
                0x1000c5a8                tcp_send_fin
 .text.tcp_enqueue_flags
                0x1000c6c0      0x108 CMakeFiles/PF_2_embarcatech.dir/home/thiago/.pico-sdk/sdk/2.1.0/lib/lwip/src/core/tcp_out.c.o
                0x1000c6c0                tcp_enqueue_flags
 .text.tcp_rexmit_rto_prepare
                0x1000c7c8       0x9c CMakeFiles/PF_2_embarcatech.dir/home/thiago/.pico-sdk/sdk/2.1.0/lib/lwip/src/core/tcp_out.c.o
                0x1000c7c8                tcp_rexmit_rto_prepare
 .text.tcp_rexmit
                0x1000c864       0x9c CMakeFiles/PF_2_embarcatech.dir/home/thiago/.pico-sdk/sdk/2.1.0/lib/lwip/src/core/tcp_out.c.o
                0x1000c864                tcp_rexmit
 .text.tcp_rexmit_fast
                0x1000c900       0x64 CMakeFiles/PF_2_embarcatech.dir/home/thiago/.pico-sdk/sdk/2.1.0/lib/lwip/src/core/tcp_out.c.o
                0x1000c900                tcp_rexmit_fast
 .text.tcp_rst  0x1000c964       0xe8 CMakeFiles/PF_2_embarcatech.dir/home/thiago/.pico-sdk/sdk/2.1.0/lib/lwip/src/core/tcp_out.c.o
                0x1000c964                tcp_rst
 .text.tcp_rst_netif
                0x1000ca4c      0x130 CMakeFiles/PF_2_embarcatech.dir/home/thiago/.pico-sdk/sdk/2.1.0/lib/lwip/src/core/tcp_out.c.o
                0x1000ca4c                tcp_rst_netif
 .text.tcp_send_empty_ack
                0x1000cb7c       0x4c CMakeFiles/PF_2_embarcatech.dir/home/thiago/.pico-sdk/sdk/2.1.0/lib/lwip/src/core/tcp_out.c.o
                0x1000cb7c                tcp_send_empty_ack
 .text.tcp_output
                0x1000cbc8      0x454 CMakeFiles/PF_2_embarcatech.dir/home/thiago/.pico-sdk/sdk/2.1.0/lib/lwip/src/core/tcp_out.c.o
                0x1000cbc8                tcp_output
 .text.tcp_rexmit_rto_commit
                0x1000d01c       0x24 CMakeFiles/PF_2_embarcatech.dir/home/thiago/.pico-sdk/sdk/2.1.0/lib/lwip/src/core/tcp_out.c.o
                0x1000d01c                tcp_rexmit_rto_commit
 .text.tcp_rexmit_rto
                0x1000d040       0xa4 CMakeFiles/PF_2_embarcatech.dir/home/thiago/.pico-sdk/sdk/2.1.0/lib/lwip/src/core/tcp_out.c.o
                0x1000d040                tcp_rexmit_rto
 .text.tcp_keepalive
                0x1000d0e4       0xdc CMakeFiles/PF_2_embarcatech.dir/home/thiago/.pico-sdk/sdk/2.1.0/lib/lwip/src/core/tcp_out.c.o
                0x1000d0e4                tcp_keepalive
 .text.tcp_zero_window_probe
                0x1000d1c0      0x110 CMakeFiles/PF_2_embarcatech.dir/home/thiago/.pico-sdk/sdk/2.1.0/lib/lwip/src/core/tcp_out.c.o
                0x1000d1c0                tcp_zero_window_probe
 .text.tcpip_tcp_timer
                0x1000d2d0       0x78 CMakeFiles/PF_2_embarcatech.dir/home/thiago/.pico-sdk/sdk/2.1.0/lib/lwip/src/core/timeouts.c.o
 .text.lwip_cyclic_timer
                0x1000d348       0x98 CMakeFiles/PF_2_embarcatech.dir/home/thiago/.pico-sdk/sdk/2.1.0/lib/lwip/src/core/timeouts.c.o
 .text.tcp_timer_needed
                0x1000d3e0       0x7c CMakeFiles/PF_2_embarcatech.dir/home/thiago/.pico-sdk/sdk/2.1.0/lib/lwip/src/core/timeouts.c.o
                0x1000d3e0                tcp_timer_needed
 .text.sys_timeouts_init
                0x1000d45c       0x8c CMakeFiles/PF_2_embarcatech.dir/home/thiago/.pico-sdk/sdk/2.1.0/lib/lwip/src/core/timeouts.c.o
                0x1000d45c                sys_timeouts_init
 .text.sys_check_timeouts
                0x1000d4e8       0x68 CMakeFiles/PF_2_embarcatech.dir/home/thiago/.pico-sdk/sdk/2.1.0/lib/lwip/src/core/timeouts.c.o
                0x1000d4e8                sys_check_timeouts
 .text.sys_timeouts_sleeptime
                0x1000d550       0x28 CMakeFiles/PF_2_embarcatech.dir/home/thiago/.pico-sdk/sdk/2.1.0/lib/lwip/src/core/timeouts.c.o
                0x1000d550                sys_timeouts_sleeptime
 .text.udp_init
                0x1000d578       0x20 CMakeFiles/PF_2_embarcatech.dir/home/thiago/.pico-sdk/sdk/2.1.0/lib/lwip/src/core/udp.c.o
                0x1000d578                udp_init
 .text.udp_input
                0x1000d598      0x320 CMakeFiles/PF_2_embarcatech.dir/home/thiago/.pico-sdk/sdk/2.1.0/lib/lwip/src/core/udp.c.o
                0x1000d598                udp_input
 .text.udp_bind
                0x1000d8b8      0x118 CMakeFiles/PF_2_embarcatech.dir/home/thiago/.pico-sdk/sdk/2.1.0/lib/lwip/src/core/udp.c.o
                0x1000d8b8                udp_bind
 .text.udp_sendto_if_src
                0x1000d9d0      0x130 CMakeFiles/PF_2_embarcatech.dir/home/thiago/.pico-sdk/sdk/2.1.0/lib/lwip/src/core/udp.c.o
                0x1000d9d0                udp_sendto_if_src
 .text.udp_sendto_if
                0x1000db00       0x48 CMakeFiles/PF_2_embarcatech.dir/home/thiago/.pico-sdk/sdk/2.1.0/lib/lwip/src/core/udp.c.o
                0x1000db00                udp_sendto_if
 .text.udp_sendto
                0x1000db48       0x78 CMakeFiles/PF_2_embarcatech.dir/home/thiago/.pico-sdk/sdk/2.1.0/lib/lwip/src/core/udp.c.o
                0x1000db48                udp_sendto
 .text.udp_connect
                0x1000dbc0       0x60 CMakeFiles/PF_2_embarcatech.dir/home/thiago/.pico-sdk/sdk/2.1.0/lib/lwip/src/core/udp.c.o
                0x1000dbc0                udp_connect
 .text.udp_recv
                0x1000dc20        0xc CMakeFiles/PF_2_embarcatech.dir/home/thiago/.pico-sdk/sdk/2.1.0/lib/lwip/src/core/udp.c.o
                0x1000dc20                udp_recv
 .text.udp_remove
                0x1000dc2c       0x3c CMakeFiles/PF_2_embarcatech.dir/home/thiago/.pico-sdk/sdk/2.1.0/lib/lwip/src/core/udp.c.o
                0x1000dc2c                udp_remove
 .text.udp_new  0x1000dc68       0x1c CMakeFiles/PF_2_embarcatech.dir/home/thiago/.pico-sdk/sdk/2.1.0/lib/lwip/src/core/udp.c.o
                0x1000dc68                udp_new
 .text.udp_netif_ip_addr_changed
                0x1000dc84       0x40 CMakeFiles/PF_2_embarcatech.dir/home/thiago/.pico-sdk/sdk/2.1.0/lib/lwip/src/core/udp.c.o
                0x1000dc84                udp_netif_ip_addr_changed
 .text.dhcp_create_msg
                0x1000dcc4      0x164 CMakeFiles/PF_2_embarcatech.dir/home/thiago/.pico-sdk/sdk/2.1.0/lib/lwip/src/core/ipv4/dhcp.c.o
 .text.dhcp_inc_pcb_refcount
                0x1000de28       0x6c CMakeFiles/PF_2_embarcatech.dir/home/thiago/.pico-sdk/sdk/2.1.0/lib/lwip/src/core/ipv4/dhcp.c.o
 .text.dhcp_bind
                0x1000de94      0x138 CMakeFiles/PF_2_embarcatech.dir/home/thiago/.pico-sdk/sdk/2.1.0/lib/lwip/src/core/ipv4/dhcp.c.o
 .text.dhcp_option_hostname.isra.0
                0x1000dfcc       0x84 CMakeFiles/PF_2_embarcatech.dir/home/thiago/.pico-sdk/sdk/2.1.0/lib/lwip/src/core/ipv4/dhcp.c.o
 .text.dhcp_handle_ack.isra.0
                0x1000e050       0xcc CMakeFiles/PF_2_embarcatech.dir/home/thiago/.pico-sdk/sdk/2.1.0/lib/lwip/src/core/ipv4/dhcp.c.o
 .text.dhcp_reboot.isra.0
                0x1000e11c      0x178 CMakeFiles/PF_2_embarcatech.dir/home/thiago/.pico-sdk/sdk/2.1.0/lib/lwip/src/core/ipv4/dhcp.c.o
 .text.dhcp_discover
                0x1000e294      0x140 CMakeFiles/PF_2_embarcatech.dir/home/thiago/.pico-sdk/sdk/2.1.0/lib/lwip/src/core/ipv4/dhcp.c.o
 .text.dhcp_select.isra.0
                0x1000e3d4      0x1e0 CMakeFiles/PF_2_embarcatech.dir/home/thiago/.pico-sdk/sdk/2.1.0/lib/lwip/src/core/ipv4/dhcp.c.o
 .text.dhcp_recv
                0x1000e5b4      0x47c CMakeFiles/PF_2_embarcatech.dir/home/thiago/.pico-sdk/sdk/2.1.0/lib/lwip/src/core/ipv4/dhcp.c.o
 .text.dhcp_set_struct
                0x1000ea30       0x44 CMakeFiles/PF_2_embarcatech.dir/home/thiago/.pico-sdk/sdk/2.1.0/lib/lwip/src/core/ipv4/dhcp.c.o
                0x1000ea30                dhcp_set_struct
 .text.dhcp_network_changed_link_up
                0x1000ea74       0x40 CMakeFiles/PF_2_embarcatech.dir/home/thiago/.pico-sdk/sdk/2.1.0/lib/lwip/src/core/ipv4/dhcp.c.o
                0x1000ea74                dhcp_network_changed_link_up
 .text.dhcp_renew
                0x1000eab4      0x138 CMakeFiles/PF_2_embarcatech.dir/home/thiago/.pico-sdk/sdk/2.1.0/lib/lwip/src/core/ipv4/dhcp.c.o
                0x1000eab4                dhcp_renew
 .text.dhcp_release_and_stop
                0x1000ebec      0x158 CMakeFiles/PF_2_embarcatech.dir/home/thiago/.pico-sdk/sdk/2.1.0/lib/lwip/src/core/ipv4/dhcp.c.o
                0x1000ebec                dhcp_release_and_stop
 .text.dhcp_start
                0x1000ed44       0xb0 CMakeFiles/PF_2_embarcatech.dir/home/thiago/.pico-sdk/sdk/2.1.0/lib/lwip/src/core/ipv4/dhcp.c.o
                0x1000ed44                dhcp_start
 .text.dhcp_coarse_tmr
                0x1000edf4      0x1d8 CMakeFiles/PF_2_embarcatech.dir/home/thiago/.pico-sdk/sdk/2.1.0/lib/lwip/src/core/ipv4/dhcp.c.o
                0x1000edf4                dhcp_coarse_tmr
 .text.dhcp_fine_tmr
                0x1000efcc       0x78 CMakeFiles/PF_2_embarcatech.dir/home/thiago/.pico-sdk/sdk/2.1.0/lib/lwip/src/core/ipv4/dhcp.c.o
                0x1000efcc                dhcp_fine_tmr
 .text.dhcp_stop
                0x1000f044      0x158 CMakeFiles/PF_2_embarcatech.dir/home/thiago/.pico-sdk/sdk/2.1.0/lib/lwip/src/core/ipv4/dhcp.c.o
                0x1000f044                dhcp_stop
 .text.etharp_find_entry
                0x1000f19c      0x3c0 CMakeFiles/PF_2_embarcatech.dir/home/thiago/.pico-sdk/sdk/2.1.0/lib/lwip/src/core/ipv4/etharp.c.o
 .text.etharp_raw
                0x1000f55c       0xec CMakeFiles/PF_2_embarcatech.dir/home/thiago/.pico-sdk/sdk/2.1.0/lib/lwip/src/core/ipv4/etharp.c.o
 .text.etharp_output_to_arp_index
                0x1000f648       0xd0 CMakeFiles/PF_2_embarcatech.dir/home/thiago/.pico-sdk/sdk/2.1.0/lib/lwip/src/core/ipv4/etharp.c.o
 .text.etharp_tmr
                0x1000f718       0x94 CMakeFiles/PF_2_embarcatech.dir/home/thiago/.pico-sdk/sdk/2.1.0/lib/lwip/src/core/ipv4/etharp.c.o
                0x1000f718                etharp_tmr
 .text.etharp_cleanup_netif
                0x1000f7ac      0x188 CMakeFiles/PF_2_embarcatech.dir/home/thiago/.pico-sdk/sdk/2.1.0/lib/lwip/src/core/ipv4/etharp.c.o
                0x1000f7ac                etharp_cleanup_netif
 .text.etharp_input
                0x1000f934      0x1b8 CMakeFiles/PF_2_embarcatech.dir/home/thiago/.pico-sdk/sdk/2.1.0/lib/lwip/src/core/ipv4/etharp.c.o
                0x1000f934                etharp_input
 .text.etharp_query
                0x1000faec      0x1b8 CMakeFiles/PF_2_embarcatech.dir/home/thiago/.pico-sdk/sdk/2.1.0/lib/lwip/src/core/ipv4/etharp.c.o
                0x1000faec                etharp_query
 .text.etharp_output
                0x1000fca4      0x24c CMakeFiles/PF_2_embarcatech.dir/home/thiago/.pico-sdk/sdk/2.1.0/lib/lwip/src/core/ipv4/etharp.c.o
                0x1000fca4                etharp_output
 .text.etharp_request
                0x1000fef0       0x2c CMakeFiles/PF_2_embarcatech.dir/home/thiago/.pico-sdk/sdk/2.1.0/lib/lwip/src/core/ipv4/etharp.c.o
                0x1000fef0                etharp_request
 .text.icmp_input
                0x1000ff1c      0x1ec CMakeFiles/PF_2_embarcatech.dir/home/thiago/.pico-sdk/sdk/2.1.0/lib/lwip/src/core/ipv4/icmp.c.o
                0x1000ff1c                icmp_input
 .text.icmp_dest_unreach
                0x10010108       0xcc CMakeFiles/PF_2_embarcatech.dir/home/thiago/.pico-sdk/sdk/2.1.0/lib/lwip/src/core/ipv4/icmp.c.o
                0x10010108                icmp_dest_unreach
 .text.icmp_time_exceeded
                0x100101d4       0xcc CMakeFiles/PF_2_embarcatech.dir/home/thiago/.pico-sdk/sdk/2.1.0/lib/lwip/src/core/ipv4/icmp.c.o
                0x100101d4                icmp_time_exceeded
 .text.ip_reass_free_complete_datagram
                0x100102a0      0x11c CMakeFiles/PF_2_embarcatech.dir/home/thiago/.pico-sdk/sdk/2.1.0/lib/lwip/src/core/ipv4/ip4_frag.c.o
 .text.ip_reass_remove_oldest_datagram
                0x100103bc       0xd8 CMakeFiles/PF_2_embarcatech.dir/home/thiago/.pico-sdk/sdk/2.1.0/lib/lwip/src/core/ipv4/ip4_frag.c.o
 .text.ip_reass_tmr
                0x10010494       0x30 CMakeFiles/PF_2_embarcatech.dir/home/thiago/.pico-sdk/sdk/2.1.0/lib/lwip/src/core/ipv4/ip4_frag.c.o
                0x10010494                ip_reass_tmr
 .text.ip4_reass
                0x100104c4      0x560 CMakeFiles/PF_2_embarcatech.dir/home/thiago/.pico-sdk/sdk/2.1.0/lib/lwip/src/core/ipv4/ip4_frag.c.o
                0x100104c4                ip4_reass
 .text.ip4_frag